$ bun run images && astro build && node scripts/generate-csp.mjs
$ node scripts/optimize-images.js
🔥 OPTIMISATION IMAGES : START
🎯 Cible: 1600px max @ Q68 (AVIF)
⚠️  Aucune image trouvée dans le dossier "originals".
23:14:44 [content] Syncing content
23:14:44 [content] Synced content
23:14:44 [types] Generated 513ms
23:14:44 [build] output: "static"
23:14:44 [build] mode: "static"
23:14:44 [build] directory: /app/dist/
23:14:44 [build] Collecting build info...
23:14:44 [build] ✓ Completed in 582ms.
23:14:44 [build] Building static entrypoints...
23:14:48 [astro-icon] Loaded icons from src/icons, mdi
23:14:49 [WARN] [vite] [esbuild css minify]
▲ [WARNING] Expected identifier but found whitespace [css-syntax-error]

    <stdin>:325:8:
      325 │   height: 100%;astro-embed-mastodon::part(preview-card-authors) {
          ╵          ^


▲ [WARNING] Unexpected "100%" [css-syntax-error]

    <stdin>:325:9:
      325 │   height: 100%;astro-embed-mastodon::part(preview-card-authors) {
          ╵           ~~~~


23:14:49 [vite] ✓ built in 4.94s
23:14:49 [build] ✓ Completed in 5.05s.

 building client (vite)
23:14:49 [vite] transforming...
23:14:50 [vite] ✓ 40 modules transformed.
23:14:50 [vite] rendering chunks...
23:14:50 [vite] computing gzip size...
23:14:50 [vite] dist/manifest.webmanifest                                                    0.35 kB
23:14:50 [vite] dist/_astro/page.Y0S_Vvd2.js                                                 0.05 kB │ gzip:  0.07 kB
23:14:50 [vite] dist/_astro/Base.astro_astro_type_script_index_0_lang.D9qPkaHH.js            0.80 kB │ gzip:  0.47 kB
23:14:50 [vite] dist/_astro/preload-helper.BlTxHScW.js                                       1.11 kB │ gzip:  0.65 kB
23:14:50 [vite] dist/_astro/VideoPlayer.astro_astro_type_script_index_0_lang.CmyQm_JF.js     1.94 kB │ gzip:  0.85 kB
23:14:50 [vite] dist/_astro/index.B4l80GFz.js                                                2.30 kB │ gzip:  1.04 kB
23:14:50 [vite] dist/_astro/Lightbox.astro_astro_type_script_index_0_lang.DgQjsrST.js        5.58 kB │ gzip:  1.63 kB
23:14:50 [vite] dist/_astro/workbox-window.prod.es5.BIl4cyR9.js                              5.76 kB │ gzip:  2.37 kB
23:14:50 [vite] dist/_astro/ContactForm.astro_astro_type_script_index_0_lang.BfvcBf6e.js     5.78 kB │ gzip:  2.16 kB
23:14:50 [vite] dist/_astro/ClientRouter.astro_astro_type_script_index_0_lang.CQFiFTFJ.js   13.11 kB │ gzip:  4.54 kB
23:14:50 [vite] dist/_astro/plyr.-6fK-4aq.js                                               113.20 kB │ gzip: 33.65 kB
23:14:50 [vite] ✓ built in 624ms

PWA v1.2.0
mode      generateSW
precache  797 entries (82561.91 KiB)
files generated
  dist/sw.js
  dist/workbox-8c29f6e4.js

 generating static routes
23:14:53 ▶ src/pages/404.astro
23:14:53   └─ /404.html (+43ms)
23:14:53 ▶ src/pages/about.astro
23:14:53   └─ /about/index.html (+11ms)
23:14:53 λ src/pages/og/[slug].png.ts
23:14:53   ├─ /og/48h-geneve-2024.png (+1.68s)
23:14:55   ├─ /og/48h-geneve-2025.png (+1.47s)
23:14:56   ├─ /og/48h-lausanne-2024.png (+1.54s)
23:14:58   ├─ /og/48h-vevey-2025.png (+1.51s)
23:14:59   ├─ /og/corps-et-ame.png (+1.40s)
23:15:01   ├─ /og/frencha-clip.png (+1.45s)
23:15:02   ├─ /og/izia-fete-musique.png (+1.52s)
23:15:04   ├─ /og/izia-proudrebel.png (+1.42s)
23:15:05   ├─ /og/jimmy-cpdv.png (+1.36s)
23:15:06   ├─ /og/lamia-clip.png (+1.36s)
23:15:08   ├─ /og/larev.png (+1.53s)
23:15:09   ├─ /og/lola-clip.png (+1.43s)
23:15:11   ├─ /og/nuage.png (+1.44s)
23:15:12   ├─ /og/paternelle-2024.png (+1.58s)
23:15:14   ├─ /og/paternelle-2025.png (+1.60s)
23:15:15   ├─ /og/paternelle.png (+1.40s)
23:15:17   ├─ /og/producteur.png (+1.39s)
23:15:18   └─ /og/xxcent-sourire.png (+1.59s)
23:15:20 ▶ src/pages/project/tag/[tag].astro
23:15:20   ├─ /project/tag/court-métrage/index.html (+15ms)
23:15:20   ├─ /project/tag/documentaire/index.html (+7ms)
23:15:20   ├─ /project/tag/clip musical/index.html (+13ms)
23:15:20   ├─ /project/tag/photo/index.html (+6ms)
23:15:20   ├─ /project/tag/événementiel/index.html (+7ms)
23:15:20   ├─ /project/tag/communication/index.html (+6ms)
23:15:20   └─ /project/tag/production/index.html (+7ms)
23:15:20 ▶ src/pages/project/[slug].astro
23:15:20   ├─ /project/paternelle-2025/index.html (+42ms)
23:15:20   ├─ /project/48h-geneve-2025/index.html (+295ms)
23:15:20   ├─ /project/48h-vevey-2025/index.html (+190ms)
23:15:20   ├─ /project/lamia-clip/index.html (+36ms)
23:15:20   ├─ /project/nuage/index.html (+15ms)
23:15:20   ├─ /project/corps-et-ame/index.html (+24ms)
23:15:20   ├─ /project/paternelle-2024/index.html (+29ms)
23:15:20   ├─ /project/48h-geneve-2024/index.html (+41ms)
23:15:20   ├─ /project/48h-lausanne-2024/index.html (+44ms)
23:15:20   ├─ /project/izia-proudrebel/index.html (+78ms)
23:15:21   ├─ /project/xxcent-sourire/index.html (+38ms)
23:15:21   ├─ /project/izia-fete-musique/index.html (+46ms)
23:15:21   ├─ /project/larev/index.html (+64ms)
23:15:21   ├─ /project/frencha-clip/index.html (+50ms)
23:15:21   ├─ /project/lola-clip/index.html (+20ms)
23:15:21   ├─ /project/paternelle/index.html (+15ms)
23:15:21   ├─ /project/producteur/index.html (+15ms)
23:15:21   └─ /project/jimmy-cpdv/index.html (+14ms)
23:15:21 ▶ src/pages/project/[...page].astro
23:15:21   └─ /project/index.html (+16ms)
23:15:21 λ src/pages/robots.txt.ts
23:15:21   └─ /robots.txt (+1ms)
23:15:21 λ src/pages/rss.xml.js
23:15:21   └─ /rss.xml23:15:21 [WARN] [router] No API Route handler exists for the method "GET" for the route "/rss.xml".
Found handlers: "get"

 (+0ms) (file not created, response body was empty)
23:15:21 ▶ src/pages/[slug].astro
23:15:21   ├─ /48h-geneve-2024/index.html (+58ms)
23:15:21   ├─ /48h-geneve-2025/index.html (+30ms)
23:15:21   ├─ /48h-lausanne-2024/index.html (+29ms)
23:15:21   ├─ /48h-vevey-2025/index.html (+19ms)
23:15:21   ├─ /corps-et-ame/index.html (+12ms)
23:15:21   ├─ /frencha-clip/index.html (+42ms)
23:15:21   ├─ /izia-fete-musique/index.html (+36ms)
23:15:21   ├─ /izia-proudrebel/index.html (+60ms)
23:15:21   ├─ /jimmy-cpdv/index.html (+7ms)
23:15:21   ├─ /lamia-clip/index.html (+23ms)
23:15:21   ├─ /larev/index.html (+49ms)
23:15:21   ├─ /lola-clip/index.html (+17ms)
23:15:21   ├─ /nuage/index.html (+7ms)
23:15:21   ├─ /paternelle-2024/index.html (+12ms)
23:15:21   ├─ /paternelle-2025/index.html (+20ms)
23:15:21   ├─ /paternelle/index.html (+6ms)
23:15:21   ├─ /producteur/index.html (+6ms)
23:15:21   └─ /xxcent-sourire/index.html (+26ms)
23:15:21 ▶ src/pages/index.astro
23:15:21   └─ /index.html (+14ms)
23:15:21 ✓ Completed in 28.63s.

 generating optimized images
23:15:21   ▶ /_astro/IMG_6078.CDlPJASs_1SmVPB.avif (reused cache entry) (+4ms) (1/5650)
23:15:21   ▶ /_astro/_MG_8907.DhauI7Od_16DDnY.avif (reused cache entry) (+4ms) (2/5650)
23:15:21   ▶ /_astro/logo.CfyOH8U4_s7Buf.avif (reused cache entry) (+5ms) (3/5650)
23:15:21   ▶ /_astro/logo.CfyOH8U4_1OkGzB.avif (reused cache entry) (+2ms) (4/5650)
23:15:21   ▶ /_astro/_MG_8907.DhauI7Od_Z2ppdFp.avif (reused cache entry) (+2ms) (5/5650)
23:15:21   ▶ /_astro/Version7.BUCpGf9e_ZRvL83.avif (reused cache entry) (+6ms) (6/5650)
23:15:21   ▶ /_astro/IMG_6078.CDlPJASs_Z231jyJ.avif (reused cache entry) (+2ms) (7/5650)
23:15:21   ▶ /_astro/_MG_8907.DhauI7Od_Z1nKBzR.avif (reused cache entry) (+2ms) (8/5650)
23:15:21   ▶ /_astro/logo.CfyOH8U4_Z2d1zHN.avif (reused cache entry) (+3ms) (9/5650)
23:15:21   ▶ /_astro/IMG_6078.CDlPJASs_1fjpkA.webp (reused cache entry) (+2ms) (10/5650)
23:15:21   ▶ /_astro/Version7.BUCpGf9e_Z2qE2RA.avif (reused cache entry) (+3ms) (11/5650)
23:15:21   ▶ /_astro/logo.CfyOH8U4_Z1GwPLP.avif (reused cache entry) (+2ms) (12/5650)
23:15:21   ▶ /_astro/_MG_8907.DhauI7Od_164YNi.webp (reused cache entry) (+2ms) (13/5650)
23:15:21   ▶ /_astro/Version7.BUCpGf9e_y74YT.avif (reused cache entry) (+2ms) (14/5650)
23:15:21   ▶ /_astro/IMG_6078.CDlPJASs_2o7hJb.webp (reused cache entry) (+2ms) (15/5650)
23:15:21   ▶ /_astro/IMG_6078.CDlPJASs_ZHuyaY.avif (reused cache entry) (+1ms) (16/5650)
23:15:21   ▶ /_astro/_MG_8907.DhauI7Od_Z2pXRg6.webp (reused cache entry) (+1ms) (17/5650)
23:15:21   ▶ /_astro/Version7.BUCpGf9e_ZS5pHJ.webp (reused cache entry) (+1ms) (18/5650)
23:15:21   ▶ /_astro/logo.CfyOH8U4_ZC0uR8.avif (reused cache entry) (+1ms) (19/5650)
23:15:21   ▶ /_astro/Version7.BUCpGf9e_Z2rdGsh.webp (reused cache entry) (+1ms) (20/5650)
23:15:21   ▶ /_astro/IMG_6078.CDlPJASs_Z1ly5G0.webp (reused cache entry) (+2ms) (21/5650)
23:15:21   ▶ /_astro/_MG_8907.DhauI7Od_Z1FmIId.webp (reused cache entry) (+2ms) (22/5650)
23:15:21   ▶ /_astro/logo.CfyOH8U4_2cCUWw.webp (reused cache entry) (+1ms) (23/5650)
23:15:21   ▶ /_astro/IMG_6078.CDlPJASs_Z2kqsTu.webp (reused cache entry) (+2ms) (24/5650)
23:15:21   ▶ /_astro/_MG_8907.DhauI7Od_ZLwIWg.webp (reused cache entry) (+2ms) (25/5650)
23:15:21   ▶ /_astro/Version7.BUCpGf9e_guWQy.webp (reused cache entry) (+3ms) (26/5650)
23:15:21   ▶ /_astro/logo.CfyOH8U4_Z1N1QVH.webp (reused cache entry) (+2ms) (27/5650)
23:15:21   ▶ /_astro/IMG_6078.CDlPJASs_Z2edih5.avif (reused cache entry) (+1ms) (28/5650)
23:15:21   ▶ /_astro/_MG_8907.DhauI7Od_2icYW1.avif (reused cache entry) (+1ms) (29/5650)
23:15:21   ▶ /_astro/IMG_6078.CDlPJASs_1qOjPh.avif (reused cache entry) (+1ms) (30/5650)
23:15:21   ▶ /_astro/_MG_8907.DhauI7Od_1954Ks.avif (reused cache entry) (+1ms) (31/5650)
23:15:21   ▶ /_astro/Version7.BUCpGf9e_1akWCv.webp (reused cache entry) (+3ms) (32/5650)
23:15:21   ▶ /_astro/nuage.CL4AUDyI_2hUeak.avif (reused cache entry) (+2ms) (33/5650)
23:15:21   ▶ /_astro/_MG_8907.DhauI7Od_23O5Ic.avif (reused cache entry) (+1ms) (34/5650)
23:15:21   ▶ /_astro/IMG_6078.CDlPJASs_1HFQyi.avif (reused cache entry) (+1ms) (35/5650)
23:15:21   ▶ /_astro/nuage.CL4AUDyI_1PJDm0.avif (reused cache entry) (+2ms) (36/5650)
23:15:21   ▶ /_astro/_MG_8907.DhauI7Od_Z2pcIue.webp (reused cache entry) (+2ms) (37/5650)
23:15:21   ▶ /_astro/nuage.CL4AUDyI_Z2w7o2b.avif (reused cache entry) (+1ms) (38/5650)
23:15:21   ▶ /_astro/_MG_8907.DhauI7Od_1ruQhg.webp (reused cache entry) (+1ms) (39/5650)
23:15:21   ▶ /_astro/IMG_6078.CDlPJASs_1UOnlv.webp (reused cache entry) (+2ms) (40/5650)
23:15:21   ▶ /_astro/Version7.BUCpGf9e_ZP6rh9.avif (reused cache entry) (+3ms) (41/5650)
23:15:21   ▶ /_astro/_MG_8907.DhauI7Od_2meRf0.webp (reused cache entry) (+2ms) (42/5650)
23:15:21   ▶ /_astro/nuage.CL4AUDyI_1hC1z5.webp (reused cache entry) (+2ms) (43/5650)
23:15:21   ▶ /_astro/IMG_6078.CDlPJASs_14Ck3h.webp (reused cache entry) (+2ms) (44/5650)
23:15:21   ▶ /_astro/Version7.BUCpGf9e_Z2odBv7.avif (reused cache entry) (+2ms) (45/5650)
23:15:21   ▶ /_astro/IMG_6078.CDlPJASs_Z2mrzbI.webp (reused cache entry) (+3ms) (46/5650)
23:15:21   ▶ /_astro/nuage.CL4AUDyI_PrqKK.webp (reused cache entry) (+3ms) (47/5650)
23:15:21   ▶ /_astro/Version7.BUCpGf9e_Z1ttAxn.avif (reused cache entry) (+3ms) (48/5650)
23:15:21   ▶ /_astro/_MG_8907.DhauI7Od_1wH9Ep.avif (reused cache entry) (+3ms) (49/5650)
23:15:21   ▶ /_astro/nuage.CL4AUDyI_1U1dgJ.webp (reused cache entry) (+2ms) (50/5650)
23:15:21   ▶ /_astro/_MG_8907.DhauI7Od_Z14JOlB.avif (reused cache entry) (+2ms) (51/5650)
23:15:21   ▶ /_astro/IMG_6078.CDlPJASs_Z1ev9Qk.avif (reused cache entry) (+2ms) (52/5650)
23:15:21   ▶ /_astro/Version7.BUCpGf9e_Zsk1Ts.webp (reused cache entry) (+2ms) (53/5650)
23:15:21   ▶ /_astro/_MG_8907.DhauI7Od_ZqR2vY.avif (reused cache entry) (+2ms) (54/5650)
23:15:21   ▶ /_astro/Version7.BUCpGf9e_Z25MOYj.webp (reused cache entry) (+2ms) (55/5650)
23:15:21   ▶ /_astro/IMG_6078.CDlPJASs_Z2oTqR6.avif (reused cache entry) (+2ms) (56/5650)
23:15:21   ▶ /_astro/nuage.CL4AUDyI_7nL3L.webp (reused cache entry) (+2ms) (57/5650)
23:15:21   ▶ /_astro/_MG_8907.DhauI7Od_Zr2AoH.avif (reused cache entry) (+2ms) (58/5650)
23:15:21   ▶ /_astro/nuage.CL4AUDyI_Z1sOh3b.avif (reused cache entry) (+2ms) (59/5650)
23:15:21   ▶ /_astro/Version7.BUCpGf9e_Z1b3O1z.webp (reused cache entry) (+2ms) (60/5650)
23:15:21   ▶ /_astro/IMG_6078.CDlPJASs_4ROJz.webp (reused cache entry) (+2ms) (61/5650)
23:15:21   ▶ /_astro/nuage.CL4AUDyI_DwIsS.avif (reused cache entry) (+3ms) (62/5650)
23:15:21   ▶ /_astro/_MG_8907.DhauI7Od_1f62w4.webp (reused cache entry) (+3ms) (63/5650)
23:15:21   ▶ /_astro/IMG_6078.CDlPJASs_Z15vrgc.webp (reused cache entry) (+3ms) (64/5650)
23:15:21   ▶ /_astro/Version7.BUCpGf9e_Z1ABhyK.avif (reused cache entry) (+4ms) (65/5650)
23:15:21   ▶ /_astro/IMG_6078.CDlPJASs_AaDXR.avif (reused cache entry) (+1ms) (66/5650)
23:15:21   ▶ /_astro/nuage.CL4AUDyI_Z2os4bm.avif (reused cache entry) (+1ms) (67/5650)
23:15:21   ▶ /_astro/_MG_8907.DhauI7Od_Z15jsVi.webp (reused cache entry) (+1ms) (68/5650)
23:15:21   ▶ /_astro/Version7.BUCpGf9e_s8CbK.avif (reused cache entry) (+2ms) (69/5650)
23:15:21   ▶ /_astro/IMG_6078.CDlPJASs_27hidt.avif (reused cache entry) (+2ms) (70/5650)
23:15:21   ▶ /_astro/nuage.CL4AUDyI_wdpr.avif (reused cache entry) (+2ms) (71/5650)
23:15:21   ▶ /_astro/_MG_8907.DhauI7Od_ZrqG6F.webp (reused cache entry) (+2ms) (72/5650)
23:15:21   ▶ /_astro/nuage.CL4AUDyI_Z1xKt8g.avif (reused cache entry) (+1ms) (73/5650)
23:15:21   ▶ /_astro/IMG_6078.CDlPJASs_Z26QTO9.avif (reused cache entry) (+2ms) (74/5650)
23:15:21   ▶ /_astro/_MG_8907.DhauI7Od_ZIDHx3.webp (reused cache entry) (+2ms) (75/5650)
23:15:21   ▶ /_astro/Version7.BUCpGf9e_161p1n.avif (reused cache entry) (+3ms) (76/5650)
23:15:21   ▶ /_astro/nuage.CL4AUDyI_tbWR.webp (reused cache entry) (+1ms) (77/5650)
23:15:21   ▶ /_astro/_MG_8907.DhauI7Od_Z17yl4S.avif (reused cache entry) (+1ms) (78/5650)
23:15:21   ▶ /_astro/IMG_6078.CDlPJASs_15aHu6.webp (reused cache entry) (+1ms) (79/5650)
23:15:21   ▶ /_astro/nuage.CL4AUDyI_1FqR2k.webp (reused cache entry) (+1ms) (80/5650)
23:15:21   ▶ /_astro/Version7.BUCpGf9e_1uP6b4.avif (reused cache entry) (+1ms) (81/5650)
23:15:21   ▶ /_astro/IMG_6078.CDlPJASs_1tdKHs.webp (reused cache entry) (+2ms) (82/5650)
23:15:21   ▶ /_astro/_MG_8907.DhauI7Od_1x5asL.avif (reused cache entry) (+3ms) (83/5650)
23:15:21   ▶ /_astro/nuage.CL4AUDyI_ZYKYaN.webp (reused cache entry) (+2ms) (84/5650)
23:15:21   ▶ /_astro/Version7.BUCpGf9e_Z1SdoH6.webp (reused cache entry) (+2ms) (85/5650)
23:15:21   ▶ /_astro/_MG_8907.DhauI7Od_AaCVJ.avif (reused cache entry) (+1ms) (86/5650)
23:15:21   ▶ /_astro/IMG_6078.CDlPJASs_2kgGtL.webp (reused cache entry) (+1ms) (87/5650)
23:15:21   ▶ /_astro/nuage.CL4AUDyI_Z2bO0Dh.webp (reused cache entry) (+1ms) (88/5650)
23:15:21   ▶ /_astro/Version7.BUCpGf9e_ryXB4.webp (reused cache entry) (+1ms) (89/5650)
23:15:21   ▶ /_astro/nuage.CL4AUDyI_Z19a2t5.avif (reused cache entry) (+1ms) (90/5650)
23:15:21   ▶ /_astro/Version7.BUCpGf9e_15rKqG.webp (reused cache entry) (+1ms) (91/5650)
23:15:21   ▶ /_astro/_MG_8907.DhauI7Od_Z1pasde.webp (reused cache entry) (+2ms) (92/5650)
23:15:21   ▶ /_astro/IMG_6078.CDlPJASs_1P9dz1.webp (reused cache entry) (+2ms) (93/5650)
23:15:21   ▶ /_astro/_MG_8907.DhauI7Od_1wvvS5.webp (reused cache entry) (+2ms) (94/5650)
23:15:21   ▶ /_astro/IMG_6078.CDlPJASs_26Ft45.webp (reused cache entry) (+2ms) (95/5650)
23:15:21   ▶ /_astro/nuage.CL4AUDyI_ZDJrDz.avif (reused cache entry) (+2ms) (96/5650)
23:15:21   ▶ /_astro/Version7.BUCpGf9e_1ddY2I.webp (reused cache entry) (+2ms) (97/5650)
23:15:21   ▶ /_astro/_MG_8907.DhauI7Od_zAYm3.webp (reused cache entry) (+1ms) (98/5650)
23:15:21   ▶ /_astro/IMG_6078.CDlPJASs_Z1z8e9y.webp (reused cache entry) (+2ms) (99/5650)
23:15:21   ▶ /_astro/_MG_8907.DhauI7Od_Z2q9btr.webp (reused cache entry) (+1ms) (100/5650)
23:15:21   ▶ /_astro/nuage.CL4AUDyI_Z1eMvgx.avif (reused cache entry) (+2ms) (101/5650)
23:15:21   ▶ /_astro/Version7.BUCpGf9e_OjluS.avif (reused cache entry) (+2ms) (102/5650)
23:15:21   ▶ /_astro/_MG_8907.DhauI7Od_ZJISLI.webp (reused cache entry) (+2ms) (103/5650)
23:15:21   ▶ /_astro/IMG_6078.CDlPJASs_Z22kgph.webp (reused cache entry) (+2ms) (104/5650)
23:15:21   ▶ /_astro/Version7.BUCpGf9e_Z20dvMN.avif (reused cache entry) (+2ms) (105/5650)
23:15:21   ▶ /_astro/nuage.CL4AUDyI_Z1MdyY6.webp (reused cache entry) (+3ms) (106/5650)
23:15:21   ▶ /_astro/48h-geneve-3.x7jtKVIG_Z1pjidm.avif (reused cache entry) (+3ms) (107/5650)
23:15:21   ▶ /_astro/_MG_8907.DhauI7Od_ZhV37Y.webp (reused cache entry) (+3ms) (108/5650)
23:15:21   ▶ /_astro/Version7.BUCpGf9e_2845u6.avif (reused cache entry) (+3ms) (109/5650)
23:15:21   ▶ /_astro/nuage.CL4AUDyI_Z1E2EeO.webp (reused cache entry) (+3ms) (110/5650)
23:15:21   ▶ /_astro/_MG_8907.DhauI7Od_Z1nOC3C.webp (reused cache entry) (+1ms) (111/5650)
23:15:21   ▶ /_astro/48h-geneve-3.x7jtKVIG_ZmkjtT.avif (reused cache entry) (+2ms) (112/5650)
23:15:21   ▶ /_astro/nuage.CL4AUDyI_Z2f5HQM.webp (reused cache entry) (+1ms) (113/5650)
23:15:21   ▶ /_astro/Version7.BUCpGf9e_wHemx.webp (reused cache entry) (+2ms) (114/5650)
23:15:21   ▶ /_astro/48h-geneve-3.x7jtKVIG_KWi8z.avif (reused cache entry) (+2ms) (115/5650)
23:15:21   ▶ /_astro/Version7.BUCpGf9e_Z20Manu.webp (reused cache entry) (+2ms) (116/5650)
23:15:21   ▶ /_astro/48H-Lausanne-05.CO18rod4_Ze9kNt.avif (reused cache entry) (+2ms) (117/5650)
23:15:21   ▶ /_astro/_MG_8618.DjxVx3P0_Z1W1e3W.avif (reused cache entry) (+2ms) (118/5650)
23:15:21   ▶ /_astro/48H-Lausanne-05.CO18rod4_ZX9qvJ.avif (reused cache entry) (+2ms) (119/5650)
23:15:21   ▶ /_astro/48h-geneve-3.x7jtKVIG_Z1QJh7a.webp (reused cache entry) (+2ms) (120/5650)
23:15:21   ▶ /_astro/_MG_8618.DjxVx3P0_ZnRWjp.avif (reused cache entry) (+2ms) (121/5650)
23:15:21   ▶ /_astro/Version7.BUCpGf9e_27uqTp.webp (reused cache entry) (+2ms) (122/5650)
23:15:21   ▶ /_astro/48h-geneve-3.x7jtKVIG_ZNKinH.webp (reused cache entry) (+2ms) (123/5650)
23:15:21   ▶ /_astro/48H-Lausanne-05.CO18rod4_Z2jYOHg.avif (reused cache entry) (+2ms) (124/5650)
23:15:21   ▶ /_astro/Version7.BUCpGf9e_ZSfIV5.webp (reused cache entry) (+2ms) (125/5650)
23:15:21   ▶ /_astro/_MG_8618.DjxVx3P0_23Fq8C.avif (reused cache entry) (+3ms) (126/5650)
23:15:21   ▶ /_astro/48H-Lausanne-05.CO18rod4_4gqHk.webp (reused cache entry) (+1ms) (127/5650)
23:15:21   ▶ /_astro/48h-geneve-3.x7jtKVIG_25lhJt.webp (reused cache entry) (+1ms) (128/5650)
23:15:21   ▶ /_astro/Version7.BUCpGf9e_M9xKD.webp (reused cache entry) (+1ms) (129/5650)
23:15:21   ▶ /_astro/_MG_8618.DjxVx3P0_Z1WzRDD.webp (reused cache entry) (+2ms) (130/5650)
23:15:21   ▶ /_astro/48h-geneve-3.x7jtKVIG_weSd4.webp (reused cache entry) (+2ms) (131/5650)
23:15:21   ▶ /_astro/48H-Lausanne-05.CO18rod4_ZEIDYV.webp (reused cache entry) (+2ms) (132/5650)
23:15:21   ▶ /_astro/Version7.BUCpGf9e_1eWopn.webp (reused cache entry) (+2ms) (133/5650)
23:15:21   ▶ /_astro/_MG_8618.DjxVx3P0_ZorAT6.webp (reused cache entry) (+1ms) (134/5650)
23:15:21   ▶ /_astro/48h-geneve-3.x7jtKVIG_Z1XFEGF.avif (reused cache entry) (+1ms) (135/5650)
23:15:21   ▶ /_astro/Version7.BUCpGf9e_93OtJ.webp (reused cache entry) (+1ms) (136/5650)
23:15:21   ▶ /_astro/48H-Lausanne-05.CO18rod4_1VTaCH.webp (reused cache entry) (+1ms) (137/5650)
23:15:21   ▶ /_astro/lamia.CsuqOG42_XCTgX.avif (reused cache entry) (+2ms) (138/5650)
23:15:21   ▶ /_astro/_MG_8618.DjxVx3P0_1L4j0h.webp (reused cache entry) (+2ms) (139/5650)
23:15:21   ▶ /_astro/48H-Lausanne-05.CO18rod4_XtcrU.webp (reused cache entry) (+2ms) (140/5650)
23:15:21   ▶ /_astro/48h-geneve-3.x7jtKVIG_2iPjEG.avif (reused cache entry) (+3ms) (141/5650)
23:15:21   ▶ /_astro/48H-Lausanne-05.CO18rod4_xMNbH.avif (reused cache entry) (+1ms) (142/5650)
23:15:21   ▶ /_astro/lamia.CsuqOG42_wsjsD.avif (reused cache entry) (+1ms) (143/5650)
23:15:21   ▶ /_astro/48h-geneve-3.x7jtKVIG_ZR0lwa.avif (reused cache entry) (+1ms) (144/5650)
23:15:21   ▶ /_astro/_MG_8618.DjxVx3P0_Z20LwFU.webp (reused cache entry) (+1ms) (145/5650)
23:15:21   ▶ /_astro/48H-Lausanne-05.CO18rod4_Zeyaiv.avif (reused cache entry) (+1ms) (146/5650)
23:15:21   ▶ /_astro/lamia.CsuqOG42_2qQMH3.avif (reused cache entry) (+1ms) (147/5650)
23:15:21   ▶ /_astro/_MG_8618.DjxVx3P0_Z1xUUGl.webp (reused cache entry) (+2ms) (148/5650)
23:15:21   ▶ /_astro/lamia.CsuqOG42_Z1Eijh.webp (reused cache entry) (+1ms) (149/5650)
23:15:21   ▶ /_astro/48h-geneve-3.x7jtKVIG_ZdaJpJ.avif (reused cache entry) (+2ms) (150/5650)
23:15:21   ▶ /_astro/48H-Lausanne-05.CO18rod4_1kfqWx.avif (reused cache entry) (+1ms) (151/5650)
23:15:21   ▶ /_astro/lamia.CsuqOG42_ZsOS7B.webp (reused cache entry) (+1ms) (152/5650)
23:15:21   ▶ /_astro/_MG_8618.DjxVx3P0_Z1mBLDl.avif (reused cache entry) (+1ms) (153/5650)
23:15:21   ▶ /_astro/48h-geneve-3.x7jtKVIG_Zkfwk.avif (reused cache entry) (+1ms) (154/5650)
23:15:21   ▶ /_astro/48H-Lausanne-05.CO18rod4_elivF.avif (reused cache entry) (+1ms) (155/5650)
23:15:21   ▶ /_astro/lamia.CsuqOG42_1MNgc2.webp (reused cache entry) (+1ms) (156/5650)
23:15:21   ▶ /_astro/_MG_8618.DjxVx3P0_Xo3SU.avif (reused cache entry) (+1ms) (157/5650)
23:15:21   ▶ /_astro/48H-Lausanne-05.CO18rod4_1vpmy6.avif (reused cache entry) (+1ms) (158/5650)
23:15:21   ▶ /_astro/48h-geneve-3.x7jtKVIG_Z1rWOxl.webp (reused cache entry) (+2ms) (159/5650)
23:15:21   ▶ /_astro/48H-Lausanne-05.CO18rod4_Z12QiLt.webp (reused cache entry) (+1ms) (160/5650)
23:15:21   ▶ /_astro/_MG_8618.DjxVx3P0_gSEUj.avif (reused cache entry) (+1ms) (161/5650)
23:15:21   ▶ /_astro/lamia.CsuqOG42_LYMOK.webp (reused cache entry) (+1ms) (162/5650)
23:15:21   ▶ /_astro/_MG_8618.DjxVx3P0_1HSBxu.avif (reused cache entry) (+1ms) (163/5650)
23:15:21   ▶ /_astro/48H-Lausanne-05.CO18rod4_1CFdtl.webp (reused cache entry) (+1ms) (164/5650)
23:15:21   ▶ /_astro/48h-geneve-3.x7jtKVIG_Z1jqkpX.webp (reused cache entry) (+2ms) (165/5650)
23:15:21   ▶ /_astro/lamia.CsuqOG42_EyUcy.avif (reused cache entry) (+1ms) (166/5650)
23:15:21   ▶ /_astro/_MG_8618.DjxVx3P0_1latgB.webp (reused cache entry) (+1ms) (167/5650)
23:15:21   ▶ /_astro/48H-Lausanne-05.CO18rod4_wL52t.webp (reused cache entry) (+1ms) (168/5650)
23:15:21   ▶ /_astro/lamia.CsuqOG42_wjLob.avif (reused cache entry) (+1ms) (169/5650)
23:15:21   ▶ /_astro/48h-geneve-3.x7jtKVIG_ZEAIjx.webp (reused cache entry) (+2ms) (170/5650)
23:15:21   ▶ /_astro/_MG_8618.DjxVx3P0_zjrr7.webp (reused cache entry) (+2ms) (171/5650)
23:15:21   ▶ /_astro/48H-Lausanne-05.CO18rod4_H7e58.webp (reused cache entry) (+2ms) (172/5650)
23:15:21   ▶ /_astro/lamia.CsuqOG42_1mrJJd.avif (reused cache entry) (+2ms) (173/5650)
23:15:21   ▶ /_astro/48h-geneve-3.x7jtKVIG_1j3J4z.webp (reused cache entry) (+2ms) (174/5650)
23:15:21   ▶ /_astro/lamia.CsuqOG42_Z1iK6sU.avif (reused cache entry) (+1ms) (175/5650)
23:15:21   ▶ /_astro/48H-Lausanne-05.CO18rod4_ZqFOad.avif (reused cache entry) (+2ms) (176/5650)
23:15:21   ▶ /_astro/_MG_8618.DjxVx3P0_TAt4w.webp (reused cache entry) (+2ms) (177/5650)
23:15:21   ▶ /_astro/48h-geneve-3.x7jtKVIG_1CNh8.avif (reused cache entry) (+2ms) (178/5650)
23:15:21   ▶ /_astro/lamia.CsuqOG42_Z1EXqcX.avif (reused cache entry) (+1ms) (179/5650)
23:15:21   ▶ /_astro/48H-Lausanne-05.CO18rod4_Z1UXguT.avif (reused cache entry) (+1ms) (180/5650)
23:15:21   ▶ /_astro/48h-geneve-3.x7jtKVIG_1dvdjp.avif (reused cache entry) (+2ms) (181/5650)
23:15:21   ▶ /_astro/48H-Lausanne-05.CO18rod4_ESq98.avif (reused cache entry) (+1ms) (182/5650)
23:15:21   ▶ /_astro/lamia.CsuqOG42_Z6IK6P.webp (reused cache entry) (+1ms) (183/5650)
23:15:21   ▶ /_astro/_MG_8618.DjxVx3P0_Z1MtoMJ.avif (reused cache entry) (+2ms) (184/5650)
23:15:21   ▶ /_astro/48h-geneve-3.x7jtKVIG_Z1Kyy9E.avif (reused cache entry) (+1ms) (185/5650)
23:15:21   ▶ /_astro/lamia.CsuqOG42_m9x8X.webp (reused cache entry) (+1ms) (186/5650)
23:15:21   ▶ /_astro/48H-Lausanne-05.CO18rod4_Z1eXWDb.webp (reused cache entry) (+1ms) (187/5650)
23:15:21   ▶ /_astro/_MG_8618.DjxVx3P0_VLr0o.avif (reused cache entry) (+1ms) (188/5650)
23:15:21   ▶ /_astro/48H-Lausanne-05.CO18rod4_Z1CxtY6.webp (reused cache entry) (+2ms) (189/5650)
23:15:21   ▶ /_astro/48h-geneve-3.x7jtKVIG_Z2fgSxo.avif (reused cache entry) (+2ms) (190/5650)
23:15:21   ▶ /_astro/lamia.CsuqOG42_Z2j3j4a.webp (reused cache entry) (+2ms) (191/5650)
23:15:21   ▶ /_astro/_MG_8618.DjxVx3P0_1zEdP1.avif (reused cache entry) (+2ms) (192/5650)
23:15:21   ▶ /_astro/48H-Lausanne-05.CO18rod4_XjcEV.webp (reused cache entry) (+2ms) (193/5650)
23:15:21   ▶ /_astro/48h-geneve-3.x7jtKVIG_1l1MS2.webp (reused cache entry) (+2ms) (194/5650)
23:15:21   ▶ /_astro/_MG_8618.DjxVx3P0_dxqzj.avif (reused cache entry) (+2ms) (195/5650)
23:15:21   ▶ /_astro/lamia.CsuqOG42_Z2j1WHY.webp (reused cache entry) (+2ms) (196/5650)
23:15:21   ▶ /_astro/48h-geneve-3.x7jtKVIG_L5epB.webp (reused cache entry) (+1ms) (197/5650)
23:15:21   ▶ /_astro/48H-Lausanne-05.CO18rod4_Z1pzgSi.webp (reused cache entry) (+1ms) (198/5650)
23:15:21   ▶ /_astro/_MG_8618.DjxVx3P0_Z255vV5.webp (reused cache entry) (+1ms) (199/5650)
23:15:21   ▶ /_astro/lamia.CsuqOG42_Z1gmYxM.avif (reused cache entry) (+1ms) (200/5650)
23:15:21   ▶ /_astro/48h-geneve-3.x7jtKVIG_Z2cYx3s.webp (reused cache entry) (+1ms) (201/5650)
23:15:21   ▶ /_astro/48H-Lausanne-05.CO18rod4_GcVDX.webp (reused cache entry) (+1ms) (202/5650)
23:15:21   ▶ /_astro/lamia.CsuqOG42_Z1X1LwV.avif (reused cache entry) (+1ms) (203/5650)
23:15:21   ▶ /_astro/_MG_8618.DjxVx3P0_VcMpH.webp (reused cache entry) (+1ms) (204/5650)
23:15:21   ▶ /_astro/_MG_8618.DjxVx3P0_1z5zfk.webp (reused cache entry) (+1ms) (205/5650)
23:15:21   ▶ /_astro/48H-Lausanne-05.CO18rod4_ZAMqf.webp (reused cache entry) (+2ms) (206/5650)
23:15:21   ▶ /_astro/lamia.CsuqOG42_2w7iE2.avif (reused cache entry) (+2ms) (207/5650)
23:15:21   ▶ /_astro/48h-geneve-3.x7jtKVIG_ZURSVu.webp (reused cache entry) (+2ms) (208/5650)
23:15:21   ▶ /_astro/lamia.CsuqOG42_Z1Tqw3N.webp (reused cache entry) (+1ms) (209/5650)
23:15:21   ▶ /_astro/48h-geneve-3.x7jtKVIG_1EadQC.webp (reused cache entry) (+1ms) (210/5650)
23:15:21   ▶ /_astro/48H-Lausanne-05.CO18rod4_1AlrUf.webp (reused cache entry) (+1ms) (211/5650)
23:15:21   ▶ /_astro/_MG_8618.DjxVx3P0_Z43Fy2.webp (reused cache entry) (+2ms) (212/5650)
23:15:21   ▶ /_astro/48h-geneve-3.x7jtKVIG_Z1YJUGR.webp (reused cache entry) (+1ms) (213/5650)
23:15:21   ▶ /_astro/lamia.CsuqOG42_26R9FK.webp (reused cache entry) (+1ms) (214/5650)
23:15:21   ▶ /_astro/proud-rebel.BwiRer6v_ZxoGL5.avif (reused cache entry) (+1ms) (215/5650)
23:15:21   ▶ /_astro/48h-geneve-3.x7jtKVIG_Z1rl1bE.webp (reused cache entry) (+1ms) (216/5650)
23:15:21   ▶ /_astro/lamia.CsuqOG42_1vO63M.webp (reused cache entry) (+1ms) (217/5650)
23:15:21   ▶ /_astro/proud-rebel.BwiRer6v_Z2bqSjg.avif (reused cache entry) (+1ms) (218/5650)
23:15:21   ▶ /_astro/_MG_8618.DjxVx3P0_CregT.avif (reused cache entry) (+2ms) (219/5650)
23:15:21   ▶ /_astro/48h-geneve-3.x7jtKVIG_Z2qHpac.webp (reused cache entry) (+1ms) (220/5650)
23:15:21   ▶ /_astro/_MG_8618.DjxVx3P0_Z1vzGYa.avif (reused cache entry) (+3ms) (221/5650)
23:15:21   ▶ /_astro/proud-rebel.BwiRer6v_2iEFw3.avif (reused cache entry) (+3ms) (222/5650)
23:15:21   ▶ /_astro/symbiony.C2B9hob2_nC41y.avif (reused cache entry) (+2ms) (223/5650)
23:15:22   ▶ /_astro/proud-rebel.BwiRer6v_1IMNMt.webp (reused cache entry) (+34ms) (224/5650)
23:15:22   ▶ /_astro/_MG_8618.DjxVx3P0_Z2suevc.avif (reused cache entry) (+34ms) (225/5650)
23:15:22   ▶ /_astro/symbiony.C2B9hob2_1VKkL6.avif (reused cache entry) (+34ms) (226/5650)
23:15:22   ▶ /_astro/proud-rebel.BwiRer6v_5KCfi.webp (reused cache entry) (+1ms) (227/5650)
23:15:22   ▶ /_astro/symbiony.C2B9hob2_1Eq86A.avif (reused cache entry) (+1ms) (228/5650)
23:15:22   ▶ /_astro/_MG_8618.DjxVx3P0_ZjDk7G.avif (reused cache entry) (+1ms) (229/5650)
23:15:22   ▶ /_astro/proud-rebel.BwiRer6v_1QeGCf.webp (reused cache entry) (+1ms) (230/5650)
23:15:22   ▶ /_astro/symbiony.C2B9hob2_n3pqR.webp (reused cache entry) (+1ms) (231/5650)
23:15:22   ▶ /_astro/_MG_8618.DjxVx3P0_kP78y.webp (reused cache entry) (+1ms) (232/5650)
23:15:22   ▶ /_astro/proud-rebel.BwiRer6v_BE5BP.webp (reused cache entry) (+1ms) (233/5650)
23:15:22   ▶ /_astro/symbiony.C2B9hob2_1VbGbp.webp (reused cache entry) (+1ms) (234/5650)
23:15:22   ▶ /_astro/_MG_8618.DjxVx3P0_Z1w9lyQ.webp (reused cache entry) (+1ms) (235/5650)
23:15:22   ▶ /_astro/proud-rebel.BwiRer6v_Z2dpmDk.avif (reused cache entry) (+1ms) (236/5650)
23:15:22   ▶ /_astro/symbiony.C2B9hob2_1mO0Xf.webp (reused cache entry) (+1ms) (237/5650)
23:15:22   ▶ /_astro/_MG_8618.DjxVx3P0_Z2t3S5S.webp (reused cache entry) (+1ms) (238/5650)
23:15:22   ▶ /_astro/proud-rebel.BwiRer6v_Z1fVMMg.avif (reused cache entry) (+1ms) (239/5650)
23:15:22   ▶ /_astro/symbiony.C2B9hob2_2pk13N.webp (reused cache entry) (+1ms) (240/5650)
23:15:22   ▶ /_astro/proud-rebel.BwiRer6v_2rKQrV.avif (reused cache entry) (+0ms) (241/5650)
23:15:22   ▶ /_astro/_MG_8618.DjxVx3P0_ZBfrg2.webp (reused cache entry) (+1ms) (242/5650)
23:15:22   ▶ /_astro/symbiony.C2B9hob2_gcAOx.avif (reused cache entry) (+1ms) (243/5650)
23:15:22   ▶ /_astro/proud-rebel.BwiRer6v_19XuaC.avif (reused cache entry) (+1ms) (244/5650)
23:15:22   ▶ /_astro/_MG_8618.DjxVx3P0_Z1hFXx4.webp (reused cache entry) (+1ms) (245/5650)
23:15:22   ▶ /_astro/symbiony.C2B9hob2_Zuies4.avif (reused cache entry) (+1ms) (246/5650)
23:15:22   ▶ /_astro/_MG_8618.DjxVx3P0_Z1m4fj9.webp (reused cache entry) (+0ms) (247/5650)
23:15:22   ▶ /_astro/proud-rebel.BwiRer6v_Z291VKd.avif (reused cache entry) (+1ms) (248/5650)
23:15:22   ▶ /_astro/symbiony.C2B9hob2_Z1MLoI2.avif (reused cache entry) (+1ms) (249/5650)
23:15:22   ▶ /_astro/_MG_8618.DjxVx3P0_wtAXS.webp (reused cache entry) (+1ms) (250/5650)
23:15:22   ▶ /_astro/proud-rebel.BwiRer6v_Z1HmLG4.webp (reused cache entry) (+0ms) (251/5650)
23:15:22   ▶ /_astro/symbiony.C2B9hob2_Z19SBSp.avif (reused cache entry) (+0ms) (252/5650)
23:15:22   ▶ /_astro/proud-rebel.BwiRer6v_ZldKMr.webp (reused cache entry) (+0ms) (253/5650)
23:15:22   ▶ /_astro/_MG_8618.DjxVx3P0_Z24wENY.webp (reused cache entry) (+1ms) (254/5650)
23:15:22   ▶ /_astro/symbiony.C2B9hob2_Z2t2Ywb.avif (reused cache entry) (+1ms) (255/5650)
23:15:22   ▶ /_astro/proud-rebel.BwiRer6v_Z1D184K.webp (reused cache entry) (+1ms) (256/5650)
23:15:22   ▶ /_astro/cactus-heart.CVeWgot7_1ApOET.avif (reused cache entry) (+0ms) (257/5650)
23:15:22   ▶ /_astro/symbiony.C2B9hob2_ZLTlAp.webp (reused cache entry) (+1ms) (258/5650)
23:15:22   ▶ /_astro/proud-rebel.BwiRer6v_2tJd9U.webp (reused cache entry) (+1ms) (259/5650)
23:15:22   ▶ /_astro/cactus-heart.CVeWgot7_Z2qMkpz.avif (reused cache entry) (+1ms) (260/5650)
23:15:22   ▶ /_astro/symbiony.C2B9hob2_Z1Nl3iI.webp (reused cache entry) (+1ms) (261/5650)
23:15:22   ▶ /_astro/cactus-heart.CVeWgot7_Z2sSqP3.avif (reused cache entry) (+0ms) (262/5650)
23:15:22   ▶ /_astro/proud-rebel.BwiRer6v_Z2hqSEb.avif (reused cache entry) (+1ms) (263/5650)
23:15:22   ▶ /_astro/symbiony.C2B9hob2_Z1asgt6.webp (reused cache entry) (+1ms) (264/5650)
23:15:22   ▶ /_astro/cactus-heart.CVeWgot7_18YPL6.webp (reused cache entry) (+1ms) (265/5650)
23:15:22   ▶ /_astro/proud-rebel.BwiRer6v_Z1Lgmnu.avif (reused cache entry) (+1ms) (266/5650)
23:15:22   ▶ /_astro/symbiony.C2B9hob2_2jx29p.webp (reused cache entry) (+0ms) (267/5650)
23:15:22   ▶ /_astro/cactus-heart.CVeWgot7_2bXOuy.webp (reused cache entry) (+1ms) (268/5650)
23:15:22   ▶ /_astro/proud-rebel.BwiRer6v_dTgng.avif (reused cache entry) (+0ms) (269/5650)
23:15:22   ▶ /_astro/symbiony.C2B9hob2_1UCoBz.avif (reused cache entry) (+1ms) (270/5650)
23:15:22   ▶ /_astro/proud-rebel.BwiRer6v_Z14oFhg.avif (reused cache entry) (+1ms) (271/5650)
23:15:22   ▶ /_astro/cactus-heart.CVeWgot7_Z19ure9.webp (reused cache entry) (+1ms) (272/5650)
23:15:22   ▶ /_astro/symbiony.C2B9hob2_O3A6l.avif (reused cache entry) (+1ms) (273/5650)
23:15:22   ▶ /_astro/proud-rebel.BwiRer6v_2lkgfW.webp (reused cache entry) (+1ms) (274/5650)
23:15:22   ▶ /_astro/symbiony.C2B9hob2_Z7PVpG.avif (reused cache entry) (+0ms) (275/5650)
23:15:22   ▶ /_astro/cactus-heart.CVeWgot7_2mAi3n.webp (reused cache entry) (+1ms) (276/5650)
23:15:22   ▶ /_astro/proud-rebel.BwiRer6v_uV9b4.webp (reused cache entry) (+0ms) (277/5650)
23:15:22   ▶ /_astro/symbiony.C2B9hob2_1D1hte.webp (reused cache entry) (+0ms) (278/5650)
23:15:22   ▶ /_astro/proud-rebel.BwiRer6v_2v6LVO.webp (reused cache entry) (+0ms) (279/5650)
23:15:22   ▶ /_astro/cactus-heart.CVeWgot7_Z8kfQm.avif (reused cache entry) (+1ms) (280/5650)
23:15:22   ▶ /_astro/symbiony.C2B9hob2_NtVvE.webp (reused cache entry) (+1ms) (281/5650)
23:15:22   ▶ /_astro/proud-rebel.BwiRer6v_Z1vOEb4.webp (reused cache entry) (+1ms) (282/5650)
23:15:22   ▶ /_astro/symbiony.C2B9hob2_Z8pA0n.webp (reused cache entry) (+0ms) (283/5650)
23:15:22   ▶ /_astro/cactus-heart.CVeWgot7_ZV0piV.avif (reused cache entry) (+1ms) (284/5650)
23:15:22   ▶ /_astro/cactus-heart.CVeWgot7_28ILm6.avif (reused cache entry) (+1ms) (285/5650)
23:15:22   ▶ /_astro/cactus-heart.CVeWgot7_Z2hCKlp.avif (reused cache entry) (+1ms) (286/5650)
23:15:22   ▶ /_astro/cactus-heart.CVeWgot7_1P19iY.avif (reused cache entry) (+1ms) (287/5650)
23:15:22   ▶ /_astro/cactus-heart.CVeWgot7_nnzhX.webp (reused cache entry) (+0ms) (288/5650)
23:15:22   ▶ /_astro/cactus-heart.CVeWgot7_1GiMsi.webp (reused cache entry) (+0ms) (289/5650)
23:15:22   ▶ /_astro/cactus-heart.CVeWgot7_2l8oyI.webp (reused cache entry) (+0ms) (290/5650)
23:15:22   ▶ /_astro/cactus-heart.CVeWgot7_Z1ULYT3.webp (reused cache entry) (+1ms) (291/5650)
23:15:22   ▶ /_astro/cactus-heart.CVeWgot7_1QYd7r.avif (reused cache entry) (+0ms) (292/5650)
23:15:22   ▶ /_astro/cactus-heart.CVeWgot7_ZPVMBg.avif (reused cache entry) (+1ms) (293/5650)
23:15:22   ▶ /_astro/cactus-heart.CVeWgot7_1fayIB.avif (reused cache entry) (+1ms) (294/5650)
23:15:22   ▶ /_astro/cactus-heart.CVeWgot7_ZoUtH5.avif (reused cache entry) (+0ms) (295/5650)
23:15:22   ▶ /_astro/cactus-heart.CVeWgot7_Z1SNV5A.webp (reused cache entry) (+0ms) (296/5650)
23:15:22   ▶ /_astro/cactus-heart.CVeWgot7_Z1imLv4.webp (reused cache entry) (+0ms) (297/5650)
23:15:22   ▶ /_astro/cactus-heart.CVeWgot7_MJzON.webp (reused cache entry) (+0ms) (298/5650)
23:15:22   ▶ /_astro/cactus-heart.CVeWgot7_TsuSO.webp (reused cache entry) (+0ms) (299/5650)
23:15:22   ▶ /_astro/cactus-heart.CVeWgot7_ZphM43.webp (reused cache entry) (+0ms) (300/5650)
23:15:22   ▶ /_astro/cactus-heart.CVeWgot7_10Ycbo.webp (reused cache entry) (+0ms) (301/5650)
23:15:22   ▶ /_astro/cactus-heart.CVeWgot7_1yo6GB.webp (reused cache entry) (+0ms) (302/5650)
23:15:22   ▶ /_astro/cactus-heart.CVeWgot7_z1HI4.webp (reused cache entry) (+0ms) (303/5650)
23:15:22   ▶ /_astro/IMG_0879 (Grand).CqnokKS1_20Argk.avif (reused cache entry) (+0ms) (304/5650)
23:15:22   ▶ /_astro/IMG_0879 (Grand).CqnokKS1_Z2R1aD.avif (reused cache entry) (+0ms) (305/5650)
23:15:22   ▶ /_astro/IMG_0879 (Grand).CqnokKS1_2bc5sN.webp (reused cache entry) (+0ms) (306/5650)
23:15:22   ▶ /_astro/IMG_0879 (Grand).CqnokKS1_7IC1P.webp (reused cache entry) (+0ms) (307/5650)
23:15:22   ▶ /_astro/IMG_0879 (Grand).CqnokKS1_woWQK.webp (reused cache entry) (+0ms) (308/5650)
23:15:22   ▶ /_astro/IMG_0879 (Grand).CqnokKS1_WaneH.webp (reused cache entry) (+0ms) (309/5650)
23:15:22   ▶ /_astro/IMG_0879 (Grand).CqnokKS1_Z108OF8.avif (reused cache entry) (+0ms) (310/5650)
23:15:22   ▶ /_astro/IMG_0879 (Grand).CqnokKS1_Z1G1jbO.avif (reused cache entry) (+0ms) (311/5650)
23:15:22   ▶ /_astro/IMG_0879 (Grand).CqnokKS1_ZCPkbT.avif (reused cache entry) (+0ms) (312/5650)
23:15:22   ▶ /_astro/IMG_0879 (Grand).CqnokKS1_EBhM.webp (reused cache entry) (+0ms) (313/5650)
23:15:22   ▶ /_astro/IMG_0879 (Grand).CqnokKS1_13PAhH.webp (reused cache entry) (+0ms) (314/5650)
23:15:22   ▶ /_astro/IMG_0879 (Grand).CqnokKS1_1hYP2u.avif (reused cache entry) (+0ms) (315/5650)
23:15:22   ▶ /_astro/IMG_0879 (Grand).CqnokKS1_Z1iIf6k.avif (reused cache entry) (+0ms) (316/5650)
23:15:22   ▶ /_astro/IMG_0879 (Grand).CqnokKS1_1ApByi.webp (reused cache entry) (+0ms) (317/5650)
23:15:22   ▶ /_astro/IMG_0879 (Grand).CqnokKS1_Z187ASQ.webp (reused cache entry) (+0ms) (318/5650)
23:15:22   ▶ /_astro/IMG_0879 (Grand).CqnokKS1_2sFSuz.avif (reused cache entry) (+0ms) (319/5650)
23:15:22   ▶ /_astro/IMG_0879 (Grand).CqnokKS1_Z1NSPVv.avif (reused cache entry) (+0ms) (320/5650)
23:15:22   ▶ /_astro/IMG_0879 (Grand).CqnokKS1_hKVNI.avif (reused cache entry) (+0ms) (321/5650)
23:15:22   ▶ /_astro/IMG_0879 (Grand).CqnokKS1_Z2j5sMy.webp (reused cache entry) (+0ms) (322/5650)
23:15:22   ▶ /_astro/IMG_0879 (Grand).CqnokKS1_Z1DicJ2.webp (reused cache entry) (+0ms) (323/5650)
23:15:22   ▶ /_astro/IMG_0879 (Grand).CqnokKS1_smA1c.webp (reused cache entry) (+0ms) (324/5650)
23:15:22   ▶ /_astro/IMG_0879 (Grand).CqnokKS1_1JE8Rm.webp (reused cache entry) (+0ms) (325/5650)
23:15:22   ▶ /_astro/IMG_0879 (Grand).CqnokKS1_Z2t1LlW.webp (reused cache entry) (+0ms) (326/5650)
23:15:22   ▶ /_astro/IMG_0879 (Grand).CqnokKS1_ZGc5kf.webp (reused cache entry) (+0ms) (327/5650)
23:15:22   ▶ /_astro/IMG_0879 (Grand).CqnokKS1_Z1zs3Bn.webp (reused cache entry) (+0ms) (328/5650)
23:15:22   ▶ /_astro/about-me.BCy9g3D-_ZjaMD4.avif (reused cache entry) (+0ms) (329/5650)
23:15:22   ▶ /_astro/about-me.BCy9g3D-_1kU93i.avif (reused cache entry) (+0ms) (330/5650)
23:15:22   ▶ /_astro/about-me.BCy9g3D-_1dOpFT.avif (reused cache entry) (+0ms) (331/5650)
23:15:22   ▶ /_astro/about-me.BCy9g3D-_aOfRa.webp (reused cache entry) (+0ms) (332/5650)
23:15:22   ▶ /_astro/about-me.BCy9g3D-_1OUcyw.webp (reused cache entry) (+0ms) (333/5650)
23:15:22   ▶ /_astro/about-me.BCy9g3D-_1dfL6d.webp (reused cache entry) (+0ms) (334/5650)
23:15:22   ▶ /_astro/about-me.BCy9g3D-_2lyGBn.webp (reused cache entry) (+0ms) (335/5650)
23:15:22   ▶ /_astro/about-me.BCy9g3D-_Z2iuxWP.avif (reused cache entry) (+0ms) (336/5650)
23:15:22   ▶ /_astro/about-me.BCy9g3D-_Z1uydOI.avif (reused cache entry) (+0ms) (337/5650)
23:15:22   ▶ /_astro/about-me.BCy9g3D-_1VA9cT.avif (reused cache entry) (+0ms) (338/5650)
23:15:22   ▶ /_astro/about-me.BCy9g3D-_ZOhAUP.avif (reused cache entry) (+0ms) (339/5650)
23:15:22   ▶ /_astro/about-me.BCy9g3D-_ZhmNJ5.avif (reused cache entry) (+0ms) (340/5650)
23:15:22   ▶ /_astro/about-me.BCy9g3D-_Z1v7Rpp.webp (reused cache entry) (+0ms) (341/5650)
23:15:22   ▶ /_astro/about-me.BCy9g3D-_2qAcI8.webp (reused cache entry) (+0ms) (342/5650)
23:15:22   ▶ /_astro/about-me.BCy9g3D-_ZkhxpB.webp (reused cache entry) (+0ms) (343/5650)
23:15:22   ▶ /_astro/about-me.BCy9g3D-_ZhVsjL.webp (reused cache entry) (+0ms) (344/5650)
23:15:22   ▶ /_astro/about-me.BCy9g3D-_1Imt2t.avif (reused cache entry) (+0ms) (345/5650)
23:15:22   ▶ /_astro/about-me.BCy9g3D-_1EJU9V.avif (reused cache entry) (+0ms) (346/5650)
23:15:22   ▶ /_astro/about-me.BCy9g3D-_LNOV7.avif (reused cache entry) (+0ms) (347/5650)
23:15:22   ▶ /_astro/about-me.BCy9g3D-_1HMOrM.webp (reused cache entry) (+0ms) (348/5650)
23:15:22   ▶ /_astro/about-me.BCy9g3D-_29JXFa.webp (reused cache entry) (+0ms) (349/5650)
23:15:22   ▶ /_astro/about-me.BCy9g3D-_1gNSrl.webp (reused cache entry) (+0ms) (350/5650)
23:15:22   ▶ /_astro/fete-musique.DfRpsMDq_24TSEV.avif (reused cache entry) (+0ms) (351/5650)
23:15:22   ▶ /_astro/fete-musique.DfRpsMDq_Z1Wigpx.avif (reused cache entry) (+0ms) (352/5650)
23:15:22   ▶ /_astro/fete-musique.DfRpsMDq_2kYix6.avif (reused cache entry) (+0ms) (353/5650)
23:15:22   ▶ /_astro/fete-musique.DfRpsMDq_1CtTL8.webp (reused cache entry) (+0ms) (354/5650)
23:15:22   ▶ /_astro/fete-musique.DfRpsMDq_Z2oIfjl.webp (reused cache entry) (+0ms) (355/5650)
23:15:22   ▶ /_astro/fete-musique.DfRpsMDq_Z1pNPEV.webp (reused cache entry) (+0ms) (356/5650)
23:15:22   ▶ /_astro/fete-musique.DfRpsMDq_ZoDEi9.avif (reused cache entry) (+0ms) (357/5650)
23:15:22   ▶ /_astro/fete-musique.DfRpsMDq_Z1cjNJI.avif (reused cache entry) (+0ms) (358/5650)
23:15:22   ▶ /_astro/fete-musique.DfRpsMDq_Z2rXirN.avif (reused cache entry) (+0ms) (359/5650)
23:15:22   ▶ /_astro/fete-musique.DfRpsMDq_Z1N8Gln.avif (reused cache entry) (+0ms) (360/5650)
23:15:22   ▶ /_astro/fete-musique.DfRpsMDq_1yGJRc.avif (reused cache entry) (+0ms) (361/5650)
23:15:22   ▶ /_astro/fete-musique.DfRpsMDq_74aQb.webp (reused cache entry) (+0ms) (362/5650)
23:15:22   ▶ /_astro/fete-musique.DfRpsMDq_2aMQsk.webp (reused cache entry) (+0ms) (363/5650)
23:15:22   ▶ /_astro/fete-musique.DfRpsMDq_Z2fyFfb.webp (reused cache entry) (+0ms) (364/5650)
23:15:22   ▶ /_astro/fete-musique.DfRpsMDq_Z2c6okP.webp (reused cache entry) (+0ms) (365/5650)
23:15:22   ▶ /_astro/fete-musique.DfRpsMDq_1AENFE.avif (reused cache entry) (+0ms) (366/5650)
23:15:22   ▶ /_astro/fete-musique.DfRpsMDq_ZmrIBe.avif (reused cache entry) (+0ms) (367/5650)
23:15:22   ▶ /_astro/fete-musique.DfRpsMDq_1IECID.avif (reused cache entry) (+0ms) (368/5650)
23:15:22   ▶ /_astro/fete-musique.DfRpsMDq_ZFeS8R.avif (reused cache entry) (+0ms) (369/5650)
23:15:22   ▶ /_astro/fete-musique.DfRpsMDq_Z2a8kwn.webp (reused cache entry) (+0ms) (370/5650)
23:15:22   ▶ /_astro/fete-musique.DfRpsMDq_ZNRHv2.webp (reused cache entry) (+0ms) (371/5650)
23:15:22   ▶ /_astro/fete-musique.DfRpsMDq_1heDOP.webp (reused cache entry) (+0ms) (372/5650)
23:15:22   ▶ /_astro/fete-musique.DfRpsMDq_D96s2.webp (reused cache entry) (+0ms) (373/5650)
23:15:22   ▶ /_astro/fete-musique.DfRpsMDq_4cgUY.webp (reused cache entry) (+0ms) (374/5650)
23:15:22   ▶ /_astro/fete-musique.DfRpsMDq_1utgbq.webp (reused cache entry) (+0ms) (375/5650)
23:15:22   ▶ /_astro/fete-musique.DfRpsMDq_22SaGD.webp (reused cache entry) (+0ms) (376/5650)
23:15:22   ▶ /_astro/fete-musique.DfRpsMDq_13vLI6.webp (reused cache entry) (+0ms) (377/5650)
23:15:22   ▶ /_astro/BCP_45_Insta_Affiche_2.QrbWvozc_Z7XCyF.avif (reused cache entry) (+0ms) (378/5650)
23:15:22   ▶ /_astro/BCP_45_Insta_Affiche_2.QrbWvozc_2brJzy.avif (reused cache entry) (+0ms) (379/5650)
23:15:22   ▶ /_astro/BCP_45_Insta_Affiche_2.QrbWvozc_Z1aOQYb.avif (reused cache entry) (+0ms) (380/5650)
23:15:22   ▶ /_astro/BCP_45_Insta_Affiche_2.QrbWvozc_1HkChM.webp (reused cache entry) (+0ms) (381/5650)
23:15:22   ▶ /_astro/BCP_45_Insta_Affiche_2.QrbWvozc_Z13q8mU.webp (reused cache entry) (+0ms) (382/5650)
23:15:22   ▶ /_astro/BCP_45_Insta_Affiche_2.QrbWvozc_Z2eoke.webp (reused cache entry) (+0ms) (383/5650)
23:15:22   ▶ /_astro/BCP_45_Insta_Affiche_2.QrbWvozc_DHO1h.webp (reused cache entry) (+0ms) (384/5650)
23:15:22   ▶ /_astro/BCP_45_Insta_Affiche_2.QrbWvozc_22oQUQ.webp (reused cache entry) (+1ms) (385/5650)
23:15:22   ▶ /_astro/BCP_45_Insta_Affiche_2.QrbWvozc_XqH2i.avif (reused cache entry) (+0ms) (386/5650)
23:15:22   ▶ /_astro/BCP_45_Insta_Affiche_2.QrbWvozc_Z1f1oxb.avif (reused cache entry) (+0ms) (387/5650)
23:15:22   ▶ /_astro/BCP_45_Insta_Affiche_2.QrbWvozc_4t6xc.avif (reused cache entry) (+0ms) (388/5650)
23:15:22   ▶ /_astro/BCP_45_Insta_Affiche_2.QrbWvozc_Z2azQPi.avif (reused cache entry) (+0ms) (389/5650)
23:15:22   ▶ /_astro/BCP_45_Insta_Affiche_2.QrbWvozc_ZkVdBg.webp (reused cache entry) (+0ms) (390/5650)
23:15:22   ▶ /_astro/BCP_45_Insta_Affiche_2.QrbWvozc_thMtr.webp (reused cache entry) (+0ms) (391/5650)
23:15:22   ▶ /_astro/BCP_45_Insta_Affiche_2.QrbWvozc_Z1aCQMe.avif (reused cache entry) (+0ms) (392/5650)
23:15:22   ▶ /_astro/BCP_45_Insta_Affiche_2.QrbWvozc_2aUFtd.avif (reused cache entry) (+0ms) (393/5650)
23:15:22   ▶ /_astro/BCP_45_Insta_Affiche_2.QrbWvozc_2eQBcQ.avif (reused cache entry) (+0ms) (394/5650)
23:15:22   ▶ /_astro/BCP_45_Insta_Affiche_2.QrbWvozc_ZrGQjA.avif (reused cache entry) (+0ms) (395/5650)
23:15:22   ▶ /_astro/BCP_45_Insta_Affiche_2.QrbWvozc_Z22o8h.webp (reused cache entry) (+0ms) (396/5650)
23:15:22   ▶ /_astro/BCP_45_Insta_Affiche_2.QrbWvozc_Z13Wctg.webp (reused cache entry) (+0ms) (397/5650)
23:15:22   ▶ /_astro/BCP_45_Insta_Affiche_2.QrbWvozc_Z101gJC.webp (reused cache entry) (+0ms) (398/5650)
23:15:22   ▶ /_astro/BCP_45_Insta_Affiche_2.QrbWvozc_FSBkm.webp (reused cache entry) (+0ms) (399/5650)
23:15:22   ▶ /_astro/BCP_45_Insta_Affiche_2.QrbWvozc_EWGOw.avif (reused cache entry) (+0ms) (400/5650)
23:15:22   ▶ /_astro/BCP_45_Insta_Affiche_2.QrbWvozc_ZYPeuo.avif (reused cache entry) (+0ms) (401/5650)
23:15:22   ▶ /_astro/BCP_45_Insta_Affiche_2.QrbWvozc_fvlbl.avif (reused cache entry) (+0ms) (402/5650)
23:15:22   ▶ /_astro/BCP_45_Insta_Affiche_2.QrbWvozc_xn5mg.avif (reused cache entry) (+0ms) (403/5650)
23:15:22   ▶ /_astro/BCP_45_Insta_Affiche_2.QrbWvozc_1Nyatt.webp (reused cache entry) (+0ms) (404/5650)
23:15:22   ▶ /_astro/BCP_45_Insta_Affiche_2.QrbWvozc_Pt1m4.webp (reused cache entry) (+0ms) (405/5650)
23:15:22   ▶ /_astro/BCP_45_Insta_Affiche_2.QrbWvozc_25OB2N.webp (reused cache entry) (+0ms) (406/5650)
23:15:22   ▶ /_astro/BCP_45_Insta_Affiche_2.QrbWvozc_1FXy1d.webp (reused cache entry) (+0ms) (407/5650)
23:15:22   ▶ /_astro/paternelle.FNRXhBuI_1WOChT.avif (reused cache entry) (+0ms) (408/5650)
23:15:22   ▶ /_astro/paternelle.FNRXhBuI_Z1SzouQ.avif (reused cache entry) (+0ms) (409/5650)
23:15:22   ▶ /_astro/paternelle.FNRXhBuI_ZCSczH.avif (reused cache entry) (+0ms) (410/5650)
23:15:22   ▶ /_astro/paternelle.FNRXhBuI_Z1SOQ7P.webp (reused cache entry) (+0ms) (411/5650)
23:15:22   ▶ /_astro/paternelle.FNRXhBuI_ZF2J6E.webp (reused cache entry) (+0ms) (412/5650)
23:15:22   ▶ /_astro/paternelle.FNRXhBuI_1DjiXQ.webp (reused cache entry) (+0ms) (413/5650)
23:15:22   ▶ /_astro/paternelle.FNRXhBuI_ZBl1HR.webp (reused cache entry) (+0ms) (414/5650)
23:15:22   ▶ /_astro/paternelle.FNRXhBuI_1QGlXF.avif (reused cache entry) (+0ms) (415/5650)
23:15:22   ▶ /_astro/paternelle.FNRXhBuI_1tuatk.avif (reused cache entry) (+0ms) (416/5650)
23:15:22   ▶ /_astro/paternelle.FNRXhBuI_Z1boNes.avif (reused cache entry) (+0ms) (417/5650)
23:15:22   ▶ /_astro/paternelle.FNRXhBuI_1y8cnt.avif (reused cache entry) (+0ms) (418/5650)
23:15:22   ▶ /_astro/paternelle.FNRXhBuI_Z2vRJdH.avif (reused cache entry) (+0ms) (419/5650)
23:15:22   ▶ /_astro/paternelle.FNRXhBuI_Z1jurL3.webp (reused cache entry) (+0ms) (420/5650)
23:15:22   ▶ /_astro/paternelle.FNRXhBuI_27Q9J.webp (reused cache entry) (+0ms) (421/5650)
23:15:22   ▶ /_astro/paternelle.FNRXhBuI_Z2iwh2g.webp (reused cache entry) (+0ms) (422/5650)
23:15:22   ▶ /_astro/paternelle.FNRXhBuI_ZeFdE9.webp (reused cache entry) (+0ms) (423/5650)
23:15:22   ▶ /_astro/paternelle.FNRXhBuI_ksCAO.avif (reused cache entry) (+0ms) (424/5650)
23:15:22   ▶ /_astro/paternelle.FNRXhBuI_1qo8zt.avif (reused cache entry) (+0ms) (425/5650)
23:15:22   ▶ /_astro/paternelle.FNRXhBuI_1Wjxvb.avif (reused cache entry) (+0ms) (426/5650)
23:15:22   ▶ /_astro/paternelle.FNRXhBuI_Z2svYDy.webp (reused cache entry) (+0ms) (427/5650)
23:15:22   ▶ /_astro/paternelle.FNRXhBuI_Z2qgkPg.webp (reused cache entry) (+0ms) (428/5650)
23:15:22   ▶ /_astro/paternelle.FNRXhBuI_Z1TkUTy.webp (reused cache entry) (+0ms) (429/5650)
23:15:22   ▶ /_astro/paternelle.FNRXhBuI_ZdV1QO.webp (reused cache entry) (+0ms) (430/5650)
23:15:22   ▶ /_astro/paternelle.FNRXhBuI_510YH.webp (reused cache entry) (+0ms) (431/5650)
23:15:22   ▶ /_astro/paternelle.FNRXhBuI_Z1EDKz.webp (reused cache entry) (+0ms) (432/5650)
23:15:22   ▶ /_astro/paternelle.FNRXhBuI_Z22TgWx.webp (reused cache entry) (+0ms) (433/5650)
23:15:22   ▶ /_astro/2024_09_07_Paternelle_Oz_YannisCrettenand_DSCF0629.DgM96wt0_fTcfn.avif (reused cache entry) (+0ms) (434/5650)
23:15:22   ▶ /_astro/2024_09_07_Paternelle_Oz_YannisCrettenand_DSCF0629.DgM96wt0_Z21lC7Y.avif (reused cache entry) (+0ms) (435/5650)
23:15:22   ▶ /_astro/2024_09_07_Paternelle_Oz_YannisCrettenand_DSCF0629.DgM96wt0_Z1u07pY.avif (reused cache entry) (+0ms) (436/5650)
23:15:22   ▶ /_astro/2024_09_07_Paternelle_Oz_YannisCrettenand_DSCF0629.DgM96wt0_Z1VzRQ8.webp (reused cache entry) (+0ms) (437/5650)
23:15:22   ▶ /_astro/2024_09_07_Paternelle_Oz_YannisCrettenand_DSCF0629.DgM96wt0_Qlqzr.webp (reused cache entry) (+0ms) (438/5650)
23:15:22   ▶ /_astro/2024_09_07_Paternelle_Oz_YannisCrettenand_DSCF0629.DgM96wt0_1luiIl.webp (reused cache entry) (+0ms) (439/5650)
23:15:22   ▶ /_astro/2024_09_07_Paternelle_Oz_YannisCrettenand_DSCF0629.DgM96wt0_Zw9h6k.webp (reused cache entry) (+1ms) (440/5650)
23:15:22   ▶ /_astro/2024_09_07_Paternelle_Oz_YannisCrettenand_DSCF0629.DgM96wt0_ZYIgtN.avif (reused cache entry) (+1ms) (441/5650)
23:15:22   ▶ /_astro/2024_09_07_Paternelle_Oz_YannisCrettenand_DSCF0629.DgM96wt0_lPVUw.avif (reused cache entry) (+0ms) (442/5650)
23:15:22   ▶ /_astro/2024_09_07_Paternelle_Oz_YannisCrettenand_DSCF0629.DgM96wt0_Z1vqYy5.avif (reused cache entry) (+0ms) (443/5650)
23:15:22   ▶ /_astro/2024_09_07_Paternelle_Oz_YannisCrettenand_DSCF0629.DgM96wt0_27f77y.webp (reused cache entry) (+1ms) (444/5650)
23:15:22   ▶ /_astro/2024_09_07_Paternelle_Oz_YannisCrettenand_DSCF0629.DgM96wt0_2q3sDF.webp (reused cache entry) (+0ms) (445/5650)
23:15:22   ▶ /_astro/2024_09_07_Paternelle_Oz_YannisCrettenand_DSCF0629.DgM96wt0_xKwa4.webp (reused cache entry) (+0ms) (446/5650)
23:15:22   ▶ /_astro/2024_09_07_Paternelle_Oz_YannisCrettenand_DSCF0629.DgM96wt0_1JpiUz.avif (reused cache entry) (+1ms) (447/5650)
23:15:22   ▶ /_astro/2024_09_07_Paternelle_Oz_YannisCrettenand_DSCF0629.DgM96wt0_Z1CYAaN.avif (reused cache entry) (+0ms) (448/5650)
23:15:22   ▶ /_astro/2024_09_07_Paternelle_Oz_YannisCrettenand_DSCF0629.DgM96wt0_2atAnO.avif (reused cache entry) (+0ms) (449/5650)
23:15:22   ▶ /_astro/2024_09_07_Paternelle_Oz_YannisCrettenand_DSCF0629.DgM96wt0_ZwhhD9.avif (reused cache entry) (+1ms) (450/5650)
23:15:22   ▶ /_astro/2024_09_07_Paternelle_Oz_YannisCrettenand_DSCF0629.DgM96wt0_ZuhoJ2.webp (reused cache entry) (+1ms) (451/5650)
23:15:22   ▶ /_astro/2024_09_07_Paternelle_Oz_YannisCrettenand_DSCF0629.DgM96wt0_1eHswC.webp (reused cache entry) (+0ms) (452/5650)
23:15:22   ▶ /_astro/2024_09_07_Paternelle_Oz_YannisCrettenand_DSCF0629.DgM96wt0_Z20tHG.webp (reused cache entry) (+0ms) (453/5650)
23:15:22   ▶ /_astro/2024_09_07_Paternelle_Oz_YannisCrettenand_DSCF0629.DgM96wt0_2jd8vb.webp (reused cache entry) (+0ms) (454/5650)
23:15:22   ▶ /_astro/2024_09_07_Paternelle_Oz_YannisCrettenand_DSCF0629.DgM96wt0_r7HGQ.avif (reused cache entry) (+1ms) (455/5650)
23:15:22   ▶ /_astro/2024_09_07_Paternelle_Oz_YannisCrettenand_DSCF0629.DgM96wt0_Z1qhw5H.avif (reused cache entry) (+0ms) (456/5650)
23:15:22   ▶ /_astro/2024_09_07_Paternelle_Oz_YannisCrettenand_DSCF0629.DgM96wt0_1P8onz.avif (reused cache entry) (+0ms) (457/5650)
23:15:22   ▶ /_astro/2024_09_07_Paternelle_Oz_YannisCrettenand_DSCF0629.DgM96wt0_Z1MyYWK.webp (reused cache entry) (+0ms) (458/5650)
23:15:22   ▶ /_astro/2024_09_07_Paternelle_Oz_YannisCrettenand_DSCF0629.DgM96wt0_1rpwBI.webp (reused cache entry) (+0ms) (459/5650)
23:15:22   ▶ /_astro/2024_09_07_Paternelle_Oz_YannisCrettenand_DSCF0629.DgM96wt0_ZmlFHV.webp (reused cache entry) (+0ms) (460/5650)
23:15:22   ▶ /_astro/2024_09_07_Paternelle_Oz_YannisCrettenand_DSCF0629.DgM96wt0_cYLEk.webp (reused cache entry) (+0ms) (461/5650)
23:15:22   ▶ /_astro/2024_09_07_Paternelle_Oz_YannisCrettenand_DSCF0629.DgM96wt0_Z1PNzsz.webp (reused cache entry) (+0ms) (462/5650)
23:15:22   ▶ /_astro/2024_09_07_Paternelle_Oz_YannisCrettenand_DSCF0629.DgM96wt0_jyXKz.webp (reused cache entry) (+0ms) (463/5650)
23:15:22   ▶ /_astro/2024_09_07_Paternelle_Oz_YannisCrettenand_DSCF0629.DgM96wt0_Z2gK9uu.webp (reused cache entry) (+0ms) (464/5650)
23:15:22   ▶ /_astro/production.Da6Dy6Aw_1Nr4fo.avif (reused cache entry) (+0ms) (465/5650)
23:15:22   ▶ /_astro/production.Da6Dy6Aw_kKwBw.avif (reused cache entry) (+0ms) (466/5650)
23:15:22   ▶ /_astro/production.Da6Dy6Aw_jM6gg.avif (reused cache entry) (+0ms) (467/5650)
23:15:22   ▶ /_astro/production.Da6Dy6Aw_1vOW73.webp (reused cache entry) (+0ms) (468/5650)
23:15:22   ▶ /_astro/production.Da6Dy6Aw_39ptb.webp (reused cache entry) (+0ms) (469/5650)
23:15:22   ▶ /_astro/production.Da6Dy6Aw_1xjKEs.webp (reused cache entry) (+0ms) (470/5650)
23:15:22   ▶ /_astro/production.Da6Dy6Aw_1J00bb.webp (reused cache entry) (+0ms) (471/5650)
23:15:22   ▶ /_astro/production.Da6Dy6Aw_IFlOT.avif (reused cache entry) (+0ms) (472/5650)
23:15:22   ▶ /_astro/production.Da6Dy6Aw_vUTGM.avif (reused cache entry) (+0ms) (473/5650)
23:15:22   ▶ /_astro/production.Da6Dy6Aw_ZRRuXf.avif (reused cache entry) (+0ms) (474/5650)
23:15:22   ▶ /_astro/production.Da6Dy6Aw_Z1rw0a4.avif (reused cache entry) (+0ms) (475/5650)
23:15:22   ▶ /_astro/production.Da6Dy6Aw_1b6S2Y.avif (reused cache entry) (+0ms) (476/5650)
23:15:22   ▶ /_astro/production.Da6Dy6Aw_1Jsz5Y.webp (reused cache entry) (+0ms) (477/5650)
23:15:22   ▶ /_astro/production.Da6Dy6Aw_Z1atC6A.webp (reused cache entry) (+0ms) (478/5650)
23:15:22   ▶ /_astro/production.Da6Dy6Aw_Z1J87ip.webp (reused cache entry) (+0ms) (479/5650)
23:15:22   ▶ /_astro/production.Da6Dy6Aw_2oDxrb.webp (reused cache entry) (+0ms) (480/5650)
23:15:22   ▶ /_astro/production.Da6Dy6Aw_Z1BmMC7.avif (reused cache entry) (+0ms) (481/5650)
23:15:22   ▶ /_astro/production.Da6Dy6Aw_ZF3L1.avif (reused cache entry) (+0ms) (482/5650)
23:15:22   ▶ /_astro/production.Da6Dy6Aw_26oFgh.avif (reused cache entry) (+0ms) (483/5650)
23:15:22   ▶ /_astro/production.Da6Dy6Aw_ZnP8dU.webp (reused cache entry) (+0ms) (484/5650)
23:15:22   ▶ /_astro/production.Da6Dy6Aw_ZihaTm.webp (reused cache entry) (+0ms) (485/5650)
23:15:22   ▶ /_astro/production.Da6Dy6Aw_1NMy7V.webp (reused cache entry) (+0ms) (486/5650)
23:15:22   ▶ /_astro/production.Da6Dy6Aw_1IKA6n.webp (reused cache entry) (+0ms) (487/5650)
23:15:22   ▶ /_astro/production.Da6Dy6Aw_1BCv6I.webp (reused cache entry) (+0ms) (488/5650)
23:15:22   ▶ /_astro/production.Da6Dy6Aw_Nddex.webp (reused cache entry) (+0ms) (489/5650)
23:15:22   ▶ /_astro/production.Da6Dy6Aw_Z1sqDBg.webp (reused cache entry) (+0ms) (490/5650)
23:15:22   ▶ /_astro/Version1.BVf7lE0a_1vhiu3.webp (reused cache entry) (+0ms) (491/5650)
23:15:22   ▶ /_astro/Version1.BVf7lE0a_Zua6pB.avif (reused cache entry) (+0ms) (492/5650)
23:15:22   ▶ /_astro/Version1.BVf7lE0a_ZTtRWd.avif (reused cache entry) (+0ms) (493/5650)
23:15:22   ▶ /_astro/Version1.BVf7lE0a_f80w.avif (reused cache entry) (+0ms) (494/5650)
23:15:22   ▶ /_astro/Version1.BVf7lE0a_Z7nG2U.webp (reused cache entry) (+0ms) (495/5650)
23:15:22   ▶ /_astro/Version1.BVf7lE0a_ZB46qp.webp (reused cache entry) (+0ms) (496/5650)
23:15:22   ▶ /_astro/Version1.BVf7lE0a_iETwk.webp (reused cache entry) (+0ms) (497/5650)
23:15:22   ▶ /_astro/Version10-2.BhPjEGkV_ZwFMam.webp (reused cache entry) (+0ms) (498/5650)
23:15:22   ▶ /_astro/Version10-2.BhPjEGkV_kYFxp.avif (reused cache entry) (+0ms) (499/5650)
23:15:22   ▶ /_astro/Version10-2.BhPjEGkV_1u29q3.avif (reused cache entry) (+0ms) (500/5650)
23:15:22   ▶ /_astro/Version10-2.BhPjEGkV_1qVCqg.avif (reused cache entry) (+0ms) (501/5650)
23:15:22   ▶ /_astro/Version10-2.BhPjEGkV_Z2dKxYh.webp (reused cache entry) (+0ms) (502/5650)
23:15:22   ▶ /_astro/Version10-2.BhPjEGkV_Z2bsnup.webp (reused cache entry) (+0ms) (503/5650)
23:15:22   ▶ /_astro/Version10-2.BhPjEGkV_Z2exTuc.webp (reused cache entry) (+0ms) (504/5650)
23:15:22   ▶ /_astro/Version11-2.CWNYrhn8_T7LVv.webp (reused cache entry) (+0ms) (505/5650)
23:15:22   ▶ /_astro/Version11-2.CWNYrhn8_Z1aPJJq.avif (reused cache entry) (+0ms) (506/5650)
23:15:22   ▶ /_astro/Version11-2.CWNYrhn8_TFUFI.avif (reused cache entry) (+0ms) (507/5650)
23:15:22   ▶ /_astro/Version11-2.CWNYrhn8_2p7qUg.avif (reused cache entry) (+0ms) (508/5650)
23:15:22   ▶ /_astro/Version11-2.CWNYrhn8_1kA9wO.webp (reused cache entry) (+0ms) (509/5650)
23:15:22   ▶ /_astro/Version11-2.CWNYrhn8_2jnwzc.webp (reused cache entry) (+0ms) (510/5650)
23:15:22   ▶ /_astro/Version11-2.CWNYrhn8_bXSeA.webp (reused cache entry) (+0ms) (511/5650)
23:15:22   ▶ /_astro/Version12-2.DgRo9ixL_1c540j.webp (reused cache entry) (+0ms) (512/5650)
23:15:22   ▶ /_astro/Version12-2.DgRo9ixL_ZRSsFC.avif (reused cache entry) (+0ms) (513/5650)
23:15:22   ▶ /_astro/Version12-2.DgRo9ixL_Z2vQWUU.avif (reused cache entry) (+0ms) (514/5650)
23:15:22   ▶ /_astro/Version12-2.DgRo9ixL_Z11qrGn.avif (reused cache entry) (+0ms) (515/5650)
23:15:22   ▶ /_astro/Version12-2.DgRo9ixL_1CxqAC.webp (reused cache entry) (+0ms) (516/5650)
23:15:22   ▶ /_astro/Version12-2.DgRo9ixL_Z17am2r.webp (reused cache entry) (+0ms) (517/5650)
23:15:22   ▶ /_astro/Version12-2.DgRo9ixL_1PC8qS.webp (reused cache entry) (+0ms) (518/5650)
23:15:22   ▶ /_astro/Version13-2.zSEy1CmK_Z2oKE7Q.webp (reused cache entry) (+0ms) (519/5650)
23:15:22   ▶ /_astro/Version13-2.zSEy1CmK_ArW09.avif (reused cache entry) (+0ms) (520/5650)
23:15:22   ▶ /_astro/Version13-2.zSEy1CmK_Z1tTOua.avif (reused cache entry) (+0ms) (521/5650)
23:15:22   ▶ /_astro/Version13-2.zSEy1CmK_vFJn.avif (reused cache entry) (+0ms) (522/5650)
23:15:22   ▶ /_astro/Version13-2.zSEy1CmK_Z1Xihwx.webp (reused cache entry) (+0ms) (523/5650)
23:15:22   ▶ /_astro/Version13-2.zSEy1CmK_Z5ddAG.webp (reused cache entry) (+0ms) (524/5650)
23:15:22   ▶ /_astro/Version13-2.zSEy1CmK_Z2cBQVi.webp (reused cache entry) (+0ms) (525/5650)
23:15:22   ▶ /_astro/Version14-2.O-aS6QxM_baoHv.webp (reused cache entry) (+1ms) (526/5650)
23:15:22   ▶ /_astro/Version14-2.O-aS6QxM_Z1SN7Xq.avif (reused cache entry) (+0ms) (527/5650)
23:15:22   ▶ /_astro/Version14-2.O-aS6QxM_Z1SPdP3.avif (reused cache entry) (+0ms) (528/5650)
23:15:22   ▶ /_astro/Version14-2.O-aS6QxM_ZooHAv.avif (reused cache entry) (+0ms) (529/5650)
23:15:22   ▶ /_astro/Version14-2.O-aS6QxM_BCLiO.webp (reused cache entry) (+0ms) (530/5650)
23:15:22   ▶ /_astro/Version14-2.O-aS6QxM_Zu8BVz.webp (reused cache entry) (+0ms) (531/5650)
23:15:22   ▶ /_astro/Version14-2.O-aS6QxM_2sDRwK.webp (reused cache entry) (+0ms) (532/5650)
23:15:22   ▶ /_astro/Version15-2.CaKvcjNF_Z1eWVdv.webp (reused cache entry) (+0ms) (533/5650)
23:15:22   ▶ /_astro/Version15-2.CaKvcjNF_1KfETu.avif (reused cache entry) (+0ms) (534/5650)
23:15:22   ▶ /_astro/Version15-2.CaKvcjNF_Z1rCvmt.avif (reused cache entry) (+0ms) (535/5650)
23:15:22   ▶ /_astro/Version15-2.CaKvcjNF_2MYR4.avif (reused cache entry) (+0ms) (536/5650)
23:15:22   ▶ /_astro/Version15-2.CaKvcjNF_ZNuyCc.webp (reused cache entry) (+0ms) (537/5650)
23:15:22   ▶ /_astro/Version15-2.CaKvcjNF_Z2UTt0.webp (reused cache entry) (+0ms) (538/5650)
23:15:22   ▶ /_astro/Version15-2.CaKvcjNF_Z2akxNB.webp (reused cache entry) (+0ms) (539/5650)
23:15:22   ▶ /_astro/Version16-2.DaMID0Bm_lMPxH.webp (reused cache entry) (+0ms) (540/5650)
23:15:22   ▶ /_astro/Version16-2.DaMID0Bm_1etjgt.avif (reused cache entry) (+0ms) (541/5650)
23:15:22   ▶ /_astro/Version16-2.DaMID0Bm_1PN9gU.avif (reused cache entry) (+0ms) (542/5650)
23:15:22   ▶ /_astro/Version16-2.DaMID0Bm_1MHCh8.avif (reused cache entry) (+0ms) (543/5650)
23:15:22   ▶ /_astro/Version16-2.DaMID0Bm_Z1kgUgd.webp (reused cache entry) (+0ms) (544/5650)
23:15:22   ▶ /_astro/Version16-2.DaMID0Bm_Z1OGnDx.webp (reused cache entry) (+0ms) (545/5650)
23:15:22   ▶ /_astro/Version16-2.DaMID0Bm_Z1RLTDk.webp (reused cache entry) (+0ms) (546/5650)
23:15:22   ▶ /_astro/Version17-2.D7x8zWnC_1vCGY5.webp (reused cache entry) (+0ms) (547/5650)
23:15:22   ▶ /_astro/Version17-2.D7x8zWnC_ZykOGQ.avif (reused cache entry) (+0ms) (548/5650)
23:15:22   ▶ /_astro/Version17-2.D7x8zWnC_24VsYW.avif (reused cache entry) (+0ms) (549/5650)
23:15:22   ▶ /_astro/Version17-2.D7x8zWnC_Z1uO9zr.avif (reused cache entry) (+0ms) (550/5650)
23:15:22   ▶ /_astro/Version17-2.D7x8zWnC_1W64zo.webp (reused cache entry) (+0ms) (551/5650)
23:15:22   ▶ /_astro/Version17-2.D7x8zWnC_Z1Ay3Uv.webp (reused cache entry) (+0ms) (552/5650)
23:15:22   ▶ /_astro/Version17-2.D7x8zWnC_1meqxO.webp (reused cache entry) (+0ms) (553/5650)
23:15:22   ▶ /_astro/Version18-2.CjgiFFPF_Z5NstP.webp (reused cache entry) (+0ms) (554/5650)
23:15:22   ▶ /_astro/Version18-2.CjgiFFPF_Z2aM0aL.avif (reused cache entry) (+0ms) (555/5650)
23:15:22   ▶ /_astro/Version18-2.CjgiFFPF_Z2ooNQl.avif (reused cache entry) (+0ms) (556/5650)
23:15:22   ▶ /_astro/Version18-2.CjgiFFPF_ZSXiBN.avif (reused cache entry) (+0ms) (557/5650)
23:15:22   ▶ /_astro/Version18-2.CjgiFFPF_kDT6t.webp (reused cache entry) (+0ms) (558/5650)
23:15:22   ▶ /_astro/Version18-2.CjgiFFPF_ZYHcWR.webp (reused cache entry) (+0ms) (559/5650)
23:15:22   ▶ /_astro/Version18-2.CjgiFFPF_1X5hvs.webp (reused cache entry) (+0ms) (560/5650)
23:15:22   ▶ /_astro/Version19-2.D977P6gK_Z1WOeya.webp (reused cache entry) (+0ms) (561/5650)
23:15:22   ▶ /_astro/Version19-2.D977P6gK_12omyP.avif (reused cache entry) (+0ms) (562/5650)
23:15:22   ▶ /_astro/Version19-2.D977P6gK_Y33Mf.avif (reused cache entry) (+0ms) (563/5650)
23:15:22   ▶ /_astro/Version19-2.D977P6gK_2ttz1M.avif (reused cache entry) (+0ms) (564/5650)
23:15:22   ▶ /_astro/Version19-2.D977P6gK_Z1wlQWQ.webp (reused cache entry) (+0ms) (565/5650)
23:15:22   ▶ /_astro/Version19-2.D977P6gK_2nJEFI.webp (reused cache entry) (+0ms) (566/5650)
23:15:22   ▶ /_astro/Version19-2.D977P6gK_gl1l7.webp (reused cache entry) (+0ms) (567/5650)
23:15:22   ▶ /_astro/Version2.CHGdBxY5_Z25w3ys.webp (reused cache entry) (+1ms) (568/5650)
23:15:22   ▶ /_astro/Version2.CHGdBxY5_YdFkO.avif (reused cache entry) (+0ms) (569/5650)
23:15:22   ▶ /_astro/Version2.CHGdBxY5_Z2aC9qj.avif (reused cache entry) (+0ms) (570/5650)
23:15:22   ▶ /_astro/Version2.CHGdBxY5_Z1fS8sz.avif (reused cache entry) (+0ms) (571/5650)
23:15:22   ▶ /_astro/Version2.CHGdBxY5_1m05Hv.webp (reused cache entry) (+0ms) (572/5650)
23:15:22   ▶ /_astro/Version2.CHGdBxY5_Z1RcmTv.webp (reused cache entry) (+0ms) (573/5650)
23:15:22   ▶ /_astro/Version2.CHGdBxY5_ZWslVL.webp (reused cache entry) (+0ms) (574/5650)
23:15:22   ▶ /_astro/Version20-2.CbII7Xxw_PSeQQ.webp (reused cache entry) (+0ms) (575/5650)
23:15:22   ▶ /_astro/Version20-2.CbII7Xxw_Z1e5hO5.avif (reused cache entry) (+0ms) (576/5650)
23:15:22   ▶ /_astro/Version20-2.CbII7Xxw_Jza4x.avif (reused cache entry) (+0ms) (577/5650)
23:15:22   ▶ /_astro/Version20-2.CbII7Xxw_2f0Fj5.avif (reused cache entry) (+0ms) (578/5650)
23:15:22   ▶ /_astro/Version20-2.CbII7Xxw_1hlBsa.webp (reused cache entry) (+0ms) (579/5650)
23:15:22   ▶ /_astro/Version20-2.CbII7Xxw_29gKX1.webp (reused cache entry) (+0ms) (580/5650)
23:15:22   ▶ /_astro/Version20-2.CbII7Xxw_1R7Cp.webp (reused cache entry) (+0ms) (581/5650)
23:15:22   ▶ /_astro/Version21-2.DSnJXwTq_1sNtLU.webp (reused cache entry) (+0ms) (582/5650)
23:15:22   ▶ /_astro/Version21-2.DSnJXwTq_ZBa2T1.avif (reused cache entry) (+0ms) (583/5650)
23:15:22   ▶ /_astro/Version21-2.DSnJXwTq_ZHfJ89.avif (reused cache entry) (+0ms) (584/5650)
23:15:22   ▶ /_astro/Version21-2.DSnJXwTq_MaL6o.avif (reused cache entry) (+0ms) (585/5650)
23:15:22   ▶ /_astro/Version21-2.DSnJXwTq_1TgQne.webp (reused cache entry) (+0ms) (586/5650)
23:15:22   ▶ /_astro/Version21-2.DSnJXwTq_GqQKk.webp (reused cache entry) (+0ms) (587/5650)
23:15:22   ▶ /_astro/Version21-2.DSnJXwTq_Z1pWLzh.webp (reused cache entry) (+0ms) (588/5650)
23:15:22   ▶ /_astro/Version22.CEIxDTy8_Z12MjVm.webp (reused cache entry) (+0ms) (589/5650)
23:15:22   ▶ /_astro/Version22.CEIxDTy8_POxRx.avif (reused cache entry) (+0ms) (590/5650)
23:15:22   ▶ /_astro/Version22.CEIxDTy8_ZqyrTn.avif (reused cache entry) (+0ms) (591/5650)
23:15:22   ▶ /_astro/Version22.CEIxDTy8_Zrh4su.avif (reused cache entry) (+0ms) (592/5650)
23:15:22   ▶ /_astro/Version22.CEIxDTy8_2fw9L1.webp (reused cache entry) (+0ms) (593/5650)
23:15:22   ▶ /_astro/Version22.CEIxDTy8_Z1eQAnl.webp (reused cache entry) (+0ms) (594/5650)
23:15:22   ▶ /_astro/Version22.CEIxDTy8_Z4uE5N.webp (reused cache entry) (+0ms) (595/5650)
23:15:22   ▶ /_astro/Version5._Y5a6sVu_v7opd.webp (reused cache entry) (+1ms) (596/5650)
23:15:22   ▶ /_astro/Version5._Y5a6sVu_Z22JJNs.avif (reused cache entry) (+0ms) (597/5650)
23:15:22   ▶ /_astro/Version5._Y5a6sVu_Zj3Q33.avif (reused cache entry) (+0ms) (598/5650)
23:15:22   ▶ /_astro/Version5._Y5a6sVu_17V5z8.avif (reused cache entry) (+0ms) (599/5650)
23:15:22   ▶ /_astro/Version5._Y5a6sVu_Z1EXkqL.webp (reused cache entry) (+0ms) (600/5650)
23:15:22   ▶ /_astro/Version5._Y5a6sVu_ZD4wf.webp (reused cache entry) (+0ms) (601/5650)
23:15:22   ▶ /_astro/Version5._Y5a6sVu_jCW6a.webp (reused cache entry) (+0ms) (602/5650)
23:15:22   ▶ /_astro/Version6.BHl0kfxs_ZdVgt4.webp (reused cache entry) (+0ms) (603/5650)
23:15:22   ▶ /_astro/Version6.BHl0kfxs_2inI7c.avif (reused cache entry) (+0ms) (604/5650)
23:15:22   ▶ /_astro/Version6.BHl0kfxs_Z2iAdu2.avif (reused cache entry) (+0ms) (605/5650)
23:15:22   ▶ /_astro/Version6.BHl0kfxs_ZQAgQQ.avif (reused cache entry) (+0ms) (606/5650)
23:15:22   ▶ /_astro/Version6.BHl0kfxs_Z2p20k3.webp (reused cache entry) (+0ms) (607/5650)
23:15:22   ▶ /_astro/Version6.BHl0kfxs_Z20aqXe.webp (reused cache entry) (+0ms) (608/5650)
23:15:22   ▶ /_astro/Version6.BHl0kfxs_Z1ESpkO.webp (reused cache entry) (+0ms) (609/5650)
23:15:22   ▶ /_astro/Version8.BrQRwTnC_Z1z5em2.webp (reused cache entry) (+0ms) (610/5650)
23:15:22   ▶ /_astro/Version8.BrQRwTnC_1uEuxf.avif (reused cache entry) (+0ms) (611/5650)
23:15:22   ▶ /_astro/Version8.BrQRwTnC_Z1ayVgf.avif (reused cache entry) (+0ms) (612/5650)
23:15:22   ▶ /_astro/Version8.BrQRwTnC_ZfOUiv.avif (reused cache entry) (+0ms) (613/5650)
23:15:22   ▶ /_astro/Version8.BrQRwTnC_1RqTTV.webp (reused cache entry) (+0ms) (614/5650)
23:15:22   ▶ /_astro/Version8.BrQRwTnC_ZR99Jr.webp (reused cache entry) (+0ms) (615/5650)
23:15:22   ▶ /_astro/Version8.BrQRwTnC_2zQdi.webp (reused cache entry) (+0ms) (616/5650)
23:15:22   ▶ /_astro/Version9.CgT-SqsU_Z1Ny18l.webp (reused cache entry) (+0ms) (617/5650)
23:15:22   ▶ /_astro/Version9.CgT-SqsU_1gbHKV.avif (reused cache entry) (+0ms) (618/5650)
23:15:22   ▶ /_astro/Version9.CgT-SqsU_i16HW.avif (reused cache entry) (+0ms) (619/5650)
23:15:22   ▶ /_astro/Version9.CgT-SqsU_1cK7FG.avif (reused cache entry) (+0ms) (620/5650)
23:15:22   ▶ /_astro/Version9.CgT-SqsU_1CX88C.webp (reused cache entry) (+0ms) (621/5650)
23:15:22   ▶ /_astro/Version9.CgT-SqsU_AqSeK.webp (reused cache entry) (+0ms) (622/5650)
23:15:22   ▶ /_astro/Version9.CgT-SqsU_1vaTcu.webp (reused cache entry) (+0ms) (623/5650)
23:15:22   ▶ /_astro/samuel.tVzSuQB9_ZjybOp.avif (reused cache entry) (+0ms) (624/5650)
23:15:22   ▶ /_astro/samuel.tVzSuQB9_1GwkFX.avif (reused cache entry) (+0ms) (625/5650)
23:15:22   ▶ /_astro/samuel.tVzSuQB9_YOMLu.webp (reused cache entry) (+0ms) (626/5650)
23:15:22   ▶ /_astro/samuel.tVzSuQB9_Z24gNw4.webp (reused cache entry) (+0ms) (627/5650)
23:15:22   ▶ /_astro/_MG_9113.BcwmtUvq_Z1YOsv4.webp (reused cache entry) (+1ms) (628/5650)
23:15:22   ▶ /_astro/_MG_9113.BcwmtUvq_wuw5c.avif (reused cache entry) (+0ms) (629/5650)
23:15:22   ▶ /_astro/_MG_9113.BcwmtUvq_Z131np5.avif (reused cache entry) (+0ms) (630/5650)
23:15:22   ▶ /_astro/_MG_9113.BcwmtUvq_nXyd6.avif (reused cache entry) (+0ms) (631/5650)
23:15:22   ▶ /_astro/_MG_9113.BcwmtUvq_TgVrS.webp (reused cache entry) (+0ms) (632/5650)
23:15:22   ▶ /_astro/_MG_9113.BcwmtUvq_ZJAASh.webp (reused cache entry) (+0ms) (633/5650)
23:15:22   ▶ /_astro/_MG_9113.BcwmtUvq_ZpjzfR.webp (reused cache entry) (+0ms) (634/5650)
23:15:22   ▶ /_astro/_MG_9117.DYuKoqgU_17oFTW.webp (reused cache entry) (+1ms) (635/5650)
23:15:22   ▶ /_astro/_MG_9117.DYuKoqgU_1Ph4vH.avif (reused cache entry) (+0ms) (636/5650)
23:15:22   ▶ /_astro/_MG_9117.DYuKoqgU_Z1ks35q.avif (reused cache entry) (+0ms) (637/5650)
23:15:22   ▶ /_astro/_MG_9117.DYuKoqgU_Z1Xweyl.avif (reused cache entry) (+0ms) (638/5650)
23:15:22   ▶ /_astro/_MG_9117.DYuKoqgU_2d3tSo.webp (reused cache entry) (+0ms) (639/5650)
23:15:22   ▶ /_astro/_MG_9117.DYuKoqgU_Z122gyC.webp (reused cache entry) (+0ms) (640/5650)
23:15:22   ▶ /_astro/_MG_9117.DYuKoqgU_2imKLC.webp (reused cache entry) (+0ms) (641/5650)
23:15:22   ▶ /_astro/_MG_9123.BhUxPFl4_ZDF7aI.webp (reused cache entry) (+1ms) (642/5650)
23:15:22   ▶ /_astro/_MG_9123.BhUxPFl4_1RDRpx.avif (reused cache entry) (+1ms) (643/5650)
23:15:22   ▶ /_astro/_MG_9123.BhUxPFl4_1rI95D.avif (reused cache entry) (+0ms) (644/5650)
23:15:22   ▶ /_astro/_MG_9123.BhUxPFl4_Z2bt367.avif (reused cache entry) (+0ms) (645/5650)
23:15:22   ▶ /_astro/_MG_9123.BhUxPFl4_2fqhMe.webp (reused cache entry) (+0ms) (646/5650)
23:15:22   ▶ /_astro/_MG_9123.BhUxPFl4_1K8UBr.webp (reused cache entry) (+2ms) (647/5650)
23:15:22   ▶ /_astro/proud-rebel.BwiRer6v_cVxxG.webp (before: 16kB, after: 2kB) (+153ms) (648/5650)
23:15:22   ▶ /_astro/_MG_9123.BhUxPFl4_25pWeQ.webp (reused cache entry) (+1ms) (649/5650)
23:15:22   ▶ /_astro/_MG_9126.C_MNWLCj_Z2km0ro.webp (reused cache entry) (+2ms) (650/5650)
23:15:22   ▶ /_astro/_MG_9126.C_MNWLCj_JnIrS.avif (reused cache entry) (+4ms) (651/5650)
23:15:22   ▶ /_astro/_MG_9126.C_MNWLCj_6Y8pY.avif (reused cache entry) (+0ms) (652/5650)
23:15:22   ▶ /_astro/_MG_9126.C_MNWLCj_11I9nI.avif (reused cache entry) (+0ms) (653/5650)
23:15:22   ▶ /_astro/_MG_9126.C_MNWLCj_17a8Oz.webp (reused cache entry) (+1ms) (654/5650)
23:15:22   ▶ /_astro/_MG_9126.C_MNWLCj_poTVM.webp (reused cache entry) (+0ms) (655/5650)
23:15:22   ▶ /_astro/_MG_9126.C_MNWLCj_1k8UTw.webp (reused cache entry) (+3ms) (656/5650)
23:15:22   ▶ /_astro/_MG_9129.VFqY6Hys_Zy0lc0.webp (reused cache entry) (+0ms) (657/5650)
23:15:22   ▶ /_astro/_MG_9129.VFqY6Hys_2vJnHh.avif (reused cache entry) (+0ms) (658/5650)
23:15:22   ▶ /_astro/_MG_9129.VFqY6Hys_ZjwO9P.avif (reused cache entry) (+0ms) (659/5650)
23:15:22   ▶ /_astro/_MG_9129.VFqY6Hys_AcbMT.avif (reused cache entry) (+2ms) (660/5650)
23:15:22   ▶ /_astro/_MG_9129.VFqY6Hys_Z2bFkIX.webp (reused cache entry) (+1ms) (661/5650)
23:15:22   ▶ /_astro/_MG_9129.VFqY6Hys_Z172D2.webp (reused cache entry) (+0ms) (662/5650)
23:15:22   ▶ /_astro/lamia.CsuqOG42_10pffj.webp (before: 80kB, after: 5kB) (+222ms) (663/5650)
23:15:22   ▶ /_astro/_MG_9129.VFqY6Hys_SBXjH.webp (reused cache entry) (+0ms) (664/5650)
23:15:22   ▶ /_astro/_MG_9133.CJB37N3R_1I3pRJ.webp (reused cache entry) (+3ms) (665/5650)
23:15:22   ▶ /_astro/_MG_9133.CJB37N3R_ZONIkV.avif (reused cache entry) (+1ms) (666/5650)
23:15:22   ▶ /_astro/_MG_9133.CJB37N3R_Z2oKs9i.avif (reused cache entry) (+0ms) (667/5650)
23:15:22   ▶ /_astro/_MG_9133.CJB37N3R_ZWKvw7.avif (reused cache entry) (+3ms) (668/5650)
23:15:22   ▶ /_astro/_MG_9133.CJB37N3R_Zs2iXf.webp (reused cache entry) (+1ms) (669/5650)
23:15:22   ▶ /_astro/_MG_9133.CJB37N3R_Z26kFCu.webp (reused cache entry) (+0ms) (670/5650)
23:15:22   ▶ /_astro/_MG_9133.CJB37N3R_Z1L3E05.webp (reused cache entry) (+1ms) (671/5650)
23:15:22   ▶ /_astro/_MG_9136.DhzwZMA6_ZiwLjO.webp (reused cache entry) (+0ms) (672/5650)
23:15:22   ▶ /_astro/_MG_9136.DhzwZMA6_Z2iYbet.avif (reused cache entry) (+0ms) (673/5650)
23:15:22   ▶ /_astro/_MG_9136.DhzwZMA6_1O2HcO.avif (reused cache entry) (+0ms) (674/5650)
23:15:22   ▶ /_astro/_MG_9136.DhzwZMA6_Z2lppDn.avif (reused cache entry) (+0ms) (675/5650)
23:15:22   ▶ /_astro/_MG_9136.DhzwZMA6_Z1VcKQM.webp (reused cache entry) (+4ms) (676/5650)
23:15:22   ▶ /_astro/_MG_9136.DhzwZMA6_27stIC.webp (reused cache entry) (+0ms) (677/5650)
23:15:22   ▶ /_astro/_MG_9136.DhzwZMA6_Z22YD7z.webp (reused cache entry) (+0ms) (678/5650)
23:15:22   ▶ /_astro/_MG_9139.rRW7QWn3_1Aw5X1.webp (reused cache entry) (+1ms) (679/5650)
23:15:22   ▶ /_astro/_MG_9139.rRW7QWn3_ZWl3fE.avif (reused cache entry) (+1ms) (680/5650)
23:15:22   ▶ /_astro/_MG_9139.rRW7QWn3_H7a3L.avif (reused cache entry) (+0ms) (681/5650)
23:15:22   ▶ /_astro/_MG_9139.rRW7QWn3_2976FW.avif (reused cache entry) (+0ms) (682/5650)
23:15:22   ▶ /_astro/_MG_9139.rRW7QWn3_ZzyCRX.webp (reused cache entry) (+1ms) (683/5650)
23:15:22   ▶ /_astro/_MG_9139.rRW7QWn3_10wVzz.webp (reused cache entry) (+1ms) (684/5650)
23:15:22   ▶ /_astro/_MG_9139.rRW7QWn3_1kNXcY.webp (reused cache entry) (+1ms) (685/5650)
23:15:22   ▶ /_astro/_MG_9144.BPFMw5Bl_lI3xc.webp (reused cache entry) (+1ms) (686/5650)
23:15:22   ▶ /_astro/_MG_9144.BPFMw5Bl_Z1DIlms.avif (reused cache entry) (+0ms) (687/5650)
23:15:22   ▶ /_astro/_MG_9144.BPFMw5Bl_2alHrA.avif (reused cache entry) (+0ms) (688/5650)
23:15:22   ▶ /_astro/_MG_9144.BPFMw5Bl_Z206poB.avif (reused cache entry) (+0ms) (689/5650)
23:15:22   ▶ /_astro/_MG_9144.BPFMw5Bl_Z1gVUYL.webp (reused cache entry) (+6ms) (690/5650)
23:15:22   ▶ /_astro/_MG_9144.BPFMw5Bl_2sLtXo.webp (reused cache entry) (+1ms) (691/5650)
23:15:22   ▶ /_astro/symbiony.C2B9hob2_1V1mX4.webp (before: 31kB, after: 2kB) (+206ms) (692/5650)
23:15:22   ▶ /_astro/_MG_9144.BPFMw5Bl_Z1GFCRN.webp (reused cache entry) (+1ms) (693/5650)
23:15:22   ▶ /_astro/_MG_9149.G-Y-4Hu-_ZjMizG.webp (reused cache entry) (+3ms) (694/5650)
23:15:22   ▶ /_astro/_MG_9149.G-Y-4Hu-_2cwG0z.avif (reused cache entry) (+1ms) (695/5650)
23:15:22   ▶ /_astro/_MG_9149.G-Y-4Hu-_Xl5T6.avif (reused cache entry) (+0ms) (696/5650)
23:15:22   ▶ /_astro/_MG_9149.G-Y-4Hu-_2pl2wh.avif (reused cache entry) (+6ms) (697/5650)
23:15:22   ▶ /_astro/_MG_9149.G-Y-4Hu-_Z2uS2qF.webp (reused cache entry) (+1ms) (698/5650)
23:15:22   ▶ /_astro/_MG_9149.G-Y-4Hu-_1gKRpT.webp (reused cache entry) (+1ms) (699/5650)
23:15:22   ▶ /_astro/_MG_9149.G-Y-4Hu-_1B2T3j.webp (reused cache entry) (+0ms) (700/5650)
23:15:22   ▶ /_astro/_MG_9156.aVAjJyJP_1zt5DS.webp (reused cache entry) (+2ms) (701/5650)
23:15:22   ▶ /_astro/_MG_9156.aVAjJyJP_2iltfD.avif (reused cache entry) (+1ms) (702/5650)
23:15:22   ▶ /_astro/_MG_9156.aVAjJyJP_ZuFkB.avif (reused cache entry) (+1ms) (703/5650)
23:15:22   ▶ /_astro/_MG_9156.aVAjJyJP_ZDyQNw.avif (reused cache entry) (+1ms) (704/5650)
23:15:22   ▶ /_astro/_MG_9156.aVAjJyJP_Z2p4fbB.webp (reused cache entry) (+1ms) (705/5650)
23:15:22   ▶ /_astro/_MG_9156.aVAjJyJP_hU6bc.webp (reused cache entry) (+1ms) (706/5650)
23:15:22   ▶ /_astro/_MG_9156.aVAjJyJP_Z1rR0hu.webp (reused cache entry) (+1ms) (707/5650)
23:15:22   ▶ /_astro/_MG_9160.Cp01O7ix_ZG9xdL.webp (reused cache entry) (+1ms) (708/5650)
23:15:22   ▶ /_astro/_MG_9160.Cp01O7ix_1HPmY.avif (reused cache entry) (+1ms) (709/5650)
23:15:22   ▶ /_astro/_MG_9160.Cp01O7ix_1e4Em2.avif (reused cache entry) (+1ms) (710/5650)
23:15:22   ▶ /_astro/_MG_9160.Cp01O7ix_A0sS7.avif (reused cache entry) (+0ms) (711/5650)
23:15:22   ▶ /_astro/_MG_9160.Cp01O7ix_oufJF.webp (reused cache entry) (+0ms) (712/5650)
23:15:22   ▶ /_astro/_MG_9160.Cp01O7ix_1wuqRP.webp (reused cache entry) (+0ms) (713/5650)
23:15:22   ▶ /_astro/_MG_9160.Cp01O7ix_ZdhEzQ.webp (reused cache entry) (+0ms) (714/5650)
23:15:22   ▶ /_astro/_MG_9163.DHFsPe4Z_ZydTew.webp (reused cache entry) (+0ms) (715/5650)
23:15:22   ▶ /_astro/_MG_9163.DHFsPe4Z_1X65lJ.avif (reused cache entry) (+0ms) (716/5650)
23:15:22   ▶ /_astro/_MG_9163.DHFsPe4Z_2qVdbf.avif (reused cache entry) (+0ms) (717/5650)
23:15:22   ▶ /_astro/_MG_9163.DHFsPe4Z_Z1cfY0v.avif (reused cache entry) (+0ms) (718/5650)
23:15:22   ▶ /_astro/_MG_9163.DHFsPe4Z_2kRuIq.webp (reused cache entry) (+0ms) (719/5650)
23:15:22   ▶ /_astro/_MG_9163.DHFsPe4Z_Z2kP96S.webp (reused cache entry) (+0ms) (720/5650)
23:15:22   ▶ /_astro/_MG_9163.DHFsPe4Z_Z20y7tt.webp (reused cache entry) (+0ms) (721/5650)
23:15:22   ▶ /_astro/_MG_9166.DwBA3lI9_Z1MWXTM.webp (reused cache entry) (+0ms) (722/5650)
23:15:22   ▶ /_astro/_MG_9166.DwBA3lI9_1gLJYu.avif (reused cache entry) (+0ms) (723/5650)
23:15:22   ▶ /_astro/proud-rebel.BwiRer6v_W2zHm.webp (before: 16kB, after: 2kB) (+132ms) (724/5650)
23:15:22   ▶ /_astro/lamia.CsuqOG42_2pKgnR.webp (before: 80kB, after: 7kB) (+192ms) (725/5650)
23:15:22   ▶ /_astro/symbiony.C2B9hob2_Z1sKt99.webp (before: 31kB, after: 3kB) (+168ms) (726/5650)
23:15:22   ▶ /_astro/proud-rebel.BwiRer6v_Z1xYG1D.webp (before: 16kB, after: 5kB) (+157ms) (727/5650)
23:15:22   ▶ /_astro/symbiony.C2B9hob2_Z10WCup.webp (before: 31kB, after: 5kB) (+142ms) (728/5650)
23:15:22   ▶ /_astro/lamia.CsuqOG42_2whGSM.webp (before: 80kB, after: 14kB) (+194ms) (729/5650)
23:15:22   ▶ /_astro/proud-rebel.BwiRer6v_Zj1R3b.webp (before: 16kB, after: 7kB) (+173ms) (730/5650)
23:15:22   ▶ /_astro/_MG_9171.DX8p8SiU_1K5X9R.webp (reused cache entry) (+0ms) (731/5650)
23:15:22   ▶ /_astro/symbiony.C2B9hob2_Z26Qcq3.webp (before: 31kB, after: 8kB) (+167ms) (732/5650)
23:15:22   ▶ /_astro/_MG_9172.DE0oZtWO_1yvqpm.webp (reused cache entry) (+0ms) (733/5650)
23:15:22   ▶ /_astro/lamia.CsuqOG42_13uXaB.webp (before: 80kB, after: 20kB) (+178ms) (734/5650)
23:15:22   ▶ /_astro/_MG_9173.B597quUH_ESA2w.webp (reused cache entry) (+1ms) (735/5650)
23:15:23   ▶ /_astro/_MG_9166.DwBA3lI9_266zuC.avif (before: 383kB, after: 19kB) (+1.12s) (736/5650)
23:15:26   ▶ /_astro/_MG_9166.DwBA3lI9_Z24lxlz.avif (before: 383kB, after: 59kB) (+3.34s) (737/5650)
23:15:27   ▶ /_astro/_MG_9166.DwBA3lI9_1Dyamb.webp (before: 383kB, after: 252kB) (+527ms) (738/5650)
23:15:27   ▶ /_astro/_MG_9166.DwBA3lI9_2owm1q.webp (before: 383kB, after: 27kB) (+276ms) (739/5650)
23:15:27   ▶ /_astro/_MG_9166.DwBA3lI9_Z1KUKOL.webp (before: 383kB, after: 87kB) (+335ms) (740/5650)
23:15:28   ▶ /_astro/_MG_9179.B7gPhXDv_Z17Aosu.webp (before: 325kB, after: 129kB) (+475ms) (741/5650)
23:15:30   ▶ /_astro/_MG_9172.DE0oZtWO_1InrxF.avif (before: 263kB, after: 96kB) (+7.69s) (742/5650)
23:15:30   ▶ /_astro/_MG_9173.B597quUH_Z1kxNR8.avif (before: 343kB, after: 109kB) (+8.03s) (743/5650)
23:15:31   ▶ /_astro/_MG_9171.DX8p8SiU_ZflqJM.avif (before: 182kB, after: 59kB) (+8.37s) (744/5650)
23:15:31   ▶ /_astro/_MG_9172.DE0oZtWO_2nuhEJ.avif (before: 263kB, after: 16kB) (+1.01s) (745/5650)
23:15:31   ▶ /_astro/_MG_9171.DX8p8SiU_ZeYab6.avif (before: 182kB, after: 10kB) (+708ms) (746/5650)
23:15:31   ▶ /_astro/_MG_9173.B597quUH_2aXqMf.avif (before: 343kB, after: 19kB) (+1.05s) (747/5650)
23:15:33   ▶ /_astro/_MG_9171.DX8p8SiU_EJPLD.avif (before: 182kB, after: 25kB) (+1.81s) (748/5650)
23:15:33   ▶ /_astro/_MG_9171.DX8p8SiU_7pXBT.webp (before: 182kB, after: 110kB) (+375ms) (749/5650)
23:15:34   ▶ /_astro/_MG_9171.DX8p8SiU_3qBkH.webp (before: 182kB, after: 15kB) (+182ms) (750/5650)
23:15:34   ▶ /_astro/_MG_9172.DE0oZtWO_Z1I7jO6.avif (before: 263kB, after: 41kB) (+2.75s) (751/5650)
23:15:34   ▶ /_astro/_MG_9171.DX8p8SiU_XaCir.webp (before: 182kB, after: 42kB) (+232ms) (752/5650)
23:15:34   ▶ /_astro/_MG_9172.DE0oZtWO_269QUm.webp (before: 263kB, after: 172kB) (+495ms) (753/5650)
23:15:34   ▶ /_astro/_MG_9173.B597quUH_Z1YtG3W.avif (before: 343kB, after: 47kB) (+2.97s) (754/5650)
23:15:34   ▶ /_astro/_MG_9172.DE0oZtWO_Z2oh4Co.webp (before: 263kB, after: 23kB) (+247ms) (755/5650)
23:15:35   ▶ /_astro/_MG_9183.C2itDAXR_1s0lxY.webp (before: 249kB, after: 192kB) (+886ms) (756/5650)
23:15:35   ▶ /_astro/_MG_9172.DE0oZtWO_Z1pGxii.webp (before: 263kB, after: 67kB) (+304ms) (757/5650)
23:15:35   ▶ /_astro/_MG_9173.B597quUH_ZWLour.webp (before: 343kB, after: 182kB) (+506ms) (758/5650)
23:15:35   ▶ /_astro/_MG_9173.B597quUH_2todj3.webp (before: 343kB, after: 26kB) (+270ms) (759/5650)
23:15:35   ▶ /_astro/_MG_9189.NmcHBPn3_1rl8Kv.webp (before: 234kB, after: 101kB) (+419ms) (760/5650)
23:15:35   ▶ /_astro/_MG_9173.B597quUH_Z1G3Tx9.webp (before: 343kB, after: 72kB) (+327ms) (761/5650)
23:15:36   ▶ /_astro/_MG_9179.B7gPhXDv_1W9kqM.avif (before: 325kB, after: 74kB) (+7.74s) (762/5650)
23:15:36   ▶ /_astro/_MG_9193.C1peOcO3_Z1IjUoe.webp (before: 411kB, after: 318kB) (+1.01s) (763/5650)
23:15:36   ▶ /_astro/_MG_9179.B7gPhXDv_ZYFrMi.avif (before: 325kB, after: 11kB) (+865ms) (764/5650)
23:15:39   ▶ /_astro/_MG_9179.B7gPhXDv_Z4VqOy.avif (before: 325kB, after: 24kB) (+2.28s) (765/5650)
23:15:39   ▶ /_astro/_MG_9179.B7gPhXDv_2jUJNt.webp (before: 325kB, after: 129kB) (+476ms) (766/5650)
23:15:39   ▶ /_astro/_MG_9179.B7gPhXDv_ZGfFgu.webp (before: 325kB, after: 16kB) (+281ms) (767/5650)
23:15:40   ▶ /_astro/_MG_9179.B7gPhXDv_dtkGf.webp (before: 325kB, after: 42kB) (+310ms) (768/5650)
23:15:40   ▶ /_astro/_MG_9198.DPkxMpP1_Z24lyDm.webp (before: 221kB, after: 140kB) (+405ms) (769/5650)
23:15:41   ▶ /_astro/_MG_9189.NmcHBPn3_Zy6g99.avif (before: 234kB, after: 46kB) (+6.21s) (770/5650)
23:15:42   ▶ /_astro/_MG_9189.NmcHBPn3_1Ru1It.avif (before: 234kB, after: 8kB) (+755ms) (771/5650)
23:15:44   ▶ /_astro/_MG_9189.NmcHBPn3_Z2hX67I.avif (before: 234kB, after: 18kB) (+1.81s) (772/5650)
23:15:44   ▶ /_astro/_MG_9189.NmcHBPn3_ZbjPLs.webp (before: 234kB, after: 101kB) (+419ms) (773/5650)
23:15:45   ▶ /_astro/_MG_9189.NmcHBPn3_2aTNfh.webp (before: 234kB, after: 13kB) (+279ms) (774/5650)
23:15:45   ▶ /_astro/_MG_9189.NmcHBPn3_Z1YxjAU.webp (before: 234kB, after: 34kB) (+395ms) (775/5650)
23:15:46   ▶ /_astro/_MG_9193.C1peOcO3_N04c2.avif (before: 411kB, after: 127kB) (+9.08s) (776/5650)
23:15:46   ▶ /_astro/_MG_9183.C2itDAXR_Z15QMEG.avif (before: 249kB, after: 68kB) (+11.04s) (777/5650)
23:15:46   ▶ /_astro/_MG_9201.Cn2rmSua_1uXk8m.webp (before: 148kB, after: 184kB) (+809ms) (778/5650)
23:15:46   ▶ /_astro/_MG_9198.DPkxMpP1_10oafU.avif (before: 221kB, after: 74kB) (+6.19s) (779/5650)
23:15:47   ▶ /_astro/_MG_9183.C2itDAXR_ZBcIPf.avif (before: 249kB, after: 21kB) (+1.43s) (780/5650)
23:15:47   ▶ /_astro/_MG_9198.DPkxMpP1_1Ay9RR.avif (before: 221kB, after: 12kB) (+805ms) (781/5650)
23:15:48   ▶ /_astro/_MG_9193.C1peOcO3_1pAWEC.avif (before: 411kB, after: 37kB) (+2.04s) (782/5650)
23:15:49   ▶ /_astro/_MG_9198.DPkxMpP1_2viaPB.avif (before: 221kB, after: 31kB) (+2.05s) (783/5650)
23:15:50   ▶ /_astro/_MG_9198.DPkxMpP1_1nazCB.webp (before: 221kB, after: 140kB) (+427ms) (784/5650)
23:15:50   ▶ /_astro/_MG_9198.DPkxMpP1_1SXVoF.webp (before: 221kB, after: 18kB) (+205ms) (785/5650)
23:15:50   ▶ /_astro/_MG_9198.DPkxMpP1_Z2gtbrw.webp (before: 221kB, after: 54kB) (+254ms) (786/5650)
23:15:51   ▶ /_astro/_MG_9202.DPdiEANQ_Z1FzB4Q.webp (before: 96kB, after: 114kB) (+752ms) (787/5650)
23:15:53   ▶ /_astro/_MG_9193.C1peOcO3_Z2dAew8.avif (before: 411kB, after: 86kB) (+5.32s) (788/5650)
23:15:53   ▶ /_astro/_MG_9193.C1peOcO3_1aLtyI.webp (before: 411kB, after: 203kB) (+528ms) (789/5650)
23:15:54   ▶ /_astro/_MG_9183.C2itDAXR_OMcLV.avif (before: 249kB, after: 46kB) (+6.38s) (790/5650)
23:15:54   ▶ /_astro/_MG_9201.Cn2rmSua_Z12SO5j.avif (before: 148kB, after: 62kB) (+7.81s) (791/5650)
23:15:54   ▶ /_astro/_MG_9193.C1peOcO3_1I1Jbq.webp (before: 411kB, after: 53kB) (+342ms) (792/5650)
23:15:54   ▶ /_astro/_MG_9183.C2itDAXR_ZI5ni0.webp (before: 249kB, after: 118kB) (+432ms) (793/5650)
23:15:54   ▶ /_astro/_MG_9193.C1peOcO3_23iKNP.webp (before: 411kB, after: 136kB) (+438ms) (794/5650)
23:15:54   ▶ /_astro/_MG_9183.C2itDAXR_ZiLWjr.webp (before: 249kB, after: 33kB) (+251ms) (795/5650)
23:15:55   ▶ /_astro/_MG_9205.CZf9OU-C_1mgjj3.webp (before: 119kB, after: 83kB) (+364ms) (796/5650)
23:15:55   ▶ /_astro/_MG_9183.C2itDAXR_1u4iX.webp (before: 249kB, after: 80kB) (+355ms) (797/5650)
23:15:55   ▶ /_astro/_MG_9201.Cn2rmSua_11W1fc.avif (before: 148kB, after: 17kB) (+1.15s) (798/5650)
23:15:55   ▶ /_astro/_MG_9207.PNVDt5aX_Z1h7Lpe.webp (before: 175kB, after: 177kB) (+845ms) (799/5650)
23:15:57   ▶ /_astro/_MG_9202.DPdiEANQ_PJnvp.avif (before: 96kB, after: 34kB) (+6.31s) (800/5650)
23:15:58   ▶ /_astro/_MG_9201.Cn2rmSua_2sVWRn.avif (before: 148kB, after: 44kB) (+3.38s) (801/5650)
23:15:58   ▶ /_astro/_MG_9202.DPdiEANQ_2eIjnI.avif (before: 96kB, after: 11kB) (+1.03s) (802/5650)
23:15:59   ▶ /_astro/_MG_9201.Cn2rmSua_ZF7oHC.webp (before: 148kB, after: 122kB) (+375ms) (803/5650)
23:15:59   ▶ /_astro/_MG_9201.Cn2rmSua_1kmML0.webp (before: 148kB, after: 31kB) (+196ms) (804/5650)
23:15:59   ▶ /_astro/_MG_9201.Cn2rmSua_1EDOop.webp (before: 148kB, after: 83kB) (+295ms) (805/5650)
23:16:00   ▶ /_astro/_MG_9211.B_bkjDfW_Z2hRRsS.webp (before: 233kB, after: 189kB) (+875ms) (806/5650)
23:16:01   ▶ /_astro/_MG_9207.PNVDt5aX_1fcdb2.avif (before: 175kB, after: 53kB) (+5.62s) (807/5650)
23:16:02   ▶ /_astro/_MG_9205.CZf9OU-C_ZDb5AB.avif (before: 119kB, after: 37kB) (+7.28s) (808/5650)
23:16:02   ▶ /_astro/_MG_9207.PNVDt5aX_ZQB07x.avif (before: 175kB, after: 17kB) (+1.25s) (809/5650)
23:16:02   ▶ /_astro/_MG_9202.DPdiEANQ_Z1osRN2.avif (before: 96kB, after: 25kB) (+4.11s) (810/5650)
23:16:03   ▶ /_astro/_MG_9205.CZf9OU-C_Z14M155.avif (before: 119kB, after: 7kB) (+670ms) (811/5650)
23:16:03   ▶ /_astro/_MG_9202.DPdiEANQ_1dvMS6.webp (before: 96kB, after: 73kB) (+338ms) (812/5650)
23:16:03   ▶ /_astro/_MG_9202.DPdiEANQ_Z2x32Tp.webp (before: 96kB, after: 21kB) (+189ms) (813/5650)
23:16:03   ▶ /_astro/_MG_9202.DPdiEANQ_Z2cL1h0.webp (before: 96kB, after: 51kB) (+268ms) (814/5650)
23:16:04   ▶ /_astro/_MG_9216.c-e9S3NO_2sJEdK.webp (before: 265kB, after: 176kB) (+870ms) (815/5650)
23:16:04   ▶ /_astro/_MG_9205.CZf9OU-C_Za307l.avif (before: 119kB, after: 16kB) (+1.59s) (816/5650)
23:16:04   ▶ /_astro/_MG_9205.CZf9OU-C_ZgoFdU.webp (before: 119kB, after: 83kB) (+381ms) (817/5650)
23:16:05   ▶ /_astro/_MG_9205.CZf9OU-C_ZLmeyh.webp (before: 119kB, after: 13kB) (+169ms) (818/5650)
23:16:05   ▶ /_astro/_MG_9205.CZf9OU-C_8mLos.webp (before: 119kB, after: 33kB) (+220ms) (819/5650)
23:16:06   ▶ /_astro/_MG_9220.Ch-PDtAQ_ZRPi5n.webp (before: 320kB, after: 196kB) (+911ms) (820/5650)
23:16:06   ▶ /_astro/_MG_9207.PNVDt5aX_znVuD.avif (before: 175kB, after: 38kB) (+3.54s) (821/5650)
23:16:06   ▶ /_astro/_MG_9211.B_bkjDfW_Z1z0tR8.avif (before: 233kB, after: 50kB) (+6.13s) (822/5650)
23:16:06   ▶ /_astro/_MG_9207.PNVDt5aX_1BXCxI.webp (before: 175kB, after: 110kB) (+405ms) (823/5650)
23:16:07   ▶ /_astro/_MG_9207.PNVDt5aX_ZybdAJ.webp (before: 175kB, after: 30kB) (+241ms) (824/5650)
23:16:07   ▶ /_astro/_MG_9207.PNVDt5aX_ZdTbXk.webp (before: 175kB, after: 76kB) (+321ms) (825/5650)
23:16:07   ▶ /_astro/_MG_9211.B_bkjDfW_1RBHI.avif (before: 233kB, after: 15kB) (+1.21s) (826/5650)
23:16:07   ▶ /_astro/_MG_9226.ChgSfoXd_2uQ1G2.webp (before: 233kB, after: 109kB) (+421ms) (827/5650)
23:16:11   ▶ /_astro/_MG_9216.c-e9S3NO_Z1Sz5Yq.avif (before: 265kB, after: 56kB) (+6.68s) (828/5650)
23:16:11   ▶ /_astro/_MG_9211.B_bkjDfW_ZBbyKc.avif (before: 233kB, after: 34kB) (+3.60s) (829/5650)
23:16:11   ▶ /_astro/_MG_9211.B_bkjDfW_Z1ce4ur.webp (before: 233kB, after: 112kB) (+417ms) (830/5650)
23:16:11   ▶ /_astro/_MG_9211.B_bkjDfW_kioew.webp (before: 233kB, after: 28kB) (+254ms) (831/5650)
23:16:12   ▶ /_astro/_MG_9211.B_bkjDfW_Z1ptHea.webp (before: 233kB, after: 73kB) (+344ms) (832/5650)
23:16:12   ▶ /_astro/_MG_9216.c-e9S3NO_Z2qPKrT.avif (before: 265kB, after: 16kB) (+1.36s) (833/5650)
23:16:13   ▶ /_astro/_MG_9230.DGbNGYB8_Z17NGQz.webp (before: 118kB, after: 110kB) (+772ms) (834/5650)
23:16:13   ▶ /_astro/_MG_9220.Ch-PDtAQ_1DtGuS.avif (before: 320kB, after: 66kB) (+7.56s) (835/5650)
23:16:14   ▶ /_astro/_MG_9226.ChgSfoXd_uoBLn.avif (before: 233kB, after: 54kB) (+6.67s) (836/5650)
23:16:15   ▶ /_astro/_MG_9220.Ch-PDtAQ_8d8qn.avif (before: 320kB, after: 17kB) (+1.34s) (837/5650)
23:16:15   ▶ /_astro/_MG_9226.ChgSfoXd_AvOnz.avif (before: 233kB, after: 11kB) (+875ms) (838/5650)
23:16:16   ▶ /_astro/_MG_9216.c-e9S3NO_20hbS7.avif (before: 265kB, after: 35kB) (+3.89s) (839/5650)
23:16:16   ▶ /_astro/_MG_9216.c-e9S3NO_Z1vMFBJ.webp (before: 265kB, after: 108kB) (+424ms) (840/5650)
23:16:17   ▶ /_astro/_MG_9216.c-e9S3NO_Z28pXV6.webp (before: 265kB, after: 27kB) (+270ms) (841/5650)
23:16:17   ▶ /_astro/_MG_9226.ChgSfoXd_1vfPlj.avif (before: 233kB, after: 23kB) (+1.99s) (842/5650)
23:16:17   ▶ /_astro/_MG_9216.c-e9S3NO_1bY3p9.webp (before: 265kB, after: 69kB) (+353ms) (843/5650)
23:16:17   ▶ /_astro/_MG_9226.ChgSfoXd_Rb294.webp (before: 233kB, after: 109kB) (+423ms) (844/5650)
23:16:17   ▶ /_astro/_MG_9226.ChgSfoXd_SVATn.webp (before: 233kB, after: 18kB) (+216ms) (845/5650)
23:16:18   ▶ /_astro/_MG_9226.ChgSfoXd_1NFBR7.webp (before: 233kB, after: 44kB) (+270ms) (846/5650)
23:16:18   ▶ /_astro/_MG_9233.hJhtUF3E_Z8lIl9.webp (before: 143kB, after: 131kB) (+812ms) (847/5650)
23:16:18   ▶ /_astro/_MG_9237.DP3uLtjH_2djR8.webp (before: 87kB, after: 63kB) (+339ms) (848/5650)
23:16:19   ▶ /_astro/_MG_9220.Ch-PDtAQ_1zd53y.avif (before: 320kB, after: 38kB) (+4.42s) (849/5650)
23:16:19   ▶ /_astro/_MG_9230.DGbNGYB8_ZoVjfO.avif (before: 118kB, after: 29kB) (+6.73s) (850/5650)
23:16:20   ▶ /_astro/_MG_9220.Ch-PDtAQ_21g6Rz.webp (before: 320kB, after: 115kB) (+476ms) (851/5650)
23:16:20   ▶ /_astro/_MG_9220.Ch-PDtAQ_qCTWb.webp (before: 320kB, after: 27kB) (+276ms) (852/5650)
23:16:20   ▶ /_astro/_MG_9220.Ch-PDtAQ_KTVzA.webp (before: 320kB, after: 69kB) (+405ms) (853/5650)
23:16:21   ▶ /_astro/_MG_9230.DGbNGYB8_Z14Rh3J.avif (before: 118kB, after: 10kB) (+1.17s) (854/5650)
23:16:21   ▶ /_astro/_MG_9241.u_SaF6Vq_Z26mnqv.webp (before: 133kB, after: 137kB) (+775ms) (855/5650)
23:16:24   ▶ /_astro/_MG_9237.DP3uLtjH_Z1Xe52w.avif (before: 87kB, after: 26kB) (+5.77s) (856/5650)
23:16:24   ▶ /_astro/_MG_9237.DP3uLtjH_1YHVsA.avif (before: 87kB, after: 5kB) (+539ms) (857/5650)
23:16:25   ▶ /_astro/_MG_9230.DGbNGYB8_Z1HVswE.avif (before: 118kB, after: 21kB) (+4.44s) (858/5650)
23:16:25   ▶ /_astro/_MG_9230.DGbNGYB8_Z29SS8.webp (before: 118kB, after: 68kB) (+358ms) (859/5650)
23:16:26   ▶ /_astro/_MG_9230.DGbNGYB8_ZLruwV.webp (before: 118kB, after: 19kB) (+207ms) (860/5650)
23:16:26   ▶ /_astro/_MG_9233.hJhtUF3E_2nXgf7.avif (before: 143kB, after: 37kB) (+7.84s) (861/5650)
23:16:26   ▶ /_astro/_MG_9230.DGbNGYB8_Z2weB0C.webp (before: 118kB, after: 46kB) (+298ms) (862/5650)
23:16:26   ▶ /_astro/_MG_9237.DP3uLtjH_Z2aJbnB.avif (before: 87kB, after: 11kB) (+1.51s) (863/5650)
23:16:26   ▶ /_astro/_MG_9237.DP3uLtjH_Z1ArEEP.webp (before: 87kB, after: 63kB) (+376ms) (864/5650)
23:16:26   ▶ /_astro/_MG_9237.DP3uLtjH_2i8HYo.webp (before: 87kB, after: 9kB) (+159ms) (865/5650)
23:16:27   ▶ /_astro/_MG_9237.DP3uLtjH_Z1RjoQN.webp (before: 87kB, after: 24kB) (+204ms) (866/5650)
23:16:27   ▶ /_astro/_MG_9245.qYnvL-a7_ZksRIV.webp (before: 145kB, after: 145kB) (+857ms) (867/5650)
23:16:27   ▶ /_astro/_MG_9233.hJhtUF3E_DGNKr.avif (before: 143kB, after: 13kB) (+1.09s) (868/5650)
23:16:28   ▶ /_astro/_MG_9247.yhpPtxri_2hfwG7.webp (before: 98kB, after: 131kB) (+999ms) (869/5650)
23:16:29   ▶ /_astro/_MG_9241.u_SaF6Vq_Z1ntYOK.avif (before: 133kB, after: 42kB) (+7.57s) (870/5650)
23:16:30   ▶ /_astro/_MG_9241.u_SaF6Vq_2fh2t.avif (before: 133kB, after: 12kB) (+1.71s) (871/5650)
23:16:34   ▶ /_astro/_MG_9233.hJhtUF3E_25GKnC.avif (before: 143kB, after: 26kB) (+6.87s) (872/5650)
23:16:34   ▶ /_astro/_MG_9233.hJhtUF3E_Z2jrsc8.webp (before: 143kB, after: 80kB) (+384ms) (873/5650)
23:16:34   ▶ /_astro/_MG_9233.hJhtUF3E_W7Ahf.webp (before: 143kB, after: 23kB) (+209ms) (874/5650)
23:16:35   ▶ /_astro/_MG_9233.hJhtUF3E_1hoBTE.webp (before: 143kB, after: 54kB) (+307ms) (875/5650)
23:16:35   ▶ /_astro/_MG_9245.qYnvL-a7_2bQ6Qk.avif (before: 145kB, after: 44kB) (+7.91s) (876/5650)
23:16:35   ▶ /_astro/_MG_9247.yhpPtxri_ZgBBwy.avif (before: 98kB, after: 42kB) (+7.15s) (877/5650)
23:16:35   ▶ /_astro/_MG_9251.PCqhRgrm_Z1lykxd.webp (before: 179kB, after: 193kB) (+885ms) (878/5650)
23:16:36   ▶ /_astro/_MG_9241.u_SaF6Vq_ZANTqr.avif (before: 133kB, after: 30kB) (+5.21s) (879/5650)
23:16:36   ▶ /_astro/_MG_9245.qYnvL-a7_XjK5B.avif (before: 145kB, after: 15kB) (+1.24s) (880/5650)
23:16:36   ▶ /_astro/_MG_9241.u_SaF6Vq_Z10Hzs4.webp (before: 133kB, after: 87kB) (+359ms) (881/5650)
23:16:36   ▶ /_astro/_MG_9247.yhpPtxri_4qHeu.avif (before: 98kB, after: 14kB) (+1.20s) (882/5650)
23:16:36   ▶ /_astro/_MG_9241.u_SaF6Vq_kF3yh.webp (before: 133kB, after: 21kB) (+214ms) (883/5650)
23:16:36   ▶ /_astro/_MG_9241.u_SaF6Vq_Z1p72Tp.webp (before: 133kB, after: 59kB) (+291ms) (884/5650)
23:16:37   ▶ /_astro/_MG_9257.Dw6E8hdr_Z2l7gbG.webp (before: 299kB, after: 148kB) (+484ms) (885/5650)
23:16:39   ▶ /_astro/_MG_9247.yhpPtxri_1vqDQF.avif (before: 98kB, after: 30kB) (+3.48s) (886/5650)
23:16:40   ▶ /_astro/_MG_9245.qYnvL-a7_2pjGHM.avif (before: 145kB, after: 32kB) (+3.74s) (887/5650)
23:16:40   ▶ /_astro/_MG_9247.yhpPtxri_69MP8.webp (before: 98kB, after: 87kB) (+376ms) (888/5650)
23:16:40   ▶ /_astro/_MG_9245.qYnvL-a7_Z2vyBzU.webp (before: 145kB, after: 91kB) (+402ms) (889/5650)
23:16:40   ▶ /_astro/_MG_9247.yhpPtxri_mQtKi.webp (before: 98kB, after: 25kB) (+203ms) (890/5650)
23:16:40   ▶ /_astro/_MG_9245.qYnvL-a7_1gJwBp.webp (before: 145kB, after: 26kB) (+298ms) (891/5650)
23:16:40   ▶ /_astro/_MG_9247.yhpPtxri_H8vnH.webp (before: 98kB, after: 60kB) (+305ms) (892/5650)
23:16:41   ▶ /_astro/_MG_9245.qYnvL-a7_1B1yeO.webp (before: 145kB, after: 63kB) (+344ms) (893/5650)
23:16:41   ▶ /_astro/_MG_9258.CeccUABF_Z28FFCY.webp (before: 255kB, after: 144kB) (+483ms) (894/5650)
23:16:41   ▶ /_astro/_MG_9260.BjvHU-zo_137YEd.webp (before: 154kB, after: 125kB) (+415ms) (895/5650)
23:16:42   ▶ /_astro/_MG_9251.PCqhRgrm_1aKE33.avif (before: 179kB, after: 65kB) (+6.88s) (896/5650)
23:16:44   ▶ /_astro/_MG_9251.PCqhRgrm_Z20MsMA.avif (before: 179kB, after: 23kB) (+1.57s) (897/5650)
23:16:45   ▶ /_astro/_MG_9257.Dw6E8hdr_ICsHA.avif (before: 299kB, after: 81kB) (+7.66s) (898/5650)
23:16:46   ▶ /_astro/_MG_9257.Dw6E8hdr_gX2ig.avif (before: 299kB, after: 16kB) (+1.09s) (899/5650)
23:16:47   ▶ /_astro/_MG_9260.BjvHU-zo_ZWjpfr.avif (before: 154kB, after: 66kB) (+6.38s) (900/5650)
23:16:48   ▶ /_astro/_MG_9251.PCqhRgrm_ZyMwap.avif (before: 179kB, after: 48kB) (+4.16s) (901/5650)
23:16:48   ▶ /_astro/_MG_9258.CeccUABF_V43gi.avif (before: 255kB, after: 80kB) (+7.36s) (902/5650)
23:16:48   ▶ /_astro/_MG_9257.Dw6E8hdr_1bH3g0.avif (before: 299kB, after: 36kB) (+2.69s) (903/5650)
23:16:48   ▶ /_astro/_MG_9260.BjvHU-zo_Z1TqCy6.avif (before: 154kB, after: 14kB) (+904ms) (904/5650)
23:16:48   ▶ /_astro/_MG_9251.PCqhRgrm_1xx4pJ.webp (before: 179kB, after: 124kB) (+442ms) (905/5650)
23:16:49   ▶ /_astro/_MG_9251.PCqhRgrm_Z1HmGgM.webp (before: 179kB, after: 37kB) (+254ms) (906/5650)
23:16:49   ▶ /_astro/_MG_9257.Dw6E8hdr_16oS5h.webp (before: 299kB, after: 148kB) (+502ms) (907/5650)
23:16:49   ▶ /_astro/_MG_9251.PCqhRgrm_Z1n5EDn.webp (before: 179kB, after: 88kB) (+357ms) (908/5650)
23:16:49   ▶ /_astro/_MG_9257.Dw6E8hdr_znNO4.webp (before: 299kB, after: 23kB) (+271ms) (909/5650)
23:16:49   ▶ /_astro/_MG_9258.CeccUABF_hmuYF.avif (before: 255kB, after: 17kB) (+1.06s) (910/5650)
23:16:49   ▶ /_astro/_MG_9257.Dw6E8hdr_1u7OLN.webp (before: 299kB, after: 59kB) (+320ms) (911/5650)
23:16:50   ▶ /_astro/_MG_9266.CgD7RoiD_Z2F75b.webp (before: 333kB, after: 233kB) (+528ms) (912/5650)
23:16:50   ▶ /_astro/_MG_9270.A3eBs6Jm_IAiDr.webp (before: 352kB, after: 351kB) (+1.00s) (913/5650)
23:16:51   ▶ /_astro/_MG_9260.BjvHU-zo_ZYGBAm.avif (before: 154kB, after: 32kB) (+2.55s) (914/5650)
23:16:51   ▶ /_astro/_MG_9260.BjvHU-zo_ZzwYRK.webp (before: 154kB, after: 125kB) (+453ms) (915/5650)
23:16:52   ▶ /_astro/_MG_9260.BjvHU-zo_Z1B0Q2i.webp (before: 154kB, after: 21kB) (+208ms) (916/5650)
23:16:52   ▶ /_astro/_MG_9260.BjvHU-zo_ZGgP4y.webp (before: 154kB, after: 54kB) (+258ms) (917/5650)
23:16:52   ▶ /_astro/_MG_9258.CeccUABF_1c6vWp.avif (before: 255kB, after: 38kB) (+2.89s) (918/5650)
23:16:53   ▶ /_astro/_MG_9258.CeccUABF_1iPsCY.webp (before: 255kB, after: 144kB) (+465ms) (919/5650)
23:16:53   ▶ /_astro/_MG_9258.CeccUABF_zMhvt.webp (before: 255kB, after: 24kB) (+245ms) (920/5650)
23:16:53   ▶ /_astro/_MG_9272.C_xUEUuD_n4SdH.webp (before: 372kB, after: 400kB) (+1.03s) (921/5650)
23:16:53   ▶ /_astro/_MG_9258.CeccUABF_1uwitd.webp (before: 255kB, after: 60kB) (+299ms) (922/5650)
23:16:54   ▶ /_astro/_MG_9276.Cb30Rr6e_Z2p5sh8.webp (before: 281kB, after: 200kB) (+482ms) (923/5650)
23:16:58   ▶ /_astro/_MG_9266.CgD7RoiD_Z12zfBK.avif (before: 333kB, after: 137kB) (+8.90s) (924/5650)
23:16:59   ▶ /_astro/_MG_9270.A3eBs6Jm_1rsGfc.avif (before: 352kB, after: 148kB) (+8.42s) (925/5650)
23:17:00   ▶ /_astro/_MG_9266.CgD7RoiD_6tFqT.avif (before: 333kB, after: 20kB) (+1.11s) (926/5650)
23:17:01   ▶ /_astro/_MG_9270.A3eBs6Jm_ZQcIiP.avif (before: 352kB, after: 44kB) (+2.08s) (927/5650)
23:17:02   ▶ /_astro/_MG_9272.C_xUEUuD_Z2aMfYX.avif (before: 372kB, after: 162kB) (+9.03s) (928/5650)
23:17:02   ▶ /_astro/_MG_9276.Cb30Rr6e_EEgC9.avif (before: 281kB, after: 121kB) (+8.44s) (929/5650)
23:17:03   ▶ /_astro/_MG_9266.CgD7RoiD_Z1XTjjc.avif (before: 333kB, after: 57kB) (+3.31s) (930/5650)
23:17:03   ▶ /_astro/_MG_9276.Cb30Rr6e_1TT8G4.avif (before: 281kB, after: 18kB) (+1.04s) (931/5650)
23:17:03   ▶ /_astro/_MG_9266.CgD7RoiD_ZEMPf4.webp (before: 333kB, after: 233kB) (+504ms) (932/5650)
23:17:04   ▶ /_astro/_MG_9266.CgD7RoiD_oTrWH.webp (before: 333kB, after: 28kB) (+256ms) (933/5650)
23:17:04   ▶ /_astro/_MG_9266.CgD7RoiD_Z1FtwMo.webp (before: 333kB, after: 87kB) (+319ms) (934/5650)
23:17:04   ▶ /_astro/_MG_9272.C_xUEUuD_Z1MncjS.avif (before: 372kB, after: 49kB) (+2.29s) (935/5650)
23:17:05   ▶ /_astro/_MG_9278.BoTCmbKr_E9Tmt.webp (before: 218kB, after: 245kB) (+912ms) (936/5650)
23:17:06   ▶ /_astro/_MG_9276.Cb30Rr6e_Z2fxYa8.avif (before: 281kB, after: 49kB) (+2.90s) (937/5650)
23:17:06   ▶ /_astro/_MG_9270.A3eBs6Jm_Z1ugTLK.avif (before: 352kB, after: 107kB) (+5.45s) (938/5650)
23:17:06   ▶ /_astro/_MG_9276.Cb30Rr6e_12qFYP.webp (before: 281kB, after: 200kB) (+483ms) (939/5650)
23:17:07   ▶ /_astro/_MG_9276.Cb30Rr6e_2djUcR.webp (before: 281kB, after: 25kB) (+248ms) (940/5650)
23:17:07   ▶ /_astro/_MG_9270.A3eBs6Jm_1Of6BS.webp (before: 352kB, after: 232kB) (+528ms) (941/5650)
23:17:07   ▶ /_astro/_MG_9276.Cb30Rr6e_Z1W8cDk.webp (before: 281kB, after: 75kB) (+307ms) (942/5650)
23:17:07   ▶ /_astro/_MG_9270.A3eBs6Jm_ZxLVM2.webp (before: 352kB, after: 59kB) (+305ms) (943/5650)
23:17:08   ▶ /_astro/_MG_9270.A3eBs6Jm_Z2iz3fI.webp (before: 352kB, after: 160kB) (+430ms) (944/5650)
23:17:08   ▶ /_astro/_MG_9288.CyBHK2r2_Z13V6js.webp (before: 417kB, after: 244kB) (+537ms) (945/5650)
23:17:08   ▶ /_astro/_MG_9287.BkMWY8gj_Z2p7LFI.webp (before: 652kB, after: 688kB) (+1.24s) (946/5650)
23:17:10   ▶ /_astro/_MG_9272.C_xUEUuD_ZlnfGH.avif (before: 372kB, after: 118kB) (+5.97s) (947/5650)
23:17:11   ▶ /_astro/_MG_9272.C_xUEUuD_Z1N0PCh.webp (before: 372kB, after: 261kB) (+537ms) (948/5650)
23:17:11   ▶ /_astro/_MG_9272.C_xUEUuD_Z1tWpN5.webp (before: 372kB, after: 68kB) (+327ms) (949/5650)
23:17:11   ▶ /_astro/_MG_9272.C_xUEUuD_Z19FoaF.webp (before: 372kB, after: 185kB) (+437ms) (950/5650)
23:17:12   ▶ /_astro/_MG_9278.BoTCmbKr_Z1SHeQc.avif (before: 218kB, after: 93kB) (+7.41s) (951/5650)
23:17:12   ▶ /_astro/_MG_9298.CInvquHZ_2Tz5I.webp (before: 360kB, after: 400kB) (+1.01s) (952/5650)
23:17:14   ▶ /_astro/_MG_9278.BoTCmbKr_1ahsfi.avif (before: 218kB, after: 27kB) (+1.65s) (953/5650)
23:17:17   ▶ /_astro/_MG_9288.CyBHK2r2_20NCzO.avif (before: 417kB, after: 148kB) (+9.09s) (954/5650)
23:17:18   ▶ /_astro/_MG_9288.CyBHK2r2_Z2sBLt3.avif (before: 417kB, after: 20kB) (+1.13s) (955/5650)
23:17:19   ▶ /_astro/_MG_9278.BoTCmbKr_Z2sTIVs.avif (before: 218kB, after: 66kB) (+4.62s) (956/5650)
23:17:19   ▶ /_astro/_MG_9278.BoTCmbKr_Z1vUOtv.webp (before: 218kB, after: 164kB) (+451ms) (957/5650)
23:17:19   ▶ /_astro/_MG_9278.BoTCmbKr_1sHeL6.webp (before: 218kB, after: 41kB) (+251ms) (958/5650)
23:17:20   ▶ /_astro/_MG_9278.BoTCmbKr_1MYgov.webp (before: 218kB, after: 111kB) (+367ms) (959/5650)
23:17:20   ▶ /_astro/_MG_9300.D5PYbujs_Z1nNHsH.webp (before: 122kB, after: 155kB) (+823ms) (960/5650)
23:17:21   ▶ /_astro/_MG_9298.CInvquHZ_Z2uWz7W.avif (before: 360kB, after: 163kB) (+8.58s) (961/5650)
23:17:22   ▶ /_astro/_MG_9288.CyBHK2r2_Z1xRKvj.avif (before: 417kB, after: 60kB) (+3.39s) (962/5650)
23:17:22   ▶ /_astro/_MG_9287.BkMWY8gj_Z1Gfo4X.avif (before: 652kB, after: 324kB) (+13.54s) (963/5650)
23:17:22   ▶ /_astro/_MG_9288.CyBHK2r2_2nA2Wv.webp (before: 417kB, after: 244kB) (+532ms) (964/5650)
23:17:23   ▶ /_astro/_MG_9288.CyBHK2r2_Z2abYWf.webp (before: 417kB, after: 29kB) (+284ms) (965/5650)
23:17:23   ▶ /_astro/_MG_9288.CyBHK2r2_Z1frXYv.webp (before: 417kB, after: 88kB) (+346ms) (966/5650)
23:17:23   ▶ /_astro/_MG_9298.CInvquHZ_ZXYULv.avif (before: 360kB, after: 46kB) (+2.17s) (967/5650)
23:17:24   ▶ /_astro/_MG_9307.CiefWXgF_Z1PPMo2.webp (before: 87kB, after: 116kB) (+785ms) (968/5650)
23:17:24   ▶ /_astro/_MG_9287.BkMWY8gj_2jIPId.avif (before: 652kB, after: 65kB) (+2.61s) (969/5650)
23:17:26   ▶ /_astro/_MG_9300.D5PYbujs_18vh7y.avif (before: 122kB, after: 48kB) (+5.32s) (970/5650)
23:17:27   ▶ /_astro/_MG_9300.D5PYbujs_16fwUV.avif (before: 122kB, after: 16kB) (+1.22s) (971/5650)
23:17:29   ▶ /_astro/_MG_9307.CiefWXgF_Ftcce.avif (before: 87kB, after: 36kB) (+5.00s) (972/5650)
23:17:29   ▶ /_astro/_MG_9298.CInvquHZ_s00PF.avif (before: 360kB, after: 117kB) (+5.59s) (973/5650)
23:17:29   ▶ /_astro/_MG_9298.CInvquHZ_Z28b9Kg.webp (before: 360kB, after: 272kB) (+529ms) (974/5650)
23:17:30   ▶ /_astro/_MG_9298.CInvquHZ_ZFz9fH.webp (before: 360kB, after: 65kB) (+297ms) (975/5650)
23:17:30   ▶ /_astro/_MG_9307.CiefWXgF_Z1GKhju.avif (before: 87kB, after: 13kB) (+1.10s) (976/5650)
23:17:30   ▶ /_astro/_MG_9298.CInvquHZ_Zli7Ci.webp (before: 360kB, after: 181kB) (+431ms) (977/5650)
23:17:30   ▶ /_astro/_MG_9300.D5PYbujs_Z2wVEfO.avif (before: 122kB, after: 35kB) (+3.37s) (978/5650)
23:17:31   ▶ /_astro/_MG_9300.D5PYbujs_1vhGuf.webp (before: 122kB, after: 101kB) (+387ms) (979/5650)
23:17:31   ▶ /_astro/_MG_9300.D5PYbujs_1oFjrJ.webp (before: 122kB, after: 29kB) (+209ms) (980/5650)
23:17:31   ▶ /_astro/_MG_9308.A22bvGbV_Z8XX32.webp (before: 424kB, after: 458kB) (+1.07s) (981/5650)
23:17:31   ▶ /_astro/_MG_9300.D5PYbujs_1IWl59.webp (before: 122kB, after: 69kB) (+309ms) (982/5650)
23:17:32   ▶ /_astro/_MG_9311.-YJCwmRI_i879r.webp (before: 92kB, after: 128kB) (+792ms) (983/5650)
23:17:33   ▶ /_astro/_MG_9307.CiefWXgF_ZfKkGj.avif (before: 87kB, after: 26kB) (+3.17s) (984/5650)
23:17:33   ▶ /_astro/_MG_9287.BkMWY8gj_1FEEfi.avif (before: 652kB, after: 215kB) (+8.71s) (985/5650)
23:17:33   ▶ /_astro/_MG_9307.CiefWXgF_13fByU.webp (before: 87kB, after: 74kB) (+362ms) (986/5650)
23:17:34   ▶ /_astro/_MG_9307.CiefWXgF_Z1okuMG.webp (before: 87kB, after: 22kB) (+189ms) (987/5650)
23:17:34   ▶ /_astro/_MG_9287.BkMWY8gj_Z1jsXHh.webp (before: 652kB, after: 448kB) (+702ms) (988/5650)
23:17:34   ▶ /_astro/_MG_9307.CiefWXgF_Z143tah.webp (before: 87kB, after: 51kB) (+288ms) (989/5650)
23:17:34   ▶ /_astro/_MG_9287.BkMWY8gj_Z2s2vyU.webp (before: 652kB, after: 82kB) (+418ms) (990/5650)
23:17:35   ▶ /_astro/_MG_9315.Cm2KOkOK_2o8rGP.webp (before: 114kB, after: 145kB) (+865ms) (991/5650)
23:17:35   ▶ /_astro/_MG_9287.BkMWY8gj_RmvLk.webp (before: 652kB, after: 291kB) (+575ms) (992/5650)
23:17:36   ▶ /_astro/_MG_9316.DlUdCyaK_1dc7cs.webp (before: 190kB, after: 233kB) (+885ms) (993/5650)
23:17:37   ▶ /_astro/_MG_9311.-YJCwmRI_Z2fJ24e.avif (before: 92kB, after: 40kB) (+5.30s) (994/5650)
23:17:39   ▶ /_astro/_MG_9311.-YJCwmRI_YyI7m.avif (before: 92kB, after: 15kB) (+1.21s) (995/5650)
23:17:40   ▶ /_astro/_MG_9315.Cm2KOkOK_Z1Xbivl.avif (before: 114kB, after: 46kB) (+5.80s) (996/5650)
23:17:41   ▶ /_astro/_MG_9308.A22bvGbV_2nl1xe.avif (before: 424kB, after: 191kB) (+9.97s) (997/5650)
23:17:42   ▶ /_astro/_MG_9315.Cm2KOkOK_Z2gYqSR.avif (before: 114kB, after: 17kB) (+1.32s) (998/5650)
23:17:42   ▶ /_astro/_MG_9311.-YJCwmRI_2qyEJx.avif (before: 92kB, after: 29kB) (+3.34s) (999/5650)
23:17:42   ▶ /_astro/_MG_9316.DlUdCyaK_1V4uNd.avif (before: 190kB, after: 75kB) (+6.50s) (1000/5650)
23:17:42   ▶ /_astro/_MG_9311.-YJCwmRI_Z1RWBGx.webp (before: 92kB, after: 85kB) (+359ms) (1001/5650)
23:17:42   ▶ /_astro/_MG_9311.-YJCwmRI_1hYuDa.webp (before: 92kB, after: 25kB) (+188ms) (1002/5650)
23:17:43   ▶ /_astro/_MG_9311.-YJCwmRI_1Cgwgz.webp (before: 92kB, after: 59kB) (+284ms) (1003/5650)
23:17:43   ▶ /_astro/_MG_9308.A22bvGbV_9EoO4.avif (before: 424kB, after: 49kB) (+2.23s) (1004/5650)
23:17:44   ▶ /_astro/_MG_9316.DlUdCyaK_Z2tjnTu.avif (before: 190kB, after: 21kB) (+1.42s) (1005/5650)
23:17:44   ▶ /_astro/_MG_9319.DgOlPSvd_Z3WiSr.webp (before: 207kB, after: 229kB) (+902ms) (1006/5650)
23:17:45   ▶ /_astro/_MG_9315.Cm2KOkOK_2a8vr9.avif (before: 114kB, after: 35kB) (+3.69s) (1007/5650)
23:17:46   ▶ /_astro/_MG_9315.Cm2KOkOK_Z1AoS8E.webp (before: 114kB, after: 92kB) (+373ms) (1008/5650)
23:17:46   ▶ /_astro/_MG_9315.Cm2KOkOK_Z1XyEn4.webp (before: 114kB, after: 29kB) (+204ms) (1009/5650)
23:17:46   ▶ /_astro/_MG_9315.Cm2KOkOK_1lPmXb.webp (before: 114kB, after: 66kB) (+307ms) (1010/5650)
23:17:47   ▶ /_astro/_MG_9323.DIjgtar8_YzFK9.webp (before: 198kB, after: 217kB) (+838ms) (1011/5650)
23:17:48   ▶ /_astro/_MG_9316.DlUdCyaK_1WNyqw.avif (before: 190kB, after: 52kB) (+4.10s) (1012/5650)
23:17:48   ▶ /_astro/_MG_9316.DlUdCyaK_2iPUaT.webp (before: 190kB, after: 151kB) (+426ms) (1013/5650)
23:17:48   ▶ /_astro/_MG_9316.DlUdCyaK_Z2aSBnG.webp (before: 190kB, after: 37kB) (+232ms) (1014/5650)
23:17:49   ▶ /_astro/_MG_9316.DlUdCyaK_19vpWy.webp (before: 190kB, after: 102kB) (+343ms) (1015/5650)
23:17:49   ▶ /_astro/_MG_9325.nwHrj09T_Z210qoY.webp (before: 320kB, after: 238kB) (+512ms) (1016/5650)
23:17:50   ▶ /_astro/_MG_9308.A22bvGbV_1AElrf.avif (before: 424kB, after: 133kB) (+6.24s) (1017/5650)
23:17:50   ▶ /_astro/_MG_9308.A22bvGbV_Z2k4GT1.webp (before: 424kB, after: 304kB) (+566ms) (1018/5650)
23:17:50   ▶ /_astro/_MG_9308.A22bvGbV_s5bkR.webp (before: 424kB, after: 70kB) (+330ms) (1019/5650)
23:17:51   ▶ /_astro/_MG_9308.A22bvGbV_MmcXh.webp (before: 424kB, after: 202kB) (+462ms) (1020/5650)
23:17:51   ▶ /_astro/_MG_9319.DgOlPSvd_2smFGO.avif (before: 207kB, after: 81kB) (+7.29s) (1021/5650)
23:17:52   ▶ /_astro/_MG_9327.C9NxVZiG_1uB0rN.webp (before: 320kB, after: 366kB) (+995ms) (1022/5650)
23:17:53   ▶ /_astro/_MG_9319.DgOlPSvd_Z1teBIr.avif (before: 207kB, after: 24kB) (+1.61s) (1023/5650)
23:17:57   ▶ /_astro/_MG_9323.DIjgtar8_Z1yhssw.avif (before: 198kB, after: 86kB) (+9.93s) (1024/5650)
23:17:57   ▶ /_astro/_MG_9319.DgOlPSvd_Z2eF6g.avif (before: 207kB, after: 57kB) (+4.59s) (1025/5650)
23:17:58   ▶ /_astro/_MG_9319.DgOlPSvd_Z2f32Jq.webp (before: 207kB, after: 152kB) (+464ms) (1026/5650)
23:17:58   ▶ /_astro/_MG_9319.DgOlPSvd_Z1aNPcD.webp (before: 207kB, after: 40kB) (+244ms) (1027/5650)
23:17:58   ▶ /_astro/_MG_9319.DgOlPSvd_ZPwNze.webp (before: 207kB, after: 104kB) (+354ms) (1028/5650)
23:17:58   ▶ /_astro/prix.C9YPnopj_2eDkav.webp (before: 7kB, after: 13kB) (+72ms) (1029/5650)
23:17:58   ▶ /_astro/prix.C9YPnopj_jsWWw.avif (before: 7kB, after: 6kB) (+185ms) (1030/5650)
23:17:59   ▶ /_astro/prix.C9YPnopj_Z2kTrQO.avif (before: 7kB, after: 1kB) (+70ms) (1031/5650)
23:17:59   ▶ /_astro/prix.C9YPnopj_ZQw4BH.avif (before: 7kB, after: 4kB) (+162ms) (1032/5650)
23:17:59   ▶ /_astro/prix.C9YPnopj_1QPOb.webp (before: 7kB, after: 8kB) (+26ms) (1033/5650)
23:17:59   ▶ /_astro/prix.C9YPnopj_Z2lt6rv.webp (before: 7kB, after: 2kB) (+16ms) (1034/5650)
23:17:59   ▶ /_astro/prix.C9YPnopj_Z198bK3.webp (before: 7kB, after: 6kB) (+25ms) (1035/5650)
23:17:59   ▶ /_astro/_MG_9323.DIjgtar8_Z1h9dPo.avif (before: 198kB, after: 25kB) (+1.64s) (1036/5650)
23:18:00   ▶ /_astro/_MG_8851.vn6bOMmw_1kc1LY.webp (before: 83kB, after: 118kB) (+772ms) (1037/5650)
23:18:01   ▶ /_astro/_MG_9327.C9NxVZiG_Z13g8KR.avif (before: 320kB, after: 148kB) (+8.68s) (1038/5650)
23:18:03   ▶ /_astro/_MG_9327.C9NxVZiG_Z1UaJOy.avif (before: 320kB, after: 41kB) (+2.04s) (1039/5650)
23:18:03   ▶ /_astro/_MG_9325.nwHrj09T_13Jiui.avif (before: 320kB, after: 148kB) (+13.74s) (1040/5650)
23:18:04   ▶ /_astro/_MG_9325.nwHrj09T_Z2atg4m.avif (before: 320kB, after: 24kB) (+1.12s) (1041/5650)
23:18:05   ▶ /_astro/_MG_8851.vn6bOMmw_234pnJ.avif (before: 83kB, after: 35kB) (+5.12s) (1042/5650)
23:18:05   ▶ /_astro/_MG_9323.DIjgtar8_9PHLM.avif (before: 198kB, after: 60kB) (+6.17s) (1043/5650)
23:18:05   ▶ /_astro/_MG_9323.DIjgtar8_Z1bv35P.webp (before: 198kB, after: 146kB) (+434ms) (1044/5650)
23:18:06   ▶ /_astro/_MG_9323.DIjgtar8_ZXIrjA.webp (before: 198kB, after: 37kB) (+231ms) (1045/5650)
23:18:06   ▶ /_astro/_MG_8851.vn6bOMmw_90Dus.avif (before: 83kB, after: 11kB) (+1.18s) (1046/5650)
23:18:06   ▶ /_astro/_MG_9323.DIjgtar8_ZDrpGb.webp (before: 198kB, after: 98kB) (+333ms) (1047/5650)
23:18:07   ▶ /_astro/_MG_8852.b_yO6W5Q_MAuCk.webp (before: 99kB, after: 136kB) (+769ms) (1048/5650)
23:18:07   ▶ /_astro/_MG_9325.nwHrj09T_Z1fJf6C.avif (before: 320kB, after: 63kB) (+3.38s) (1049/5650)
23:18:08   ▶ /_astro/_MG_9325.nwHrj09T_1qvHQY.webp (before: 320kB, after: 238kB) (+513ms) (1050/5650)
23:18:08   ▶ /_astro/_MG_9325.nwHrj09T_Z1R3txy.webp (before: 320kB, after: 31kB) (+263ms) (1051/5650)
23:18:08   ▶ /_astro/_MG_9327.C9NxVZiG_ZtaNcn.avif (before: 320kB, after: 104kB) (+5.76s) (1052/5650)
23:18:09   ▶ /_astro/_MG_9325.nwHrj09T_ZWjszO.webp (before: 320kB, after: 93kB) (+322ms) (1053/5650)
23:18:09   ▶ /_astro/_MG_9327.C9NxVZiG_ZFtIob.webp (before: 320kB, after: 247kB) (+529ms) (1054/5650)
23:18:09   ▶ /_astro/_MG_9327.C9NxVZiG_Z1BJXiK.webp (before: 320kB, after: 59kB) (+297ms) (1055/5650)
23:18:09   ▶ /_astro/_MG_8851.vn6bOMmw_Zu3wXs.avif (before: 83kB, after: 26kB) (+3.51s) (1056/5650)
23:18:09   ▶ /_astro/_MG_8853.CbEJQP4B_Z2rv6Uu.webp (before: 129kB, after: 183kB) (+835ms) (1057/5650)
23:18:10   ▶ /_astro/_MG_9327.C9NxVZiG_Z1hsVFl.webp (before: 320kB, after: 164kB) (+420ms) (1058/5650)
23:18:10   ▶ /_astro/_MG_8851.vn6bOMmw_2pPOKq.webp (before: 83kB, after: 73kB) (+352ms) (1059/5650)
23:18:10   ▶ /_astro/_MG_8851.vn6bOMmw_rqq1g.webp (before: 83kB, after: 20kB) (+184ms) (1060/5650)
23:18:10   ▶ /_astro/_MG_8851.vn6bOMmw_Z1ilFrq.webp (before: 83kB, after: 51kB) (+281ms) (1061/5650)
23:18:10   ▶ /_astro/_MG_8868.1tojKvBB_Z2npSdX.webp (before: 41kB, after: 70kB) (+710ms) (1062/5650)
23:18:11   ▶ /_astro/_MG_8870.DZpha5YM_ZW77Lj.webp (before: 38kB, after: 55kB) (+692ms) (1063/5650)
23:18:13   ▶ /_astro/_MG_8852.b_yO6W5Q_Z1KgDAl.avif (before: 99kB, after: 46kB) (+6.74s) (1064/5650)
23:18:14   ▶ /_astro/_MG_8870.DZpha5YM_1zcQNW.avif (before: 38kB, after: 16kB) (+3.47s) (1065/5650)
23:18:15   ▶ /_astro/_MG_8852.b_yO6W5Q_bvHrM.avif (before: 99kB, after: 15kB) (+1.15s) (1066/5650)
23:18:15   ▶ /_astro/_MG_8868.1tojKvBB_8T6mi.avif (before: 41kB, after: 18kB) (+4.57s) (1067/5650)
23:18:15   ▶ /_astro/_MG_8870.DZpha5YM_ZbV3Be.avif (before: 38kB, after: 6kB) (+722ms) (1068/5650)
23:18:15   ▶ /_astro/_MG_8853.CbEJQP4B_4NREL.avif (before: 129kB, after: 57kB) (+5.97s) (1069/5650)
23:18:16   ▶ /_astro/_MG_8868.1tojKvBB_Z4JsqF.avif (before: 41kB, after: 6kB) (+768ms) (1070/5650)
23:18:17   ▶ /_astro/_MG_8853.CbEJQP4B_Z2wXniK.avif (before: 129kB, after: 18kB) (+1.33s) (1071/5650)
23:18:17   ▶ /_astro/_MG_8870.DZpha5YM_1f3S0W.avif (before: 38kB, after: 12kB) (+2.43s) (1072/5650)
23:18:18   ▶ /_astro/_MG_8870.DZpha5YM_1VYhbD.webp (before: 38kB, after: 35kB) (+284ms) (1073/5650)
23:18:18   ▶ /_astro/_MG_8870.DZpha5YM_6tHTz.webp (before: 38kB, after: 11kB) (+162ms) (1074/5650)
23:18:18   ▶ /_astro/_MG_8870.DZpha5YM_qKJwY.webp (before: 38kB, after: 24kB) (+224ms) (1075/5650)
23:18:19   ▶ /_astro/_MG_8868.1tojKvBB_1mftbv.avif (before: 41kB, after: 13kB) (+3.18s) (1076/5650)
23:18:19   ▶ /_astro/_MG_8877.D3ju1aGZ_Z1r0J8d.webp (before: 58kB, after: 87kB) (+746ms) (1077/5650)
23:18:19   ▶ /_astro/_MG_8868.1tojKvBB_vFvIY.webp (before: 41kB, after: 44kB) (+302ms) (1078/5650)
23:18:19   ▶ /_astro/_MG_8868.1tojKvBB_dFj58.webp (before: 41kB, after: 12kB) (+157ms) (1079/5650)
23:18:19   ▶ /_astro/_MG_8852.b_yO6W5Q_1CvE4X.avif (before: 99kB, after: 34kB) (+4.69s) (1080/5650)
23:18:20   ▶ /_astro/_MG_8868.1tojKvBB_xWkHx.webp (before: 41kB, after: 29kB) (+240ms) (1081/5650)
23:18:20   ▶ /_astro/_MG_8852.b_yO6W5Q_Z1nuedE.webp (before: 99kB, after: 90kB) (+346ms) (1082/5650)
23:18:20   ▶ /_astro/_MG_8852.b_yO6W5Q_tVtXA.webp (before: 99kB, after: 25kB) (+181ms) (1083/5650)
23:18:20   ▶ /_astro/_MG_8852.b_yO6W5Q_OdvB0.webp (before: 99kB, after: 62kB) (+277ms) (1084/5650)
23:18:20   ▶ /_astro/_MG_8883.ByzzTSgn_26WLfD.webp (before: 125kB, after: 126kB) (+811ms) (1085/5650)
23:18:21   ▶ /_astro/_MG_8853.CbEJQP4B_Z15XqFz.avif (before: 129kB, after: 41kB) (+3.97s) (1086/5650)
23:18:21   ▶ /_astro/_MG_8887.sSuPWcyV_2uOqrr.webp (before: 239kB, after: 264kB) (+923ms) (1087/5650)
23:18:21   ▶ /_astro/_MG_8853.CbEJQP4B_rAi2s.webp (before: 129kB, after: 117kB) (+416ms) (1088/5650)
23:18:21   ▶ /_astro/_MG_8853.CbEJQP4B_Z2exALW.webp (before: 129kB, after: 32kB) (+207ms) (1089/5650)
23:18:22   ▶ /_astro/_MG_8853.CbEJQP4B_Z1Tgz9x.webp (before: 129kB, after: 83kB) (+310ms) (1090/5650)
23:18:22   ▶ /_astro/_MG_8889.DfKJTkSX_1EwpnI.webp (before: 81kB, after: 107kB) (+752ms) (1091/5650)
23:18:24   ▶ /_astro/_MG_8877.D3ju1aGZ_15jfs3.avif (before: 58kB, after: 29kB) (+4.93s) (1092/5650)
23:18:25   ▶ /_astro/_MG_8877.D3ju1aGZ_ZQUrAv.avif (before: 58kB, after: 6kB) (+818ms) (1093/5650)
23:18:26   ▶ /_astro/_MG_8883.ByzzTSgn_ZqTmX2.avif (before: 125kB, after: 42kB) (+5.94s) (1094/5650)
23:18:27   ▶ /_astro/_MG_8887.sSuPWcyV_Z32HLe.avif (before: 239kB, after: 86kB) (+6.21s) (1095/5650)
23:18:27   ▶ /_astro/_MG_8883.ByzzTSgn_ZJUuvN.avif (before: 125kB, after: 10kB) (+1.03s) (1096/5650)
23:18:28   ▶ /_astro/_MG_8889.DfKJTkSX_ZSkIOW.avif (before: 81kB, after: 34kB) (+5.27s) (1097/5650)
23:18:28   ▶ /_astro/_MG_8877.D3ju1aGZ_z4u1F.avif (before: 58kB, after: 18kB) (+3.24s) (1098/5650)
23:18:28   ▶ /_astro/_MG_8877.D3ju1aGZ_1s5EOJ.webp (before: 58kB, after: 58kB) (+334ms) (1099/5650)
23:18:28   ▶ /_astro/_MG_8877.D3ju1aGZ_ZyuF4H.webp (before: 58kB, after: 13kB) (+178ms) (1100/5650)
23:18:28   ▶ /_astro/_MG_8889.DfKJTkSX_Z2eR0ks.avif (before: 81kB, after: 10kB) (+825ms) (1101/5650)
23:18:28   ▶ /_astro/_MG_8887.sSuPWcyV_13TKHm.avif (before: 239kB, after: 26kB) (+1.25s) (1102/5650)
23:18:29   ▶ /_astro/_MG_8877.D3ju1aGZ_ZedDri.webp (before: 58kB, after: 41kB) (+292ms) (1103/5650)
23:18:29   ▶ /_astro/_MG_8892.CXZtZA1f_1zJGg7.webp (before: 68kB, after: 50kB) (+307ms) (1104/5650)
23:18:31   ▶ /_astro/_MG_8883.ByzzTSgn_G4r6n.avif (before: 125kB, after: 26kB) (+3.59s) (1105/5650)
23:18:31   ▶ /_astro/_MG_8883.ByzzTSgn_Z47WAl.webp (before: 125kB, after: 82kB) (+380ms) (1106/5650)
23:18:31   ▶ /_astro/_MG_8883.ByzzTSgn_ZruI00.webp (before: 125kB, after: 19kB) (+205ms) (1107/5650)
23:18:32   ▶ /_astro/_MG_8883.ByzzTSgn_Z7dGmA.webp (before: 125kB, after: 56kB) (+307ms) (1108/5650)
23:18:32   ▶ /_astro/_MG_8889.DfKJTkSX_ZMR3Hh.avif (before: 81kB, after: 25kB) (+3.56s) (1109/5650)
23:18:32   ▶ /_astro/_MG_8894.7Ra2yR_N_Z2uWAk5.webp (before: 31kB, after: 32kB) (+270ms) (1110/5650)
23:18:32   ▶ /_astro/_MG_8889.DfKJTkSX_Zvyjsg.webp (before: 81kB, after: 69kB) (+327ms) (1111/5650)
23:18:32   ▶ /_astro/_MG_8887.sSuPWcyV_2uTHkx.avif (before: 239kB, after: 64kB) (+3.86s) (1112/5650)
23:18:33   ▶ /_astro/_MG_8889.DfKJTkSX_Z1VrdNE.webp (before: 81kB, after: 17kB) (+192ms) (1113/5650)
23:18:33   ▶ /_astro/_MG_8889.DfKJTkSX_Z1Bacbf.webp (before: 81kB, after: 47kB) (+270ms) (1114/5650)
23:18:33   ▶ /_astro/_MG_8887.sSuPWcyV_jIGAs.webp (before: 239kB, after: 172kB) (+453ms) (1115/5650)
23:18:33   ▶ /_astro/_MG_8887.sSuPWcyV_1mkxea.webp (before: 239kB, after: 43kB) (+252ms) (1116/5650)
23:18:33   ▶ /_astro/_MG_8887.sSuPWcyV_1GByQz.webp (before: 239kB, after: 121kB) (+377ms) (1117/5650)
23:18:33   ▶ /_astro/_MG_8897.DIPYKmDV_GvPhE.webp (before: 37kB, after: 56kB) (+695ms) (1118/5650)
23:18:34   ▶ /_astro/_MG_8904.DjTMTtIU_KqyeL.webp (before: 29kB, after: 41kB) (+699ms) (1119/5650)
23:18:34   ▶ /_astro/_MG_8892.CXZtZA1f_zPxIx.avif (before: 68kB, after: 23kB) (+5.12s) (1120/5650)
23:18:35   ▶ /_astro/_MG_8892.CXZtZA1f_jGHjm.avif (before: 68kB, after: 4kB) (+460ms) (1121/5650)
23:18:36   ▶ /_astro/_MG_8894.7Ra2yR_N_yM8zc.avif (before: 31kB, after: 14kB) (+3.56s) (1122/5650)
23:18:36   ▶ /_astro/_MG_8894.7Ra2yR_N_Z2vrYfi.avif (before: 31kB, after: 3kB) (+402ms) (1123/5650)
23:18:36   ▶ /_astro/_MG_8892.CXZtZA1f_Z1KGhqJ.avif (before: 68kB, after: 9kB) (+1.58s) (1124/5650)
23:18:36   ▶ /_astro/_MG_8892.CXZtZA1f_WBX6e.webp (before: 68kB, after: 50kB) (+308ms) (1125/5650)
23:18:37   ▶ /_astro/_MG_8892.CXZtZA1f_C7tPa.webp (before: 68kB, after: 6kB) (+143ms) (1126/5650)
23:18:37   ▶ /_astro/_MG_8892.CXZtZA1f_Z1sguTV.webp (before: 68kB, after: 17kB) (+186ms) (1127/5650)
23:18:37   ▶ /_astro/_MG_8894.7Ra2yR_N_Z1AHXhy.avif (before: 31kB, after: 7kB) (+1.26s) (1128/5650)
23:18:37   ▶ /_astro/_MG_8897.DIPYKmDV_Z1QliV1.avif (before: 37kB, after: 15kB) (+3.88s) (1129/5650)
23:18:37   ▶ /_astro/_MG_8912.CKJ6aB-L_Z1VbDWL.webp (before: 17kB, after: 33kB) (+651ms) (1130/5650)
23:18:37   ▶ /_astro/_MG_8904.DjTMTtIU_Z1MqzXT.avif (before: 29kB, after: 10kB) (+3.37s) (1131/5650)
23:18:38   ▶ /_astro/_MG_8894.7Ra2yR_N_VyxVS.webp (before: 31kB, after: 32kB) (+285ms) (1132/5650)
23:18:38   ▶ /_astro/_MG_8894.7Ra2yR_N_Z2d2cIu.webp (before: 31kB, after: 5kB) (+125ms) (1133/5650)
23:18:38   ▶ /_astro/_MG_8894.7Ra2yR_N_Z1iibKK.webp (before: 31kB, after: 13kB) (+154ms) (1134/5650)
23:18:38   ▶ /_astro/_MG_8897.DIPYKmDV_1umSgo.avif (before: 37kB, after: 5kB) (+719ms) (1135/5650)
23:18:38   ▶ /_astro/_MG_8914.BiceIDaM_Z1P3IE1.webp (before: 26kB, after: 31kB) (+285ms) (1136/5650)
23:18:38   ▶ /_astro/_MG_8904.DjTMTtIU_Z17AFlh.avif (before: 29kB, after: 4kB) (+671ms) (1137/5650)
23:18:40   ▶ /_astro/_MG_8912.CKJ6aB-L_A8kCu.avif (before: 17kB, after: 8kB) (+2.34s) (1138/5650)
23:18:40   ▶ /_astro/_MG_8912.CKJ6aB-L_g8Tes.avif (before: 17kB, after: 3kB) (+517ms) (1139/5650)
23:18:40   ▶ /_astro/_MG_8904.DjTMTtIU_joggT.avif (before: 29kB, after: 8kB) (+2.32s) (1140/5650)
23:18:41   ▶ /_astro/_MG_8904.DjTMTtIU_Z1pEaBd.webp (before: 29kB, after: 25kB) (+277ms) (1141/5650)
23:18:41   ▶ /_astro/_MG_8897.DIPYKmDV_Z28OiUm.avif (before: 37kB, after: 11kB) (+2.76s) (1142/5650)
23:18:41   ▶ /_astro/_MG_8904.DjTMTtIU_ZOaSOt.webp (before: 29kB, after: 7kB) (+141ms) (1143/5650)
23:18:41   ▶ /_astro/_MG_8897.DIPYKmDV_Z1tySyk.webp (before: 37kB, after: 35kB) (+284ms) (1144/5650)
23:18:41   ▶ /_astro/_MG_8904.DjTMTtIU_ZtSRc4.webp (before: 29kB, after: 17kB) (+222ms) (1145/5650)
23:18:41   ▶ /_astro/_MG_8897.DIPYKmDV_1MMEMc.webp (before: 37kB, after: 10kB) (+146ms) (1146/5650)
23:18:41   ▶ /_astro/_MG_8914.BiceIDaM_1eG0fg.avif (before: 26kB, after: 13kB) (+3.18s) (1147/5650)
23:18:41   ▶ /_astro/_MG_8915.KFcucQPC_Z2c23dj.webp (before: 16kB, after: 20kB) (+260ms) (1148/5650)
23:18:42   ▶ /_astro/_MG_8897.DIPYKmDV_284GpB.webp (before: 37kB, after: 25kB) (+255ms) (1149/5650)
23:18:42   ▶ /_astro/_MG_8922.7Z8VSS47_1N5Kwu.webp (before: 33kB, after: 34kB) (+294ms) (1150/5650)
23:18:42   ▶ /_astro/_MG_8914.BiceIDaM_1h0uCO.avif (before: 26kB, after: 3kB) (+540ms) (1151/5650)
23:18:42   ▶ /_astro/_MG_8912.CKJ6aB-L_1H8PQD.avif (before: 17kB, after: 6kB) (+1.65s) (1152/5650)
23:18:42   ▶ /_astro/_MG_8912.CKJ6aB-L_WTK0b.webp (before: 17kB, after: 20kB) (+250ms) (1153/5650)
23:18:42   ▶ /_astro/_MG_8912.CKJ6aB-L_yyFKg.webp (before: 17kB, after: 5kB) (+120ms) (1154/5650)
23:18:43   ▶ /_astro/_MG_8912.CKJ6aB-L_SPHnF.webp (before: 17kB, after: 14kB) (+203ms) (1155/5650)
23:18:43   ▶ /_astro/_MG_8914.BiceIDaM_2bJvAy.avif (before: 26kB, after: 7kB) (+1.22s) (1156/5650)
23:18:43   ▶ /_astro/_MG_8925.CuLuLgRN_YcQYT.webp (before: 47kB, after: 65kB) (+702ms) (1157/5650)
23:18:43   ▶ /_astro/_MG_8914.BiceIDaM_1BspBW.webp (before: 26kB, after: 31kB) (+260ms) (1158/5650)
23:18:43   ▶ /_astro/_MG_8914.BiceIDaM_1zqh9C.webp (before: 26kB, after: 6kB) (+114ms) (1159/5650)
23:18:44   ▶ /_astro/_MG_8914.BiceIDaM_2uai7m.webp (before: 26kB, after: 13kB) (+148ms) (1160/5650)
23:18:44   ▶ /_astro/_MG_8915.KFcucQPC_RHFFX.avif (before: 16kB, after: 8kB) (+2.57s) (1161/5650)
23:18:44   ▶ /_astro/_MG_8929.DbXqCwd7_Z2dNyVm.webp (before: 24kB, after: 47kB) (+679ms) (1162/5650)
23:18:44   ▶ /_astro/_MG_8915.KFcucQPC_16hRkm.avif (before: 16kB, after: 2kB) (+326ms) (1163/5650)
23:18:45   ▶ /_astro/_MG_8915.KFcucQPC_211Si6.avif (before: 16kB, after: 4kB) (+914ms) (1164/5650)
23:18:45   ▶ /_astro/_MG_8922.7Z8VSS47_ZclDna.avif (before: 33kB, after: 15kB) (+3.53s) (1165/5650)
23:18:45   ▶ /_astro/_MG_8915.KFcucQPC_1fu63E.webp (before: 16kB, after: 20kB) (+253ms) (1166/5650)
23:18:46   ▶ /_astro/_MG_8915.KFcucQPC_1oHDQa.webp (before: 16kB, after: 3kB) (+109ms) (1167/5650)
23:18:46   ▶ /_astro/_MG_8915.KFcucQPC_2jrENT.webp (before: 16kB, after: 8kB) (+149ms) (1168/5650)
23:18:46   ▶ /_astro/_MG_8922.7Z8VSS47_23cd4j.avif (before: 33kB, after: 3kB) (+479ms) (1169/5650)
23:18:46   ▶ /_astro/_MG_8940.Blsy-TjY_1Q14sP.webp (before: 24kB, after: 28kB) (+262ms) (1170/5650)
23:18:47   ▶ /_astro/_MG_8925.CuLuLgRN_Z1yEhdL.avif (before: 47kB, after: 19kB) (+3.82s) (1171/5650)
23:18:47   ▶ /_astro/_MG_8922.7Z8VSS47_Z27fTLS.avif (before: 33kB, after: 7kB) (+1.36s) (1172/5650)
23:18:47   ▶ /_astro/_MG_8922.7Z8VSS47_apKYw.webp (before: 33kB, after: 34kB) (+290ms) (1173/5650)
23:18:48   ▶ /_astro/_MG_8922.7Z8VSS47_2lBYA7.webp (before: 33kB, after: 6kB) (+114ms) (1174/5650)
23:18:48   ▶ /_astro/_MG_8929.DbXqCwd7_ivpDT.avif (before: 24kB, after: 12kB) (+3.44s) (1175/5650)
23:18:48   ▶ /_astro/_MG_8922.7Z8VSS47_Z1NP8g5.webp (before: 33kB, after: 14kB) (+154ms) (1176/5650)
23:18:48   ▶ /_astro/_MG_8925.CuLuLgRN_Z1ralCK.avif (before: 47kB, after: 6kB) (+759ms) (1177/5650)
23:18:48   ▶ /_astro/_MG_8941.C-o11uiV_ZySQ7i.webp (before: 39kB, after: 38kB) (+274ms) (1178/5650)
23:18:48   ▶ /_astro/_MG_8929.DbXqCwd7_JAoKS.avif (before: 24kB, after: 4kB) (+636ms) (1179/5650)
23:18:49   ▶ /_astro/_MG_8940.Blsy-TjY_Z9qkqO.avif (before: 24kB, after: 12kB) (+3.14s) (1180/5650)
23:18:50   ▶ /_astro/_MG_8940.Blsy-TjY_Z4M7Ii.avif (before: 24kB, after: 3kB) (+431ms) (1181/5650)
23:18:50   ▶ /_astro/_MG_8925.CuLuLgRN_Zap0z.avif (before: 47kB, after: 14kB) (+2.54s) (1182/5650)
23:18:51   ▶ /_astro/_MG_8925.CuLuLgRN_Z1bRQQ5.webp (before: 47kB, after: 41kB) (+283ms) (1183/5650)
23:18:51   ▶ /_astro/_MG_8940.Blsy-TjY_OVSer.avif (before: 24kB, after: 6kB) (+1.16s) (1184/5650)
23:18:51   ▶ /_astro/_MG_8925.CuLuLgRN_Z18Jz6W.webp (before: 47kB, after: 11kB) (+140ms) (1185/5650)
23:18:51   ▶ /_astro/_MG_8929.DbXqCwd7_2bAlo4.avif (before: 24kB, after: 9kB) (+2.42s) (1186/5650)
23:18:51   ▶ /_astro/_MG_8940.Blsy-TjY_dl4UR.webp (before: 24kB, after: 28kB) (+261ms) (1187/5650)
23:18:51   ▶ /_astro/_MG_8925.CuLuLgRN_ZNsxtx.webp (before: 47kB, after: 28kB) (+226ms) (1188/5650)
23:18:51   ▶ /_astro/_MG_8929.DbXqCwd7_FhP1A.webp (before: 24kB, after: 29kB) (+276ms) (1189/5650)
23:18:51   ▶ /_astro/_MG_8940.Blsy-TjY_dCDMv.webp (before: 24kB, after: 5kB) (+107ms) (1190/5650)
23:18:51   ▶ /_astro/_MG_8929.DbXqCwd7_131bhG.webp (before: 24kB, after: 8kB) (+142ms) (1191/5650)
23:18:51   ▶ /_astro/_MG_8940.Blsy-TjY_18mEKf.webp (before: 24kB, after: 12kB) (+147ms) (1192/5650)
23:18:51   ▶ /_astro/_MG_8929.DbXqCwd7_1nicU6.webp (before: 24kB, after: 20kB) (+220ms) (1193/5650)
23:18:52   ▶ /_astro/_MG_8944.DAhxnKy-_1czGdy.webp (before: 44kB, after: 39kB) (+296ms) (1194/5650)
23:18:52   ▶ /_astro/_MG_8941.C-o11uiV_2uPRLY.avif (before: 39kB, after: 17kB) (+3.62s) (1195/5650)
23:18:52   ▶ /_astro/_MG_8942.DZ6Vf8l4_Z3I3HB.webp (before: 62kB, after: 84kB) (+721ms) (1196/5650)
23:18:52   ▶ /_astro/_MG_8950.D9IHabYH_2gSYND.webp (before: 107kB, after: 85kB) (+346ms) (1197/5650)
23:18:52   ▶ /_astro/_MG_8941.C-o11uiV_Zjyzpq.avif (before: 39kB, after: 3kB) (+382ms) (1198/5650)
23:18:53   ▶ /_astro/_MG_8941.C-o11uiV_Aaqxj.avif (before: 39kB, after: 8kB) (+1.26s) (1199/5650)
23:18:54   ▶ /_astro/_MG_8941.C-o11uiV_Z2cyPEg.webp (before: 39kB, after: 38kB) (+269ms) (1200/5650)
23:18:54   ▶ /_astro/_MG_8941.C-o11uiV_Z18MSC.webp (before: 39kB, after: 6kB) (+112ms) (1201/5650)
23:18:54   ▶ /_astro/_MG_8941.C-o11uiV_SAd47.webp (before: 39kB, after: 16kB) (+150ms) (1202/5650)
23:18:55   ▶ /_astro/_MG_8954.DLxyQj_o_Z1xPTQV.webp (before: 44kB, after: 62kB) (+700ms) (1203/5650)
23:18:56   ▶ /_astro/_MG_8944.DAhxnKy-_ZMQHG6.avif (before: 44kB, after: 18kB) (+4.91s) (1204/5650)
23:18:57   ▶ /_astro/_MG_8944.DAhxnKy-_Z1564h4.avif (before: 44kB, after: 4kB) (+480ms) (1205/5650)
23:18:57   ▶ /_astro/_MG_8942.DZ6Vf8l4_2sAURE.avif (before: 62kB, after: 25kB) (+5.38s) (1206/5650)
23:18:58   ▶ /_astro/_MG_8944.DAhxnKy-_Zam3jk.avif (before: 44kB, after: 8kB) (+1.19s) (1207/5650)
23:18:58   ▶ /_astro/_MG_8942.DZ6Vf8l4_ZEcccq.avif (before: 62kB, after: 8kB) (+1.00s) (1208/5650)
23:18:58   ▶ /_astro/_MG_8944.DAhxnKy-_Zq5ijp.webp (before: 44kB, after: 39kB) (+295ms) (1209/5650)
23:18:59   ▶ /_astro/_MG_8944.DAhxnKy-_ZLFhKg.webp (before: 44kB, after: 7kB) (+126ms) (1210/5650)
23:18:59   ▶ /_astro/_MG_8950.D9IHabYH_grzSY.avif (before: 107kB, after: 43kB) (+6.89s) (1211/5650)
23:18:59   ▶ /_astro/_MG_8944.DAhxnKy-_83Ict.webp (before: 44kB, after: 17kB) (+171ms) (1212/5650)
23:18:59   ▶ /_astro/_MG_8959.PxlSgFie_Z1ahD3p.webp (before: 72kB, after: 71kB) (+341ms) (1213/5650)
23:18:59   ▶ /_astro/_MG_8954.DLxyQj_o_ZOXwgb.avif (before: 44kB, after: 16kB) (+4.53s) (1214/5650)
23:18:59   ▶ /_astro/_MG_8950.D9IHabYH_1p6kg8.avif (before: 107kB, after: 7kB) (+566ms) (1215/5650)
23:19:00   ▶ /_astro/_MG_8954.DLxyQj_o_3ke1C.avif (before: 44kB, after: 6kB) (+826ms) (1216/5650)
23:19:01   ▶ /_astro/_MG_8950.D9IHabYH_2jPldR.avif (before: 107kB, after: 17kB) (+1.54s) (1217/5650)
23:19:01   ▶ /_astro/_MG_8950.D9IHabYH_De0gF.webp (before: 107kB, after: 85kB) (+345ms) (1218/5650)
23:19:01   ▶ /_astro/_MG_8950.D9IHabYH_1Hw6LV.webp (before: 107kB, after: 11kB) (+160ms) (1219/5650)
23:19:01   ▶ /_astro/_MG_8950.D9IHabYH_Z2rV14g.webp (before: 107kB, after: 31kB) (+211ms) (1220/5650)
23:19:02   ▶ /_astro/_MG_8942.DZ6Vf8l4_LMJpK.avif (before: 62kB, after: 18kB) (+3.55s) (1221/5650)
23:19:02   ▶ /_astro/_MG_8942.DZ6Vf8l4_Z2eNMyA.webp (before: 62kB, after: 53kB) (+311ms) (1222/5650)
23:19:02   ▶ /_astro/_MG_8942.DZ6Vf8l4_ZlLpFC.webp (before: 62kB, after: 15kB) (+160ms) (1223/5650)
23:19:02   ▶ /_astro/lamia-01.Dv1Imbfq_Z2kDC15.webp (before: 67kB, after: 93kB) (+727ms) (1224/5650)
23:19:02   ▶ /_astro/_MG_8942.DZ6Vf8l4_Z1uo3d.webp (before: 62kB, after: 37kB) (+249ms) (1225/5650)
23:19:03   ▶ /_astro/_MG_8954.DLxyQj_o_ZzIWri.avif (before: 44kB, after: 12kB) (+2.94s) (1226/5650)
23:19:03   ▶ /_astro/lamia-02.Bb0H4gZk_Z10hejl.webp (before: 57kB, after: 82kB) (+720ms) (1227/5650)
23:19:03   ▶ /_astro/_MG_8954.DLxyQj_o_Zsc6Su.webp (before: 44kB, after: 37kB) (+309ms) (1228/5650)
23:19:03   ▶ /_astro/_MG_8954.DLxyQj_o_lK0xq.webp (before: 44kB, after: 11kB) (+153ms) (1229/5650)
23:19:03   ▶ /_astro/_MG_8954.DLxyQj_o_Z1o25Ug.webp (before: 44kB, after: 26kB) (+228ms) (1230/5650)
23:19:04   ▶ /_astro/lamia-03.DgO1pCmr_Zkq2kH.webp (before: 52kB, after: 53kB) (+268ms) (1231/5650)
23:19:04   ▶ /_astro/_MG_8959.PxlSgFie_1Ts5PR.avif (before: 72kB, after: 36kB) (+4.95s) (1232/5650)
23:19:04   ▶ /_astro/_MG_8959.PxlSgFie_Z2sOh2W.avif (before: 72kB, after: 4kB) (+484ms) (1233/5650)
23:19:06   ▶ /_astro/_MG_8959.PxlSgFie_Z1y5g5d.avif (before: 72kB, after: 11kB) (+1.61s) (1234/5650)
23:19:06   ▶ /_astro/_MG_8959.PxlSgFie_2hevdy.webp (before: 72kB, after: 71kB) (+338ms) (1235/5650)
23:19:07   ▶ /_astro/_MG_8959.PxlSgFie_Z2aouw9.webp (before: 72kB, after: 8kB) (+152ms) (1236/5650)
23:19:07   ▶ /_astro/_MG_8959.PxlSgFie_Z1fEtyp.webp (before: 72kB, after: 27kB) (+199ms) (1237/5650)
23:19:07   ▶ /_astro/lamia-04.Cep79T68_Z1lerCs.webp (before: 100kB, after: 87kB) (+362ms) (1238/5650)
23:19:08   ▶ /_astro/lamia-01.Dv1Imbfq_Z1BLepk.avif (before: 67kB, after: 28kB) (+5.34s) (1239/5650)
23:19:08   ▶ /_astro/lamia-02.Bb0H4gZk_1w2KgU.avif (before: 57kB, after: 24kB) (+4.95s) (1240/5650)
23:19:09   ▶ /_astro/lamia-01.Dv1Imbfq_ZMeLO1.avif (before: 67kB, after: 8kB) (+1.02s) (1241/5650)
23:19:09   ▶ /_astro/lamia-03.DgO1pCmr_Z1lKtJX.avif (before: 52kB, after: 25kB) (+5.07s) (1242/5650)
23:19:09   ▶ /_astro/lamia-02.Bb0H4gZk_Z1v5pLf.avif (before: 57kB, after: 7kB) (+987ms) (1243/5650)
23:19:09   ▶ /_astro/lamia-03.DgO1pCmr_Z29qUHE.avif (before: 52kB, after: 5kB) (+470ms) (1244/5650)
23:19:10   ▶ /_astro/lamia-03.DgO1pCmr_ZWLR6W.avif (before: 52kB, after: 11kB) (+1.16s) (1245/5650)
23:19:11   ▶ /_astro/lamia-03.DgO1pCmr_Z13kHea.webp (before: 52kB, after: 53kB) (+267ms) (1246/5650)
23:19:11   ▶ /_astro/lamia-03.DgO1pCmr_Z1XPhvb.webp (before: 52kB, after: 8kB) (+119ms) (1247/5650)
23:19:11   ▶ /_astro/lamia-03.DgO1pCmr_ZMbdTt.webp (before: 52kB, after: 22kB) (+157ms) (1248/5650)
23:19:12   ▶ /_astro/lamia-05.BSNO6Tuq_1TtEbB.webp (before: 87kB, after: 126kB) (+787ms) (1249/5650)
23:19:12   ▶ /_astro/lamia-01.Dv1Imbfq_Z1qiXhV.avif (before: 67kB, after: 19kB) (+3.58s) (1250/5650)
23:19:12   ▶ /_astro/lamia-01.Dv1Imbfq_Z1eYO2D.webp (before: 67kB, after: 60kB) (+313ms) (1251/5650)
23:19:12   ▶ /_astro/lamia-02.Bb0H4gZk_Z45t94.avif (before: 57kB, after: 16kB) (+3.43s) (1252/5650)
23:19:13   ▶ /_astro/lamia-01.Dv1Imbfq_ZtO0id.webp (before: 67kB, after: 15kB) (+163ms) (1253/5650)
23:19:13   ▶ /_astro/lamia-02.Bb0H4gZk_1SOaDB.webp (before: 57kB, after: 53kB) (+301ms) (1254/5650)
23:19:13   ▶ /_astro/lamia-01.Dv1Imbfq_Z2eB6KT.webp (before: 67kB, after: 40kB) (+252ms) (1255/5650)
23:19:13   ▶ /_astro/lamia-02.Bb0H4gZk_Z1cEDfr.webp (before: 57kB, after: 13kB) (+157ms) (1256/5650)
23:19:13   ▶ /_astro/lamia-02.Bb0H4gZk_ZRnBC2.webp (before: 57kB, after: 34kB) (+245ms) (1257/5650)
23:19:14   ▶ /_astro/lamia-06.B_3ABfor_24k7ds.webp (before: 84kB, after: 125kB) (+778ms) (1258/5650)
23:19:14   ▶ /_astro/lamia-07.DBgPq-Ei_ZFIHLb.webp (before: 82kB, after: 124kB) (+765ms) (1259/5650)
23:19:15   ▶ /_astro/lamia-04.Cep79T68_1IvhgO.avif (before: 100kB, after: 42kB) (+8.03s) (1260/5650)
23:19:16   ▶ /_astro/lamia-04.Cep79T68_Z1a7FW6.avif (before: 100kB, after: 7kB) (+695ms) (1261/5650)
23:19:17   ▶ /_astro/lamia-05.BSNO6Tuq_ZDnu24.avif (before: 87kB, after: 36kB) (+5.33s) (1262/5650)
23:19:18   ▶ /_astro/lamia-04.Cep79T68_ZfnEYm.avif (before: 100kB, after: 17kB) (+1.93s) (1263/5650)
23:19:18   ▶ /_astro/lamia-04.Cep79T68_26hGDv.webp (before: 100kB, after: 87kB) (+363ms) (1264/5650)
23:19:18   ▶ /_astro/lamia-05.BSNO6Tuq_Z1fldSt.avif (before: 87kB, after: 11kB) (+1.14s) (1265/5650)
23:19:18   ▶ /_astro/lamia-04.Cep79T68_ZQGTqi.webp (before: 100kB, after: 12kB) (+177ms) (1266/5650)
23:19:19   ▶ /_astro/lamia-04.Cep79T68_326wr.webp (before: 100kB, after: 34kB) (+224ms) (1267/5650)
23:19:19   ▶ /_astro/lamia-08.BX5f62q1_Z2akX1v.webp (before: 82kB, after: 116kB) (+764ms) (1268/5650)
23:19:21   ▶ /_astro/lamia-07.DBgPq-Ei_1PAgO5.avif (before: 82kB, after: 37kB) (+7.03s) (1269/5650)
23:19:21   ▶ /_astro/lamia-06.B_3ABfor_Ztx20d.avif (before: 84kB, after: 37kB) (+7.55s) (1270/5650)
23:19:22   ▶ /_astro/lamia-05.BSNO6Tuq_bDHIH.avif (before: 87kB, after: 25kB) (+3.46s) (1271/5650)
23:19:22   ▶ /_astro/lamia-07.DBgPq-Ei_1hDH2Q.avif (before: 82kB, after: 10kB) (+1.07s) (1272/5650)
23:19:22   ▶ /_astro/lamia-05.BSNO6Tuq_ZgB4En.webp (before: 87kB, after: 79kB) (+358ms) (1273/5650)
23:19:22   ▶ /_astro/lamia-05.BSNO6Tuq_ZVUrmF.webp (before: 87kB, after: 21kB) (+192ms) (1274/5650)
23:19:22   ▶ /_astro/lamia-06.B_3ABfor_133Cdo.avif (before: 84kB, after: 10kB) (+1.14s) (1275/5650)
23:19:23   ▶ /_astro/lamia-05.BSNO6Tuq_ZBDpJg.webp (before: 87kB, after: 52kB) (+288ms) (1276/5650)
23:19:23   ▶ /_astro/lamia-09.BbfqBKNc_Z2G0CR.webp (before: 28kB, after: 33kB) (+278ms) (1277/5650)
23:19:26   ▶ /_astro/lamia-06.B_3ABfor_2u3yPz.avif (before: 84kB, after: 26kB) (+3.28s) (1278/5650)
23:19:26   ▶ /_astro/lamia-06.B_3ABfor_Z6KBCw.webp (before: 84kB, after: 82kB) (+357ms) (1279/5650)
23:19:26   ▶ /_astro/lamia-06.B_3ABfor_1ltoJc.webp (before: 84kB, after: 21kB) (+188ms) (1280/5650)
23:19:26   ▶ /_astro/lamia-06.B_3ABfor_1FKqmB.webp (before: 84kB, after: 55kB) (+289ms) (1281/5650)
23:19:27   ▶ /_astro/lamia-08.BX5f62q1_Z1rszpK.avif (before: 82kB, after: 33kB) (+7.27s) (1282/5650)
23:19:27   ▶ /_astro/lamia-07.DBgPq-Ei_Z2lxu8T.avif (before: 82kB, after: 26kB) (+4.62s) (1283/5650)
23:19:27   ▶ /_astro/lamia-10.Bsf6xJeq_Z1D0lVx.webp (before: 27kB, after: 29kB) (+259ms) (1284/5650)
23:19:27   ▶ /_astro/lamia-09.BbfqBKNc_Z238pxw.avif (before: 28kB, after: 14kB) (+4.15s) (1285/5650)
23:19:27   ▶ /_astro/lamia-07.DBgPq-Ei_2dmGbL.webp (before: 82kB, after: 79kB) (+344ms) (1286/5650)
23:19:27   ▶ /_astro/lamia-07.DBgPq-Ei_1A4tyE.webp (before: 82kB, after: 21kB) (+180ms) (1287/5650)
23:19:27   ▶ /_astro/lamia-09.BbfqBKNc_1YyhrA.avif (before: 28kB, after: 3kB) (+422ms) (1288/5650)
23:19:27   ▶ /_astro/lamia-07.DBgPq-Ei_1Ulvc4.webp (before: 82kB, after: 54kB) (+282ms) (1289/5650)
23:19:28   ▶ /_astro/lamia-08.BX5f62q1_1vaXLi.avif (before: 82kB, after: 8kB) (+1.06s) (1290/5650)
23:19:28   ▶ /_astro/lamia-11.ClmKTYmG_o5mkR.webp (before: 73kB, after: 105kB) (+750ms) (1291/5650)
23:19:29   ▶ /_astro/lamia-09.BbfqBKNc_Z2aSPoB.avif (before: 28kB, after: 6kB) (+1.12s) (1292/5650)
23:19:29   ▶ /_astro/lamia-09.BbfqBKNc_Z1Fm0aP.webp (before: 28kB, after: 33kB) (+275ms) (1293/5650)
23:19:29   ▶ /_astro/lamia-09.BbfqBKNc_2hY3Xo.webp (before: 28kB, after: 5kB) (+122ms) (1294/5650)
23:19:29   ▶ /_astro/lamia-09.BbfqBKNc_Z1Rt3RN.webp (before: 28kB, after: 13kB) (+159ms) (1295/5650)
23:19:29   ▶ /_astro/lamia-12.u48zhFLz_Z1oVSVe.webp (before: 61kB, after: 55kB) (+313ms) (1296/5650)
23:19:30   ▶ /_astro/lamia-10.Bsf6xJeq_1qJmWJ.avif (before: 27kB, after: 12kB) (+3.09s) (1297/5650)
23:19:30   ▶ /_astro/lamia-10.Bsf6xJeq_ZFFt6E.avif (before: 27kB, after: 2kB) (+358ms) (1298/5650)
23:19:31   ▶ /_astro/lamia-08.BX5f62q1_R6Min.avif (before: 82kB, after: 22kB) (+3.20s) (1299/5650)
23:19:31   ▶ /_astro/lamia-08.BX5f62q1_Z14Ga34.webp (before: 82kB, after: 73kB) (+340ms) (1300/5650)
23:19:31   ▶ /_astro/lamia-10.Bsf6xJeq_e3wQ5.avif (before: 27kB, after: 5kB) (+1.12s) (1301/5650)
23:19:31   ▶ /_astro/lamia-08.BX5f62q1_1NAKi6.webp (before: 82kB, after: 18kB) (+179ms) (1302/5650)
23:19:32   ▶ /_astro/lamia-10.Bsf6xJeq_1NvMkq.webp (before: 27kB, after: 29kB) (+255ms) (1303/5650)
23:19:32   ▶ /_astro/lamia-10.Bsf6xJeq_ZnfGzQ.webp (before: 27kB, after: 4kB) (+105ms) (1304/5650)
23:19:32   ▶ /_astro/lamia-08.BX5f62q1_3NDOp.webp (before: 82kB, after: 49kB) (+273ms) (1305/5650)
23:19:32   ▶ /_astro/lamia-10.Bsf6xJeq_wtjmS.webp (before: 27kB, after: 11kB) (+139ms) (1306/5650)
23:19:32   ▶ /_astro/lamia-14.DGx5kjlC_ZFS9RH.webp (before: 60kB, after: 63kB) (+313ms) (1307/5650)
23:19:32   ▶ /_astro/lamia-13.QKIFVa0q_23HC50.webp (before: 72kB, after: 110kB) (+770ms) (1308/5650)
23:19:35   ▶ /_astro/lamia-12.u48zhFLz_1EMOX3.avif (before: 61kB, after: 26kB) (+5.47s) (1309/5650)
23:19:35   ▶ /_astro/lamia-11.ClmKTYmG_Z29LLRN.avif (before: 73kB, after: 32kB) (+6.78s) (1310/5650)
23:19:35   ▶ /_astro/lamia-12.u48zhFLz_ZvdpWa.avif (before: 61kB, after: 5kB) (+519ms) (1311/5650)
23:19:36   ▶ /_astro/lamia-11.ClmKTYmG_EJE6t.avif (before: 73kB, after: 10kB) (+1.03s) (1312/5650)
23:19:37   ▶ /_astro/lamia-14.DGx5kjlC_2nQz1z.avif (before: 60kB, after: 28kB) (+5.19s) (1313/5650)
23:19:37   ▶ /_astro/lamia-12.u48zhFLz_ovA0z.avif (before: 61kB, after: 12kB) (+1.91s) (1314/5650)
23:19:38   ▶ /_astro/lamia-12.u48zhFLz_22zfkJ.webp (before: 61kB, after: 55kB) (+307ms) (1315/5650)
23:19:38   ▶ /_astro/lamia-12.u48zhFLz_ZcMDqm.webp (before: 61kB, after: 8kB) (+136ms) (1316/5650)
23:19:38   ▶ /_astro/lamia-14.DGx5kjlC_19gbMz.avif (before: 60kB, after: 7kB) (+635ms) (1317/5650)
23:19:38   ▶ /_astro/lamia-12.u48zhFLz_GVmwn.webp (before: 61kB, after: 22kB) (+179ms) (1318/5650)
23:19:39   ▶ /_astro/lamia-15.oIcorpLZ_Z2qrT9V.webp (before: 34kB, after: 60kB) (+689ms) (1319/5650)
23:19:39   ▶ /_astro/lamia-13.QKIFVa0q_Zu9w8F.avif (before: 72kB, after: 33kB) (+6.26s) (1320/5650)
23:19:39   ▶ /_astro/lamia-11.ClmKTYmG_26JAIE.avif (before: 73kB, after: 23kB) (+3.06s) (1321/5650)
23:19:39   ▶ /_astro/lamia-11.ClmKTYmG_Z1M0mv7.webp (before: 73kB, after: 67kB) (+334ms) (1322/5650)
23:19:40   ▶ /_astro/lamia-11.ClmKTYmG_XaqCh.webp (before: 73kB, after: 18kB) (+174ms) (1323/5650)
23:19:40   ▶ /_astro/lamia-13.QKIFVa0q_Z2e5puT.avif (before: 72kB, after: 13kB) (+1.12s) (1324/5650)
23:19:40   ▶ /_astro/lamia-14.DGx5kjlC_240cKj.avif (before: 60kB, after: 15kB) (+1.92s) (1325/5650)
23:19:40   ▶ /_astro/lamia-11.ClmKTYmG_1irsfG.webp (before: 73kB, after: 47kB) (+265ms) (1326/5650)
23:19:40   ▶ /_astro/lamia-14.DGx5kjlC_Z2jy9pF.webp (before: 60kB, after: 63kB) (+312ms) (1327/5650)
23:19:40   ▶ /_astro/lamia-14.DGx5kjlC_1rFXjn.webp (before: 60kB, after: 11kB) (+138ms) (1328/5650)
23:19:40   ▶ /_astro/lamia-14.DGx5kjlC_2mpYh7.webp (before: 60kB, after: 28kB) (+187ms) (1329/5650)
23:19:41   ▶ /_astro/lamia-16.CO7SUJBl_2scqlL.webp (before: 47kB, after: 78kB) (+704ms) (1330/5650)
23:19:41   ▶ /_astro/lamia-17.DL5Hicqu_Z28mOEF.webp (before: 52kB, after: 81kB) (+713ms) (1331/5650)
23:19:43   ▶ /_astro/lamia-15.oIcorpLZ_5R5qk.avif (before: 34kB, after: 16kB) (+3.97s) (1332/5650)
23:19:43   ▶ /_astro/lamia-15.oIcorpLZ_59Wog.avif (before: 34kB, after: 5kB) (+839ms) (1333/5650)
23:19:44   ▶ /_astro/lamia-13.QKIFVa0q_ZM5sRI.avif (before: 72kB, after: 25kB) (+4.27s) (1334/5650)
23:19:44   ▶ /_astro/lamia-13.QKIFVa0q_Z7n6KY.webp (before: 72kB, after: 72kB) (+346ms) (1335/5650)
23:19:45   ▶ /_astro/lamia-13.QKIFVa0q_Z1UECY6.webp (before: 72kB, after: 23kB) (+184ms) (1336/5650)
23:19:45   ▶ /_astro/lamia-13.QKIFVa0q_Z1AnBlG.webp (before: 72kB, after: 52kB) (+280ms) (1337/5650)
23:19:45   ▶ /_astro/lamia-16.CO7SUJBl_Z5EHQT.avif (before: 47kB, after: 21kB) (+4.66s) (1338/5650)
23:19:46   ▶ /_astro/lamia-18.HExUgeLe_Z19Q7nE.webp (before: 138kB, after: 174kB) (+843ms) (1339/5650)
23:19:46   ▶ /_astro/lamia-17.DL5Hicqu_nW9UA.avif (before: 52kB, after: 23kB) (+4.85s) (1340/5650)
23:19:46   ▶ /_astro/lamia-15.oIcorpLZ_1w9T1r.avif (before: 34kB, after: 11kB) (+2.71s) (1341/5650)
23:19:46   ▶ /_astro/lamia-16.CO7SUJBl_13OAR1.avif (before: 47kB, after: 7kB) (+926ms) (1342/5650)
23:19:46   ▶ /_astro/lamia-15.oIcorpLZ_sDuN1.webp (before: 34kB, after: 37kB) (+304ms) (1343/5650)
23:19:47   ▶ /_astro/lamia-15.oIcorpLZ_nzIU4.webp (before: 34kB, after: 10kB) (+153ms) (1344/5650)
23:19:47   ▶ /_astro/lamia-15.oIcorpLZ_HQKxt.webp (before: 34kB, after: 25kB) (+234ms) (1345/5650)
23:19:47   ▶ /_astro/lamia-17.DL5Hicqu_1eMheR.avif (before: 52kB, after: 7kB) (+915ms) (1346/5650)
23:19:47   ▶ /_astro/lamia-19.h5oMAIDi_2mp6EP.webp (before: 22kB, after: 38kB) (+665ms) (1347/5650)
23:19:49   ▶ /_astro/lamia-16.CO7SUJBl_2uOxuc.avif (before: 47kB, after: 15kB) (+3.34s) (1348/5650)
23:19:50   ▶ /_astro/lamia-16.CO7SUJBl_h6GuM.webp (before: 47kB, after: 49kB) (+298ms) (1349/5650)
23:19:50   ▶ /_astro/lamia-16.CO7SUJBl_1mfnnO.webp (before: 47kB, after: 13kB) (+154ms) (1350/5650)
23:19:50   ▶ /_astro/lamia-17.DL5Hicqu_Z2ooTVS.avif (before: 52kB, after: 16kB) (+3.16s) (1351/5650)
23:19:50   ▶ /_astro/lamia-16.CO7SUJBl_1Gwp1e.webp (before: 47kB, after: 33kB) (+242ms) (1352/5650)
23:19:50   ▶ /_astro/lamia-17.DL5Hicqu_KIzih.webp (before: 52kB, after: 51kB) (+298ms) (1353/5650)
23:19:51   ▶ /_astro/lamia-17.DL5Hicqu_1xd3KF.webp (before: 52kB, after: 13kB) (+151ms) (1354/5650)
23:19:51   ▶ /_astro/lamia-19.h5oMAIDi_Z1YTDxl.avif (before: 22kB, after: 10kB) (+3.27s) (1355/5650)
23:19:51   ▶ /_astro/lamia-17.DL5Hicqu_1Ru5o5.webp (before: 52kB, after: 35kB) (+235ms) (1356/5650)
23:19:51   ▶ /_astro/lamia-20.Q2TaEy8s_Z2hhccX.webp (before: 11kB, after: 26kB) (+648ms) (1357/5650)
23:19:51   ▶ /_astro/lamia-18.HExUgeLe_1msRcB.avif (before: 138kB, after: 53kB) (+5.66s) (1358/5650)
23:19:51   ▶ /_astro/lamia-19.h5oMAIDi_1O6WeQ.avif (before: 22kB, after: 3kB) (+658ms) (1359/5650)
23:19:51   ▶ /_astro/lamia-21.mtJHkmap_1peYlE.webp (before: 13kB, after: 28kB) (+642ms) (1360/5650)
23:19:53   ▶ /_astro/lamia-18.HExUgeLe_hF39G.avif (before: 138kB, after: 14kB) (+1.26s) (1361/5650)
23:19:53   ▶ /_astro/lamia-20.Q2TaEy8s_Z1yoNBd.avif (before: 11kB, after: 6kB) (+2.48s) (1362/5650)
23:19:54   ▶ /_astro/lamia-19.h5oMAIDi_1b2KKV.avif (before: 22kB, after: 7kB) (+2.30s) (1363/5650)
23:19:54   ▶ /_astro/lamia-20.Q2TaEy8s_FUmt2.avif (before: 11kB, after: 2kB) (+523ms) (1364/5650)
23:19:54   ▶ /_astro/lamia-19.h5oMAIDi_Z1C8eaE.webp (before: 22kB, after: 23kB) (+269ms) (1365/5650)
23:19:54   ▶ /_astro/lamia-19.h5oMAIDi_27wIKE.webp (before: 22kB, after: 6kB) (+139ms) (1366/5650)
23:19:54   ▶ /_astro/lamia-21.mtJHkmap_Z18C9R1.avif (before: 13kB, after: 6kB) (+2.77s) (1367/5650)
23:19:54   ▶ /_astro/lamia-19.h5oMAIDi_mJChX.webp (before: 22kB, after: 16kB) (+226ms) (1368/5650)
23:19:55   ▶ /_astro/lamia-21.mtJHkmap_1lLwCw.avif (before: 13kB, after: 2kB) (+604ms) (1369/5650)
23:19:55   ▶ /_astro/lamia-22.2I-vOpOd_Z18gDLF.webp (before: 31kB, after: 49kB) (+698ms) (1370/5650)
23:19:56   ▶ /_astro/lamia-20.Q2TaEy8s_2Qb07.avif (before: 11kB, after: 4kB) (+1.73s) (1371/5650)
23:19:56   ▶ /_astro/lamia-20.Q2TaEy8s_Z1bCoew.webp (before: 11kB, after: 15kB) (+249ms) (1372/5650)
23:19:56   ▶ /_astro/lamia-20.Q2TaEy8s_Yl8YP.webp (before: 11kB, after: 4kB) (+125ms) (1373/5650)
23:19:56   ▶ /_astro/lamia-20.Q2TaEy8s_ZKqWsQ.webp (before: 11kB, after: 10kB) (+199ms) (1374/5650)
23:19:56   ▶ /_astro/lamia-18.HExUgeLe_1IEYLR.avif (before: 138kB, after: 38kB) (+3.66s) (1375/5650)
23:19:56   ▶ /_astro/lamia-23.mxxw5ehF_Z2vttFY.webp (before: 29kB, after: 30kB) (+286ms) (1376/5650)
23:19:57   ▶ /_astro/lamia-18.HExUgeLe_1Jfhzi.webp (before: 138kB, after: 117kB) (+404ms) (1377/5650)
23:19:57   ▶ /_astro/lamia-21.mtJHkmap_Z2hpEye.avif (before: 13kB, after: 5kB) (+1.98s) (1378/5650)
23:19:57   ▶ /_astro/lamia-18.HExUgeLe_A5OFu.webp (before: 138kB, after: 27kB) (+239ms) (1379/5650)
23:19:57   ▶ /_astro/lamia-21.mtJHkmap_ZKPJuk.webp (before: 13kB, after: 16kB) (+252ms) (1380/5650)
23:19:57   ▶ /_astro/lamia-21.mtJHkmap_1Ecj9k.webp (before: 13kB, after: 4kB) (+130ms) (1381/5650)
23:19:57   ▶ /_astro/lamia-18.HExUgeLe_UmQiT.webp (before: 138kB, after: 78kB) (+324ms) (1382/5650)
23:19:57   ▶ /_astro/lamia-21.mtJHkmap_1YtkLJ.webp (before: 13kB, after: 11kB) (+209ms) (1383/5650)
23:19:58   ▶ /_astro/lamia-24.A_Ufe_D6_2krQyv.webp (before: 28kB, after: 30kB) (+303ms) (1384/5650)
23:19:58   ▶ /_astro/lamia-25.COt14i8T_18nmQL.webp (before: 18kB, after: 37kB) (+689ms) (1385/5650)
23:19:59   ▶ /_astro/lamia-22.2I-vOpOd_1o3kNA.avif (before: 31kB, after: 14kB) (+3.67s) (1386/5650)
23:20:00   ▶ /_astro/lamia-22.2I-vOpOd_25MsQd.avif (before: 31kB, after: 4kB) (+786ms) (1387/5650)
23:20:00   ▶ /_astro/lamia-23.mxxw5ehF_ygfdi.avif (before: 29kB, after: 14kB) (+3.79s) (1388/5650)
23:20:01   ▶ /_astro/lamia-23.mxxw5ehF_15EAJ1.avif (before: 29kB, after: 3kB) (+502ms) (1389/5650)
23:20:01   ▶ /_astro/lamia-25.COt14i8T_Z1ptLlT.avif (before: 18kB, after: 9kB) (+3.17s) (1390/5650)
23:20:01   ▶ /_astro/lamia-24.A_Ufe_D6_k0rDQ.avif (before: 28kB, after: 13kB) (+3.74s) (1391/5650)
23:20:02   ▶ /_astro/lamia-24.A_Ufe_D6_Z2lUFD7.avif (before: 28kB, after: 3kB) (+528ms) (1392/5650)
23:20:02   ▶ /_astro/lamia-25.COt14i8T_Z7Oau4.avif (before: 18kB, after: 3kB) (+810ms) (1393/5650)
23:20:02   ▶ /_astro/lamia-22.2I-vOpOd_Z1xoIkx.avif (before: 31kB, after: 10kB) (+2.56s) (1394/5650)
23:20:02   ▶ /_astro/lamia-23.mxxw5ehF_20oBGK.avif (before: 29kB, after: 6kB) (+1.44s) (1395/5650)
23:20:02   ▶ /_astro/lamia-22.2I-vOpOd_1KOKbh.webp (before: 31kB, after: 30kB) (+295ms) (1396/5650)
23:20:02   ▶ /_astro/lamia-23.mxxw5ehF_V2EzY.webp (before: 29kB, after: 30kB) (+313ms) (1397/5650)
23:20:03   ▶ /_astro/lamia-22.2I-vOpOd_2odfn1.webp (before: 31kB, after: 8kB) (+164ms) (1398/5650)
23:20:03   ▶ /_astro/lamia-23.mxxw5ehF_1o5nfO.webp (before: 29kB, after: 5kB) (+141ms) (1399/5650)
23:20:03   ▶ /_astro/lamia-23.mxxw5ehF_2iOody.webp (before: 29kB, after: 12kB) (+177ms) (1400/5650)
23:20:03   ▶ /_astro/lamia-22.2I-vOpOd_Z2lGQNv.webp (before: 31kB, after: 20kB) (+245ms) (1401/5650)
23:20:03   ▶ /_astro/lamia-24.A_Ufe_D6_Z1rbEFn.avif (before: 28kB, after: 6kB) (+1.47s) (1402/5650)
23:20:03   ▶ /_astro/lamia-26.CJ1AtIb8_2JPYK.webp (before: 18kB, after: 37kB) (+676ms) (1403/5650)
23:20:03   ▶ /_astro/lamia-27.CSG3K043_12obxu.webp (before: 27kB, after: 51kB) (+691ms) (1404/5650)
23:20:04   ▶ /_astro/lamia-24.A_Ufe_D6_GLR1x.webp (before: 28kB, after: 30kB) (+286ms) (1405/5650)
23:20:04   ▶ /_astro/lamia-24.A_Ufe_D6_Z23uT7j.webp (before: 28kB, after: 5kB) (+140ms) (1406/5650)
23:20:04   ▶ /_astro/lamia-24.A_Ufe_D6_Z18KS9z.webp (before: 28kB, after: 12kB) (+174ms) (1407/5650)
23:20:04   ▶ /_astro/lamia-25.COt14i8T_1jaL87.avif (before: 18kB, after: 6kB) (+2.39s) (1408/5650)
23:20:05   ▶ /_astro/lamia-28.CtJqXm3o_SQRRR.webp (before: 34kB, after: 62kB) (+708ms) (1409/5650)
23:20:05   ▶ /_astro/lamia-25.COt14i8T_Z12HlYd.webp (before: 18kB, after: 21kB) (+283ms) (1410/5650)
23:20:05   ▶ /_astro/lamia-25.COt14i8T_aAB1J.webp (before: 18kB, after: 6kB) (+150ms) (1411/5650)
23:20:05   ▶ /_astro/lamia-25.COt14i8T_uRCE9.webp (before: 18kB, after: 15kB) (+225ms) (1412/5650)
23:20:06   ▶ /_astro/lamia-29.DeRyZdRJ_2nEErd.webp (before: 28kB, after: 53kB) (+698ms) (1413/5650)
23:20:07   ▶ /_astro/lamia-26.CJ1AtIb8_Z2v7idU.avif (before: 18kB, after: 9kB) (+3.23s) (1414/5650)
23:20:07   ▶ /_astro/lamia-27.CSG3K043_Z1vsWFb.avif (before: 27kB, after: 14kB) (+3.89s) (1415/5650)
23:20:07   ▶ /_astro/lamia-26.CJ1AtIb8_Z190CNj.avif (before: 18kB, after: 3kB) (+752ms) (1416/5650)
23:20:08   ▶ /_astro/lamia-27.CSG3K043_w0BuQ.avif (before: 27kB, after: 5kB) (+876ms) (1417/5650)
23:20:09   ▶ /_astro/lamia-28.CtJqXm3o_Z1E0gkN.avif (before: 34kB, after: 18kB) (+4.85s) (1418/5650)
23:20:10   ▶ /_astro/lamia-26.CJ1AtIb8_hYiNR.avif (before: 18kB, after: 6kB) (+2.38s) (1419/5650)
23:20:10   ▶ /_astro/lamia-26.CJ1AtIb8_Z28kRQe.webp (before: 18kB, after: 22kB) (+281ms) (1420/5650)
23:20:10   ▶ /_astro/lamia-26.CJ1AtIb8_ZPzQhv.webp (before: 18kB, after: 6kB) (+151ms) (1421/5650)
23:20:10   ▶ /_astro/lamia-29.DeRyZdRJ_ZactLs.avif (before: 28kB, after: 14kB) (+4.64s) (1422/5650)
23:20:10   ▶ /_astro/lamia-28.CtJqXm3o_bI2RR.avif (before: 34kB, after: 6kB) (+998ms) (1423/5650)
23:20:10   ▶ /_astro/lamia-26.CJ1AtIb8_ZviOE6.webp (before: 18kB, after: 15kB) (+233ms) (1424/5650)
23:20:11   ▶ /_astro/lamia-27.CSG3K043_1X0y82.avif (before: 27kB, after: 10kB) (+2.77s) (1425/5650)
23:20:11   ▶ /_astro/lamia-30.qkFb5eWf_Z1t1kSJ.webp (before: 24kB, after: 46kB) (+704ms) (1426/5650)
23:20:11   ▶ /_astro/lamia-27.CSG3K043_Z18Gxiu.webp (before: 27kB, after: 31kB) (+309ms) (1427/5650)
23:20:11   ▶ /_astro/lamia-29.DeRyZdRJ_2cIpwY.avif (before: 28kB, after: 5kB) (+996ms) (1428/5650)
23:20:11   ▶ /_astro/lamia-27.CSG3K043_Oqo1E.webp (before: 27kB, after: 9kB) (+166ms) (1429/5650)
23:20:12   ▶ /_astro/lamia-27.CSG3K043_19HpE4.webp (before: 27kB, after: 22kB) (+247ms) (1430/5650)
23:20:12   ▶ /_astro/lamia-31.D4kP8rhU_ZxgUe9.webp (before: 30kB, after: 54kB) (+689ms) (1431/5650)
23:20:14   ▶ /_astro/lamia-28.CtJqXm3o_1CHYv3.avif (before: 34kB, after: 13kB) (+3.39s) (1432/5650)
23:20:14   ▶ /_astro/lamia-28.CtJqXm3o_Z1hdPX7.webp (before: 34kB, after: 39kB) (+331ms) (1433/5650)
23:20:14   ▶ /_astro/lamia-28.CtJqXm3o_u8OoF.webp (before: 34kB, after: 11kB) (+169ms) (1434/5650)
23:20:15   ▶ /_astro/lamia-28.CtJqXm3o_OpQ25.webp (before: 34kB, after: 27kB) (+250ms) (1435/5650)
23:20:15   ▶ /_astro/lamia-30.qkFb5eWf_13iDGw.avif (before: 24kB, after: 12kB) (+3.51s) (1436/5650)
23:20:15   ▶ /_astro/lamia-29.DeRyZdRJ_Z1qsLDL.avif (before: 28kB, after: 10kB) (+3.45s) (1437/5650)
23:20:15   ▶ /_astro/lamia-29.DeRyZdRJ_cyUAe.webp (before: 28kB, after: 33kB) (+301ms) (1438/5650)
23:20:15   ▶ /_astro/lamia-32.S2E9KdFR_Z1iB6jE.webp (before: 18kB, after: 35kB) (+655ms) (1439/5650)
23:20:15   ▶ /_astro/lamia-29.DeRyZdRJ_2v9c3M.webp (before: 28kB, after: 10kB) (+165ms) (1440/5650)
23:20:16   ▶ /_astro/lamia-30.qkFb5eWf_72VwE.avif (before: 24kB, after: 4kB) (+826ms) (1441/5650)
23:20:16   ▶ /_astro/lamia-29.DeRyZdRJ_Z2eKU7J.webp (before: 28kB, after: 23kB) (+244ms) (1442/5650)
23:20:16   ▶ /_astro/lamia-33.CDNPnImE_u6JUT.webp (before: 15kB, after: 30kB) (+652ms) (1443/5650)
23:20:16   ▶ /_astro/lamia-31.D4kP8rhU_1Y34m7.avif (before: 30kB, after: 14kB) (+3.94s) (1444/5650)
23:20:17   ▶ /_astro/lamia-31.D4kP8rhU_Z1aaws7.avif (before: 30kB, after: 4kB) (+925ms) (1445/5650)
23:20:18   ▶ /_astro/lamia-32.S2E9KdFR_1dHSgB.avif (before: 18kB, after: 8kB) (+2.75s) (1446/5650)
23:20:18   ▶ /_astro/lamia-30.qkFb5eWf_1y2S9P.avif (before: 24kB, after: 8kB) (+2.55s) (1447/5650)
23:20:18   ▶ /_astro/lamia-30.qkFb5eWf_1q544d.webp (before: 24kB, after: 28kB) (+287ms) (1448/5650)
23:20:18   ▶ /_astro/lamia-30.qkFb5eWf_psI3s.webp (before: 24kB, after: 8kB) (+151ms) (1449/5650)
23:20:19   ▶ /_astro/lamia-32.S2E9KdFR_7nqvO.avif (before: 18kB, after: 3kB) (+647ms) (1450/5650)
23:20:19   ▶ /_astro/lamia-30.qkFb5eWf_JJJFR.webp (before: 24kB, after: 19kB) (+231ms) (1451/5650)
23:20:19   ▶ /_astro/lamia-33.CDNPnImE_Z23KohL.avif (before: 15kB, after: 8kB) (+2.66s) (1452/5650)
23:20:19   ▶ /_astro/lamia-34.QALkz-XW_2vRIjB.webp (before: 16kB, after: 32kB) (+647ms) (1453/5650)
23:20:20   ▶ /_astro/lamia-33.CDNPnImE_Z1C8XwC.avif (before: 15kB, after: 3kB) (+590ms) (1454/5650)
23:20:20   ▶ /_astro/lamia-31.D4kP8rhU_gOpa4.avif (before: 30kB, after: 10kB) (+3.01s) (1455/5650)
23:20:21   ▶ /_astro/lamia-31.D4kP8rhU_2lOtIN.webp (before: 30kB, after: 32kB) (+296ms) (1456/5650)
23:20:21   ▶ /_astro/lamia-32.S2E9KdFR_1ynn90.avif (before: 18kB, after: 6kB) (+2.00s) (1457/5650)
23:20:21   ▶ /_astro/lamia-31.D4kP8rhU_ZQJJVj.webp (before: 30kB, after: 9kB) (+180ms) (1458/5650)
23:20:21   ▶ /_astro/lamia-32.S2E9KdFR_1AuiDi.webp (before: 18kB, after: 21kB) (+268ms) (1459/5650)
23:20:21   ▶ /_astro/lamia-31.D4kP8rhU_ZwsIiT.webp (before: 30kB, after: 22kB) (+239ms) (1460/5650)
23:20:21   ▶ /_astro/lamia-32.S2E9KdFR_pNd2C.webp (before: 18kB, after: 5kB) (+144ms) (1461/5650)
23:20:21   ▶ /_astro/lamia-35.CbUKDWMN_ZUKVKr.webp (before: 9kB, after: 12kB) (+236ms) (1462/5650)
23:20:21   ▶ /_astro/lamia-32.S2E9KdFR_K5eF2.webp (before: 18kB, after: 14kB) (+222ms) (1463/5650)
23:20:21   ▶ /_astro/lamia-33.CDNPnImE_Zb91Tr.avif (before: 15kB, after: 6kB) (+1.85s) (1464/5650)
23:20:22   ▶ /_astro/lamia-33.CDNPnImE_Z1FXXU5.webp (before: 15kB, after: 18kB) (+264ms) (1465/5650)
23:20:22   ▶ /_astro/lamia-33.CDNPnImE_Z1jIc0O.webp (before: 15kB, after: 5kB) (+137ms) (1466/5650)
23:20:22   ▶ /_astro/lamia-34.QALkz-XW_Z1YpT4.avif (before: 16kB, after: 8kB) (+2.54s) (1467/5650)
23:20:22   ▶ /_astro/lamia-36.iaGX1E08_Z26yewc.webp (before: 21kB, after: 40kB) (+657ms) (1468/5650)
23:20:22   ▶ /_astro/lamia-33.CDNPnImE_ZYranp.webp (before: 15kB, after: 12kB) (+218ms) (1469/5650)
23:20:22   ▶ /_astro/lamia-37.B22oPka3_HD728.webp (before: 20kB, after: 22kB) (+290ms) (1470/5650)
23:20:23   ▶ /_astro/lamia-34.QALkz-XW_2cYzuL.avif (before: 16kB, after: 2kB) (+602ms) (1471/5650)
23:20:23   ▶ /_astro/lamia-35.CbUKDWMN_28XM8P.avif (before: 9kB, after: 4kB) (+1.81s) (1472/5650)
23:20:23   ▶ /_astro/lamia-35.CbUKDWMN_18LTv6.avif (before: 9kB, after: 1kB) (+256ms) (1473/5650)
23:20:24   ▶ /_astro/lamia-35.CbUKDWMN_23vUsP.avif (before: 9kB, after: 2kB) (+577ms) (1474/5650)
23:20:24   ▶ /_astro/lamia-35.CbUKDWMN_2vKcvw.webp (before: 9kB, after: 12kB) (+228ms) (1475/5650)
23:20:24   ▶ /_astro/lamia-35.CbUKDWMN_1rcG1T.webp (before: 9kB, after: 1kB) (+91ms) (1476/5650)
23:20:24   ▶ /_astro/lamia-35.CbUKDWMN_2lVGYD.webp (before: 9kB, after: 4kB) (+125ms) (1477/5650)
23:20:24   ▶ /_astro/lamia-34.QALkz-XW_Z1qcBFY.avif (before: 16kB, after: 5kB) (+1.82s) (1478/5650)
23:20:25   ▶ /_astro/lamia-34.QALkz-XW_kLYsC.webp (before: 16kB, after: 19kB) (+261ms) (1479/5650)
23:20:25   ▶ /_astro/lamia-34.QALkz-XW_2vpm1z.webp (before: 16kB, after: 5kB) (+135ms) (1480/5650)
23:20:25   ▶ /_astro/lamia-34.QALkz-XW_Z2euK9W.webp (before: 16kB, after: 13kB) (+208ms) (1481/5650)
23:20:25   ▶ /_astro/lamia-38.BRLzUSda_2vAwwx.webp (before: 20kB, after: 36kB) (+659ms) (1482/5650)
23:20:25   ▶ /_astro/lamia-36.iaGX1E08_pKK44.avif (before: 21kB, after: 10kB) (+3.18s) (1483/5650)
23:20:25   ▶ /_astro/lamia-37.B22oPka3_Z1hNhRw.avif (before: 20kB, after: 9kB) (+2.86s) (1484/5650)
23:20:25   ▶ /_astro/_MG_8609.BiQFEDP8_Frj5w.webp (before: 107kB, after: 39kB) (+346ms) (1485/5650)
23:20:26   ▶ /_astro/lamia-37.B22oPka3_2l4ekk.avif (before: 20kB, after: 2kB) (+418ms) (1486/5650)
23:20:26   ▶ /_astro/lamia-36.iaGX1E08_Zod46R.avif (before: 21kB, after: 4kB) (+674ms) (1487/5650)
23:20:27   ▶ /_astro/lamia-37.B22oPka3_Z1OnSvR.avif (before: 20kB, after: 4kB) (+1.12s) (1488/5650)
23:20:27   ▶ /_astro/lamia-37.B22oPka3_ZU1RuP.webp (before: 20kB, after: 22kB) (+267ms) (1489/5650)
23:20:27   ▶ /_astro/lamia-37.B22oPka3_Z2qH7WN.webp (before: 20kB, after: 3kB) (+125ms) (1490/5650)
23:20:27   ▶ /_astro/lamia-37.B22oPka3_Z1vX704.webp (before: 20kB, after: 9kB) (+161ms) (1491/5650)
23:20:28   ▶ /_astro/IMG_4071.BPZgZ9Un_1mIj5G.webp (before: 51kB, after: 70kB) (+670ms) (1492/5650)
23:20:28   ▶ /_astro/lamia-38.BRLzUSda_Z2gBG8.avif (before: 20kB, after: 9kB) (+2.94s) (1493/5650)
23:20:28   ▶ /_astro/lamia-36.iaGX1E08_12LRvj.avif (before: 21kB, after: 8kB) (+2.28s) (1494/5650)
23:20:28   ▶ /_astro/lamia-36.iaGX1E08_MxaqK.webp (before: 21kB, after: 24kB) (+264ms) (1495/5650)
23:20:28   ▶ /_astro/lamia-36.iaGX1E08_Z5MhA4.webp (before: 21kB, after: 7kB) (+143ms) (1496/5650)
23:20:29   ▶ /_astro/lamia-38.BRLzUSda_Z2nbVrG.avif (before: 20kB, after: 3kB) (+634ms) (1497/5650)
23:20:29   ▶ /_astro/lamia-36.iaGX1E08_etJ2l.webp (before: 21kB, after: 17kB) (+219ms) (1498/5650)
23:20:30   ▶ /_astro/2024_09_07_Paternelle_Oz_YannisCrettenand_DSCF0659.CzC4MD72_1DEzz3.webp (before: 756kB, after: 878kB) (+1.27s) (1499/5650)
23:20:31   ▶ /_astro/_MG_8609.BiQFEDP8_Z1k05O8.avif (before: 107kB, after: 16kB) (+5.23s) (1500/5650)
23:20:31   ▶ /_astro/lamia-38.BRLzUSda_ZVbYOv.avif (before: 20kB, after: 7kB) (+2.03s) (1501/5650)
23:20:31   ▶ /_astro/lamia-38.BRLzUSda_kuMFy.webp (before: 20kB, after: 21kB) (+273ms) (1502/5650)
23:20:31   ▶ /_astro/lamia-38.BRLzUSda_Z24L9US.webp (before: 20kB, after: 6kB) (+145ms) (1503/5650)
23:20:31   ▶ /_astro/_MG_8609.BiQFEDP8_1PXJlv.avif (before: 107kB, after: 3kB) (+553ms) (1504/5650)
23:20:31   ▶ /_astro/lamia-38.BRLzUSda_Z1Ju8it.webp (before: 20kB, after: 14kB) (+221ms) (1505/5650)
23:20:32   ▶ /_astro/2024_09_07_Paternelle_Oz_YannisCrettenand_DSCF0666.BlYvzjU1_Z1BmAnP.webp (before: 598kB, after: 641kB) (+1.16s) (1506/5650)
23:20:33   ▶ /_astro/_MG_8609.BiQFEDP8_Z2jtnuG.avif (before: 107kB, after: 7kB) (+1.74s) (1507/5650)
23:20:33   ▶ /_astro/_MG_8609.BiQFEDP8_ZWdFrr.webp (before: 107kB, after: 39kB) (+343ms) (1508/5650)
23:20:33   ▶ /_astro/_MG_8609.BiQFEDP8_29ovRj.webp (before: 107kB, after: 6kB) (+181ms) (1509/5650)
23:20:34   ▶ /_astro/IMG_4071.BPZgZ9Un_Z1zQg70.avif (before: 51kB, after: 20kB) (+5.65s) (1510/5650)
23:20:34   ▶ /_astro/_MG_8609.BiQFEDP8_Z213AXS.webp (before: 107kB, after: 15kB) (+224ms) (1511/5650)
23:20:34   ▶ /_astro/2024_09_07_Paternelle_Oz_YannisCrettenand_DSCF0670.BWIn83mD_QDwt0.webp (before: 323kB, after: 279kB) (+574ms) (1512/5650)
23:20:34   ▶ /_astro/IMG_4071.BPZgZ9Un_1OfWIQ.avif (before: 51kB, after: 4kB) (+659ms) (1513/5650)
23:20:37   ▶ /_astro/IMG_4071.BPZgZ9Un_Z2cRFQH.avif (before: 51kB, after: 12kB) (+3.04s) (1514/5650)
23:20:38   ▶ /_astro/IMG_4071.BPZgZ9Un_Z1d4PJj.webp (before: 51kB, after: 50kB) (+340ms) (1515/5650)
23:20:38   ▶ /_astro/IMG_4071.BPZgZ9Un_27FJfE.webp (before: 51kB, after: 10kB) (+159ms) (1516/5650)
23:20:38   ▶ /_astro/IMG_4071.BPZgZ9Un_241jtg.webp (before: 51kB, after: 28kB) (+239ms) (1517/5650)
23:20:39   ▶ /_astro/2024_09_07_Paternelle_Oz_YannisCrettenand_DSCF0697.D1vIx7DB_2jKUO7.webp (before: 577kB, after: 476kB) (+734ms) (1518/5650)
23:20:43   ▶ /_astro/2024_09_07_Paternelle_Oz_YannisCrettenand_DSCF0670.BWIn83mD_ZJLnql.avif (before: 323kB, after: 161kB) (+9.33s) (1519/5650)
23:20:46   ▶ /_astro/2024_09_07_Paternelle_Oz_YannisCrettenand_DSCF0670.BWIn83mD_Z2qXQuy.avif (before: 323kB, after: 27kB) (+2.35s) (1520/5650)
23:20:47   ▶ /_astro/2024_09_07_Paternelle_Oz_YannisCrettenand_DSCF0659.CzC4MD72_Z1WYhid.avif (before: 756kB, after: 441kB) (+16.61s) (1521/5650)
23:20:48   ▶ /_astro/2024_09_07_Paternelle_Oz_YannisCrettenand_DSCF0666.BlYvzjU1_Z8Ojra.avif (before: 598kB, after: 323kB) (+15.62s) (1522/5650)
23:20:49   ▶ /_astro/2024_09_07_Paternelle_Oz_YannisCrettenand_DSCF0659.CzC4MD72_24hlpz.avif (before: 756kB, after: 54kB) (+2.47s) (1523/5650)
23:20:50   ▶ /_astro/2024_09_07_Paternelle_Oz_YannisCrettenand_DSCF0670.BWIn83mD_dG8f6.avif (before: 323kB, after: 72kB) (+3.90s) (1524/5650)
23:20:50   ▶ /_astro/2024_09_07_Paternelle_Oz_YannisCrettenand_DSCF0670.BWIn83mD_1YJANN.webp (before: 323kB, after: 279kB) (+603ms) (1525/5650)
23:20:50   ▶ /_astro/2024_09_07_Paternelle_Oz_YannisCrettenand_DSCF0666.BlYvzjU1_Z19fJkH.avif (before: 598kB, after: 60kB) (+2.40s) (1526/5650)
23:20:51   ▶ /_astro/2024_09_07_Paternelle_Oz_YannisCrettenand_DSCF0670.BWIn83mD_EYw6N.webp (before: 323kB, after: 35kB) (+295ms) (1527/5650)
23:20:51   ▶ /_astro/2024_09_07_Paternelle_Oz_YannisCrettenand_DSCF0670.BWIn83mD_Z1JwBWt.webp (before: 323kB, after: 108kB) (+366ms) (1528/5650)
23:20:52   ▶ /_astro/2024_09_07_Paternelle_Oz_YannisCrettenand_DSCF0756.CywegnPi_1bKSzy.webp (before: 629kB, after: 763kB) (+1.20s) (1529/5650)
23:20:54   ▶ /_astro/2024_09_07_Paternelle_Oz_YannisCrettenand_DSCF0697.D1vIx7DB_Hl0TL.avif (before: 577kB, after: 334kB) (+15.10s) (1530/5650)
23:20:55   ▶ /_astro/2024_09_07_Paternelle_Oz_YannisCrettenand_DSCF0697.D1vIx7DB_Z153lSn.avif (before: 577kB, after: 28kB) (+1.45s) (1531/5650)
23:20:57   ▶ /_astro/2024_09_07_Paternelle_Oz_YannisCrettenand_DSCF0659.CzC4MD72_cj96b.avif (before: 756kB, after: 209kB) (+7.65s) (1532/5650)
23:20:58   ▶ /_astro/2024_09_07_Paternelle_Oz_YannisCrettenand_DSCF0659.CzC4MD72_LwGVV.webp (before: 756kB, after: 621kB) (+839ms) (1533/5650)
23:20:58   ▶ /_astro/2024_09_07_Paternelle_Oz_YannisCrettenand_DSCF0666.BlYvzjU1_23Xc9P.avif (before: 598kB, after: 177kB) (+7.26s) (1534/5650)
23:20:58   ▶ /_astro/2024_09_07_Paternelle_Oz_YannisCrettenand_DSCF0659.CzC4MD72_63Ad0.webp (before: 756kB, after: 74kB) (+477ms) (1535/5650)
23:20:58   ▶ /_astro/2024_09_07_Paternelle_Oz_YannisCrettenand_DSCF0666.BlYvzjU1_Z2tut0W.webp (before: 598kB, after: 473kB) (+760ms) (1536/5650)
23:20:59   ▶ /_astro/2024_09_07_Paternelle_Oz_YannisCrettenand_DSCF0659.CzC4MD72_7HowB.webp (before: 756kB, after: 291kB) (+631ms) (1537/5650)
23:20:59   ▶ /_astro/2024_09_07_Paternelle_Oz_YannisCrettenand_DSCF0666.BlYvzjU1_1WHDgE.webp (before: 598kB, after: 75kB) (+443ms) (1538/5650)
23:20:59   ▶ /_astro/2024_09_07_Paternelle_Oz_YannisCrettenand_DSCF0697.D1vIx7DB_1zBCQh.avif (before: 577kB, after: 109kB) (+4.15s) (1539/5650)
23:20:59   ▶ /_astro/2024_09_07_Paternelle_Oz_YannisCrettenand_DSCF0666.BlYvzjU1_1YmrAg.webp (before: 598kB, after: 241kB) (+573ms) (1540/5650)
23:21:00   ▶ /_astro/2024_09_07_Paternelle_Oz_YannisCrettenand_DSCF0760.ela4aQTG_2lwD5u.webp (before: 717kB, after: 852kB) (+1.27s) (1541/5650)
23:21:00   ▶ /_astro/2024_09_07_Paternelle_Oz_YannisCrettenand_DSCF0697.D1vIx7DB_Z1Ck8E1.webp (before: 577kB, after: 476kB) (+735ms) (1542/5650)
23:21:01   ▶ /_astro/2024_09_07_Paternelle_Oz_YannisCrettenand_DSCF0697.D1vIx7DB_21U1HY.webp (before: 577kB, after: 39kB) (+401ms) (1543/5650)
23:21:01   ▶ /_astro/2024_09_07_Paternelle_Oz_YannisCrettenand_DSCF0762.Xfy1vFwU_ZnXvK3.webp (before: 609kB, after: 726kB) (+1.19s) (1544/5650)
23:21:01   ▶ /_astro/2024_09_07_Paternelle_Oz_YannisCrettenand_DSCF0697.D1vIx7DB_ZnB7li.webp (before: 577kB, after: 144kB) (+472ms) (1545/5650)
23:21:02   ▶ /_astro/2024_09_07_Paternelle_Oz_YannisCrettenand_DSCF0788.DjwV-sWD_tyyxs.webp (before: 657kB, after: 768kB) (+1.21s) (1546/5650)
23:21:07   ▶ /_astro/2024_09_07_Paternelle_Oz_YannisCrettenand_DSCF0756.CywegnPi_Z2pRXhH.avif (before: 629kB, after: 362kB) (+14.38s) (1547/5650)
23:21:09   ▶ /_astro/2024_09_07_Paternelle_Oz_YannisCrettenand_DSCF0756.CywegnPi_1olSl7.avif (before: 629kB, after: 53kB) (+2.29s) (1548/5650)
23:21:15   ▶ /_astro/2024_09_07_Paternelle_Oz_YannisCrettenand_DSCF0762.Xfy1vFwU_14yKbC.avif (before: 609kB, after: 343kB) (+13.90s) (1549/5650)
23:21:15   ▶ /_astro/2024_09_07_Paternelle_Oz_YannisCrettenand_DSCF0760.ela4aQTG_Z1g7dLL.avif (before: 717kB, after: 425kB) (+15.48s) (1550/5650)
23:21:16   ▶ /_astro/2024_09_07_Paternelle_Oz_YannisCrettenand_DSCF0756.CywegnPi_ZsBiXh.avif (before: 629kB, after: 189kB) (+7.41s) (1551/5650)
23:21:17   ▶ /_astro/2024_09_07_Paternelle_Oz_YannisCrettenand_DSCF0762.Xfy1vFwU_1levRT.avif (before: 609kB, after: 51kB) (+2.28s) (1552/5650)
23:21:17   ▶ /_astro/2024_09_07_Paternelle_Oz_YannisCrettenand_DSCF0788.DjwV-sWD_1W6Pu8.avif (before: 657kB, after: 381kB) (+14.59s) (1553/5650)
23:21:17   ▶ /_astro/2024_09_07_Paternelle_Oz_YannisCrettenand_DSCF0756.CywegnPi_jD0Wr.webp (before: 629kB, after: 548kB) (+771ms) (1554/5650)
23:21:17   ▶ /_astro/2024_09_07_Paternelle_Oz_YannisCrettenand_DSCF0756.CywegnPi_ZyQQQs.webp (before: 629kB, after: 74kB) (+429ms) (1555/5650)
23:21:18   ▶ /_astro/2024_09_07_Paternelle_Oz_YannisCrettenand_DSCF0760.ela4aQTG_Z2uvfVR.avif (before: 717kB, after: 53kB) (+2.36s) (1556/5650)
23:21:18   ▶ /_astro/2024_09_07_Paternelle_Oz_YannisCrettenand_DSCF0756.CywegnPi_Zxd3wQ.webp (before: 629kB, after: 274kB) (+574ms) (1557/5650)
23:21:19   ▶ /_astro/2024_09_07_Paternelle_Oz_YannisCrettenand_DSCF0788.DjwV-sWD_2m0e58.avif (before: 657kB, after: 49kB) (+2.24s) (1558/5650)
23:21:19   ▶ /_astro/2024_09_07_Paternelle_Oz_YannisCrettenand_DSCF0827.DFeZAQwp_1RmSaU.webp (before: 674kB, after: 739kB) (+1.19s) (1559/5650)
error: script "build" was terminated by signal SIGHUP (Terminal hung up)
